Component: ARM Compiler 5.06 update 7 (build 960) Tool: armlink [4d3601]

==============================================================================

Section Cross References

    main.o(.text) refers to bsp.o(.text) for Bsp_Init
    main.o(.text) refers to key.o(.text) for key_Get
    main.o(.text) refers to ad.o(.text) for rocker_Get
    main.o(.text) refers to nrf24l01.o(.text) for NRF24L01_Data
    main.o(.text) refers to oled.o(.text) for OLED_Clear
    main.o(.text) refers to bsp.o(.data) for timer
    main.o(.text) refers to key.o(.data) for Key
    main.o(.text) refers to ad.o(.data) for L_Z
    main.o(.text) refers to nrf24l01.o(.data) for communication_quality
    system_stm32f10x.o(.text) refers to system_stm32f10x.o(.data) for SystemCoreClock
    timer_1.o(.text) refers to stm32f10x_rcc.o(.text) for RCC_APB2PeriphClockCmd
    timer_1.o(.text) refers to stm32f10x_tim.o(.text) for TIM_InternalClockConfig
    timer_1.o(.text) refers to misc.o(.text) for NVIC_PriorityGroupConfig
    usart.o(.rev16_text) refers (Special) to use_no_semi_2.o(.text) for __use_no_semihosting
    usart.o(.revsh_text) refers (Special) to use_no_semi_2.o(.text) for __use_no_semihosting
    usart.o(.rrx_text) refers (Special) to use_no_semi_2.o(.text) for __use_no_semihosting
    usart.o(.text) refers (Special) to use_no_semi_2.o(.text) for __use_no_semihosting
    usart.o(.text) refers to _printf_percent.o(.ARM.Collect$$_printf_percent$$00000000) for _printf_percent
    usart.o(.text) refers to _printf_u.o(.ARM.Collect$$_printf_percent$$0000000A) for _printf_u
    usart.o(.text) refers to _printf_dec.o(.text) for _printf_int_dec
    usart.o(.text) refers to stm32f10x_usart.o(.text) for USART_SendData
    usart.o(.text) refers to __2sprintf.o(.text) for __2sprintf
    usart.o(.text) refers to vsprintf.o(.text) for vsprintf
    usart.o(.text) refers to rt_memclr.o(.text) for __aeabi_memclr
    usart.o(.bss) refers (Special) to use_no_semi_2.o(.text) for __use_no_semihosting
    usart.o(.data) refers (Special) to use_no_semi_2.o(.text) for __use_no_semihosting
    bsp.o(.text) refers to ad.o(.text) for AD_Init
    bsp.o(.text) refers to timer_1.o(.text) for Timer_1_Init
    bsp.o(.text) refers to led.o(.text) for LED_Init
    bsp.o(.text) refers to key.o(.text) for Key_Init
    bsp.o(.text) refers to oled.o(.text) for OLED_Init
    bsp.o(.text) refers to nrf24l01.o(.text) for NRF24L01_Init
    control_task.o(.text) refers to stm32f10x_tim.o(.text) for TIM_GetITStatus
    control_task.o(.text) refers to key.o(.text) for Key_Tick
    control_task.o(.text) refers to control_task.o(.data) for Count0
    control_task.o(.text) refers to nrf24l01.o(.data) for NRF24L01_Flag
    control_task.o(.text) refers to bsp.o(.data) for timer
    nrf24l01.o(.text) refers to stm32f10x_gpio.o(.text) for GPIO_WriteBit
    nrf24l01.o(.text) refers to stm32f10x_rcc.o(.text) for RCC_APB2PeriphClockCmd
    nrf24l01.o(.text) refers to nrf24l01.o(.data) for NRF24L01_RxAddress
    nrf24l01.o(.text) refers to nrf24l01.o(.bss) for NRF24L01_TxPacket
    nrf24l01.o(.text) refers to ad.o(.text) for CalculateSuccessRatio
    nrf24l01.o(.text) refers to key.o(.data) for Key
    nrf24l01.o(.text) refers to ad.o(.data) for L_Z
    ad.o(.text) refers to stm32f10x_rcc.o(.text) for RCC_APB2PeriphClockCmd
    ad.o(.text) refers to stm32f10x_gpio.o(.text) for GPIO_Init
    ad.o(.text) refers to stm32f10x_adc.o(.text) for ADC_Init
    ad.o(.text) refers to fflt_clz.o(x$fpl$ffltu) for __aeabi_ui2f
    ad.o(.text) refers to fdiv.o(x$fpl$fdiv) for __aeabi_fdiv
    ad.o(.text) refers to f2d.o(x$fpl$f2d) for __aeabi_f2d
    ad.o(.text) refers to dmul.o(x$fpl$dmul) for __aeabi_dmul
    ad.o(.text) refers to d2f.o(x$fpl$d2f) for __aeabi_d2f
    ad.o(.text) refers to daddsub_clz.o(x$fpl$dsub) for __aeabi_dsub
    ad.o(.text) refers to ad.o(.bss) for SendFlagArray
    ad.o(.text) refers to ad.o(.data) for p
    key.o(.text) refers to stm32f10x_rcc.o(.text) for RCC_APB2PeriphClockCmd
    key.o(.text) refers to stm32f10x_gpio.o(.text) for GPIO_PinRemapConfig
    key.o(.text) refers to key.o(.data) for Key_Num
    usart_1.o(.text) refers to stm32f10x_rcc.o(.text) for RCC_APB2PeriphClockCmd
    usart_1.o(.text) refers to stm32f10x_gpio.o(.text) for GPIO_Init
    usart_1.o(.text) refers to stm32f10x_usart.o(.text) for USART_Init
    usart_1.o(.text) refers to misc.o(.text) for NVIC_PriorityGroupConfig
    usart_1.o(.text) refers to usart_1.o(.data) for USART1_Data
    led.o(.text) refers to stm32f10x_rcc.o(.text) for RCC_APB2PeriphClockCmd
    led.o(.text) refers to stm32f10x_gpio.o(.text) for GPIO_PinRemapConfig
    oled.o(.text) refers to stm32f10x_gpio.o(.text) for GPIO_WriteBit
    oled.o(.text) refers to stm32f10x_rcc.o(.text) for RCC_APB2PeriphClockCmd
    oled.o(.text) refers to dflt_clz.o(x$fpl$dflt) for __aeabi_i2d
    oled.o(.text) refers to atan2.o(i.atan2) for atan2
    oled.o(.text) refers to ddiv.o(x$fpl$ddiv) for __aeabi_ddiv
[...]
    _printf_ls                               0x080001e7   Thumb Code     0  _printf_ls.o(.ARM.Collect$$_printf_percent$$00000016)
    _printf_percent_end                      0x080001ed   Thumb Code     0  _printf_percent_end.o(.ARM.Collect$$_printf_percent$$00000017)
    __rt_lib_init                            0x080001f1   Thumb Code     0  libinit.o(.ARM.Collect$$libinit$$00000000)
    __rt_lib_init_fp_1                       0x080001f3   Thumb Code     0  libinit2.o(.ARM.Collect$$libinit$$00000002)
    __rt_lib_init_heap_1                     0x080001f3   Thumb Code     0  libinit2.o(.ARM.Collect$$libinit$$0000000A)
    __rt_lib_init_lc_common                  0x080001f3   Thumb Code     0  libinit2.o(.ARM.Collect$$libinit$$0000000F)
    __rt_lib_init_preinit_1                  0x080001f3   Thumb Code     0  libinit2.o(.ARM.Collect$$libinit$$00000004)
    __rt_lib_init_rand_1                     0x080001f3   Thumb Code     0  libinit2.o(.ARM.Collect$$libinit$$0000000E)
    __rt_lib_init_user_alloc_1               0x080001f3   Thumb Code     0  libinit2.o(.ARM.Collect$$libinit$$0000000C)
    __rt_lib_init_lc_collate_1               0x080001f9   Thumb Code     0  libinit2.o(.ARM.Collect$$libinit$$00000011)
    __rt_lib_init_lc_ctype_2                 0x080001f9   Thumb Code     0  libinit2.o(.ARM.Collect$$libinit$$00000012)
    __rt_lib_init_lc_ctype_1                 0x08000205   Thumb Code     0  libinit2.o(.ARM.Collect$$libinit$$00000013)
    __rt_lib_init_lc_monetary_1              0x08000205   Thumb Code     0  libinit2.o(.ARM.Collect$$libinit$$00000015)
    __rt_lib_init_lc_numeric_2               0x08000205   Thumb Code     0  libinit2.o(.ARM.Collect$$libinit$$00000016)
    __rt_lib_init_alloca_1                   0x0800020f   Thumb Code     0  libinit2.o(.ARM.Collect$$libinit$$0000002E)
    __rt_lib_init_argv_1                     0x0800020f   Thumb Code     0  libinit2.o(.ARM.Collect$$libinit$$0000002C)
    __rt_lib_init_atexit_1                   0x0800020f   Thumb Code     0  libinit2.o(.ARM.Collect$$libinit$$0000001B)
    __rt_lib_init_clock_1                    0x0800020f   Thumb Code     0  libinit2.o(.ARM.Collect$$libinit$$00000021)
    __rt_lib_init_cpp_1                      0x0800020f   Thumb Code     0  libinit2.o(.ARM.Collect$$libinit$$00000032)
    __rt_lib_init_exceptions_1               0x0800020f   Thumb Code     0  libinit2.o(.ARM.Collect$$libinit$$00000030)
    __rt_lib_init_fp_trap_1                  0x0800020f   Thumb Code     0  libinit2.o(.ARM.Collect$$libinit$$0000001F)
    __rt_lib_init_getenv_1                   0x0800020f   Thumb Code     0  libinit2.o(.ARM.Collect$$libinit$$00000023)
    __rt_lib_init_lc_numeric_1               0x0800020f   Thumb Code     0  libinit2.o(.ARM.Collect$$libinit$$00000017)
    __rt_lib_init_lc_time_1                  0x0800020f   Thumb Code     0  libinit2.o(.ARM.Collect$$libinit$$00000019)
    __rt_lib_init_return                     0x0800020f   Thumb Code     0  libinit2.o(.ARM.Collect$$libinit$$00000033)
    __rt_lib_init_signal_1                   0x0800020f   Thumb Code     0  libinit2.o(.ARM.Collect$$libinit$$0000001D)
    __rt_lib_init_stdio_1                    0x0800020f   Thumb Code     0  libinit2.o(.ARM.Collect$$libinit$$00000025)
    __rt_lib_shutdown                        0x08000211   Thumb Code     0  libshutdown.o(.ARM.Collect$$libshutdown$$00000000)
    __rt_lib_shutdown_cpp_1                  0x08000213   Thumb Code     0  libshutdown2.o(.ARM.Collect$$libshutdown$$00000004)
    __rt_lib_shutdown_fini_1                 0x08000213   Thumb Code     0  libshutdown2.o(.ARM.Collect$$libshutdown$$00000002)
    __rt_lib_shutdown_fp_trap_1              0x08000213   Thumb Code     0  libshutdown2.o(.ARM.Collect$$libshutdown$$00000009)
    __rt_lib_shutdown_heap_1                 0x08000213   Thumb Code     0  libshutdown2.o(.ARM.Collect$$libshutdown$$00000011)
    __rt_lib_shutdown_return                 0x08000213   Thumb Code     0  libshutdown2.o(.ARM.Collect$$libshutdown$$00000012)
    __rt_lib_shutdown_signal_1               0x08000213   Thumb Code     0  libshutdown2.o(.ARM.Collect$$libshutdown$$0000000C)
    __rt_lib_shutdown_stdio_1                0x08000213   Thumb Code     0  libshutdown2.o(.ARM.Collect$$libshutdown$$00000006)
    __rt_lib_shutdown_user_alloc_1           0x08000213   Thumb Code     0  libshutdown2.o(.ARM.Collect$$libshutdown$$0000000E)
    __rt_entry                               0x08000215   Thumb Code     0  __rtentry.o(.ARM.Collect$$rtentry$$00000000)
    __rt_entry_presh_1                       0x08000215   Thumb Code     0  __rtentry2.o(.ARM.Collect$$rtentry$$00000002)
    __rt_entry_sh                            0x08000215   Thumb Code     0  __rtentry4.o(.ARM.Collect$$rtentry$$00000004)
    __rt_entry_li                            0x0800021b   Thumb Code     0  __rtentry2.o(.ARM.Collect$$rtentry$$0000000A)
    __rt_entry_postsh_1                      0x0800021b   Thumb Code     0  __rtentry2.o(.ARM.Collect$$rtentry$$00000009)
    __rt_entry_main                          0x0800021f   Thumb Code     0  __rtentry2.o(.ARM.Collect$$rtentry$$0000000D)
    __rt_entry_postli_1                      0x0800021f   Thumb Code     0  __rtentry2.o(.ARM.Collect$$rtentry$$0000000C)
    __rt_exit                                0x08000227   Thumb Code     0  rtexit.o(.ARM.Collect$$rtexit$$00000000)
    __rt_exit_ls                             0x08000229   Thumb Code     0  rtexit2.o(.ARM.Collect$$rtexit$$00000003)
    __rt_exit_prels_1                        0x08000229   Thumb Code     0  rtexit2.o(.ARM.Collect$$rtexit$$00000002)
    __rt_exit_exit                           0x0800022d   Thumb Code     0  rtexit2.o(.ARM.Collect$$rtexit$$00000004)
    main                                     0x08000235   Thumb Code   206  main.o(.text)
    NMI_Handler                              0x08000341   Thumb Code     2  stm32f10x_it.o(.text)
    HardFault_Handler                        0x08000343   Thumb Code     4  stm32f10x_it.o(.text)
    MemManage_Handler                        0x08000347   Thumb Code     4  stm32f10x_it.o(.text)
    BusFault_Handler                         0x0800034b   Thumb Code     4  stm32f10x_it.o(.text)
    UsageFault_Handler                       0x0800034f   Thumb Code     4  stm32f10x_it.o(.text)
    SVC_Handler                              0x08000353   Thumb Code     2  stm32f10x_it.o(.text)
    DebugMon_Handler                         0x08000355   Thumb Code     2  stm32f10x_it.o(.text)
    PendSV_Handler                           0x08000357   Thumb Code     2  stm32f10x_it.o(.text)
    SysTick_Handler                          0x08000359   Thumb Code     2  stm32f10x_it.o(.text)
    SystemInit                               0x0800043b   Thumb Code    78  system_stm32f10x.o(.text)
    SystemCoreClockUpdate                    0x08000489   Thumb Code   142  system_stm32f10x.o(.text)
    Timer_1_Init                             0x0800053d   Thumb Code   120  timer_1.o(.text)
    _sys_exit                                0x080005b9   Thumb Code     4  usart.o(.text)
    usart_send_byte                          0x080005bd   Thumb Code    30  usart.o(.text)
    fputc                                    0x080005db   Thumb Code    18  usart.o(.text)
    usart_SendString                         0x080005ed   Thumb Code    30  usart.o(.text)
    usart_send_number                        0x0800060b   Thumb Code    26  usart.o(.text)
    usart_pow                                0x08000625   Thumb Code    20  usart.o(.text)
    usart_send_array                         0x08000639   Thumb Code    34  usart.o(.text)
    usart_printf                             0x0800065b   Thumb Code    42  usart.o(.text)
    usart_Dispose_Data                       0x08000685   Thumb Code   354  usart.o(.text)
    USART_Deal                               0x080007e7   Thumb Code    20  usart.o(.text)
    Bsp_Init                                 0x08000805   Thumb Code    28  bsp.o(.text)
    TIM1_UP_IRQHandler                       0x08000821   Thumb Code    94  control_task.o(.text)
    NRF24L01_W_CE                            0x08000895   Thumb Code    18  nrf24l01.o(.text)
    NRF24L01_W_CSN                           0x080008a7   Thumb Code    18  nrf24l01.o(.text)
    NRF24L01_W_SCK                           0x080008b9   Thumb Code    18  nrf24l01.o(.text)
    NRF24L01_W_MOSI                          0x080008cb   Thumb Code    18  nrf24l01.o(.text)
    NRF24L01_R_MISO                          0x080008dd   Thumb Code    14  nrf24l01.o(.text)
    NRF24L01_GPIO_Init                       0x080008eb   Thumb Code   116  nrf24l01.o(.text)
    NRF24L01_SPI_SwapByte                    0x0800095f   Thumb Code    66  nrf24l01.o(.text)
    NRF24L01_ReadReg                         0x080009a1   Thumb Code    34  nrf24l01.o(.text)
    NRF24L01_ReadRegs                        0x080009c3   Thumb Code    52  nrf24l01.o(.text)
    NRF24L01_WriteReg                        0x080009f7   Thumb Code    34  nrf24l01.o(.text)
    NRF24L01_WriteRegs                       0x08000a19   Thumb Code    52  nrf24l01.o(.text)
    NRF24L01_ReadRxPayload                   0x08000a4d   Thumb Code    46  nrf24l01.o(.text)
    NRF24L01_WriteTxPayload                  0x08000a7b   Thumb Code    44  nrf24l01.o(.text)
    NRF24L01_FlushTx                         0x08000aa7   Thumb Code    22  nrf24l01.o(.text)
    NRF24L01_FlushRx                         0x08000abd   Thumb Code    22  nrf24l01.o(.text)
    NRF24L01_ReadStatus                      0x08000ad3   Thumb Code    26  nrf24l01.o(.text)
    NRF24L01_PowerDown                       0x08000aed   Thumb Code    38  nrf24l01.o(.text)
    NRF24L01_StandbyI                        0x08000b13   Thumb Code    38  nrf24l01.o(.text)
    NRF24L01_Rx                              0x08000b39   Thumb Code    44  nrf24l01.o(.text)
    NRF24L01_Tx                              0x08000b65   Thumb Code    48  nrf24l01.o(.text)
    NRF24L01_Init                            0x08000b95   Thumb Code   102  nrf24l01.o(.text)
    NRF24L01_Send                            0x08000bfb   Thumb Code   158  nrf24l01.o(.text)
    NRF24L01_Receive                         0x08000c99   Thumb Code    84  nrf24l01.o(.text)
    NRF24L01_UpdateRxAddress                 0x08000ced   Thumb Code    14  nrf24l01.o(.text)
    NRF24L01_Data                            0x08000cfb   Thumb Code    66  nrf24l01.o(.text)
    AD_Init                                  0x08000d61   Thumb Code   138  ad.o(.text)
    AD_GetValue                              0x08000deb   Thumb Code    46  ad.o(.text)
    DataProcess                              0x08000e19   Thumb Code    52  ad.o(.text)
    DataProcess_2                            0x08000e4d   Thumb Code    58  ad.o(.text)
    CalculateSuccessRatio                    0x08000e87   Thumb Code    68  ad.o(.text)
    rocker_Get                               0x08000ecb   Thumb Code   188  ad.o(.text)
    Key_Init                                 0x08000fc5   Thumb Code    90  key.o(.text)
    Key_GetNum                               0x0800101f   Thumb Code    24  key.o(.text)
    Key_GetState                             0x08001037   Thumb Code   118  key.o(.text)
    Key_Tick                                 0x080010ad   Thumb Code    62  key.o(.text)
    key_Get                                  0x080010eb   Thumb Code    20  key.o(.text)
    usart_1_Init                             0x08001121   Thumb Code   158  usart_1.o(.text)
    USART1_IRQHandler                        0x080011bf   Thumb Code    38  usart_1.o(.text)
    LED_Init                                 0x080011f1   Thumb Code    96  led.o(.text)
    OLED_W_SCL                               0x0800125d   Thumb Code    18  oled.o(.text)
    OLED_W_SDA                               0x0800126f   Thumb Code    18  oled.o(.text)
    OLED_GPIO_Init                           0x08001281   Thumb Code    74  oled.o(.text)
    OLED_I2C_Start                           0x080012cb   Thumb Code    28  oled.o(.text)
    OLED_I2C_Stop                            0x080012e7   Thumb Code    22  oled.o(.text)
    OLED_I2C_SendByte                        0x080012fd   Thumb Code    62  oled.o(.text)
    OLED_WriteCommand                        0x0800133b   Thumb Code    32  oled.o(.text)
    OLED_WriteData                           0x0800135b   Thumb Code    46  oled.o(.text)
    OLED_SetCursor                           0x08001389   Thumb Code    34  oled.o(.text)
    OLED_Update                              0x080013ab   Thumb Code    36  oled.o(.text)
    OLED_Clear                               0x080013cf   Thumb Code    36  oled.o(.text)
    OLED_Init                                0x080013f3   Thumb Code   154  oled.o(.text)
    OLED_Pow                                 0x0800148d   Thumb Code    20  oled.o(.text)
    OLED_pnpoly                              0x080014a1   Thumb Code   140  oled.o(.text)
    OLED_IsInAngle                           0x0800152d   Thumb Code   110  oled.o(.text)
    OLED_UpdateArea                          0x0800159b   Thumb Code   120  oled.o(.text)
    OLED_ClearArea                           0x08001613   Thumb Code   164  oled.o(.text)
    OLED_Reverse                             0x080016b7   Thumb Code    46  oled.o(.text)
    OLED_ReverseArea                         0x080016e5   Thumb Code   140  oled.o(.text)
    OLED_ShowImage                           0x08001771   Thumb Code   248  oled.o(.text)
    OLED_ShowChar                            0x08001869   Thumb Code    74  oled.o(.text)
    OLED_ShowString                          0x080018b3   Thumb Code   442  oled.o(.text)
    OLED_ShowNum                             0x08001a6d   Thumb Code    96  oled.o(.text)
    OLED_ShowSignedNum                       0x08001acd   Thumb Code   112  oled.o(.text)
    OLED_ShowHexNum                          0x08001b3d   Thumb Code    96  oled.o(.text)
    OLED_ShowBinNum                          0x08001b9d   Thumb Code    70  oled.o(.text)
    OLED_ShowFloatNum                        0x08001be3   Thumb Code   210  oled.o(.text)
    OLED_Printf                              0x08001cb5   Thumb Code    50  oled.o(.text)
    OLED_DrawPoint                           0x08001ce7   Thumb Code    76  oled.o(.text)
    OLED_GetPoint                            0x08001d33   Thumb Code    64  oled.o(.text)
    OLED_DrawLine                            0x08001d73   Thumb Code   374  oled.o(.text)
    OLED_DrawRectangle                       0x08001ee9   Thumb Code   142  oled.o(.text)
    OLED_DrawTriangle                        0x08001f77   Thumb Code   232  oled.o(.text)
    OLED_DrawCircle                          0x0800205f   Thumb Code   356  oled.o(.text)
    OLED_DrawEllipse                         0x080021c3   Thumb Code   806  oled.o(.text)
    OLED_DrawArc                             0x080024e9   Thumb Code   624  oled.o(.text)
    Reset_Handler                            0x08002759   Thumb Code     8  startup_stm32f10x_md.o(.text)
    ADC1_2_IRQHandler                        0x08002773   Thumb Code     0  startup_stm32f10x_md.o(.text)
    CAN1_RX1_IRQHandler                      0x08002773   Thumb Code     0  startup_stm32f10x_md.o(.text)
    CAN1_SCE_IRQHandler                      0x08002773   Thumb Code     0  startup_stm32f10x_md.o(.text)
    DMA1_Channel1_IRQHandler                 0x08002773   Thumb Code     0  startup_stm32f10x_md.o(.text)
    DMA1_Channel2_IRQHandler                 0x08002773   Thumb Code     0  startup_stm32f10x_md.o(.text)
    DMA1_Channel3_IRQHandler                 0x08002773   Thumb Code     0  startup_stm32f10x_md.o(.text)
    DMA1_Channel4_IRQHandler                 0x08002773   Thumb Code     0  startup_stm32f10x_md.o(.text)
    DMA1_Channel5_IRQHandler                 0x08002773   Thumb Code     0  startup_stm32f10x_md.o(.text)
    DMA1_Channel6_IRQHandler                 0x08002773   Thumb Code     0  startup_stm32f10x_md.o(.text)
    DMA1_Channel7_IRQHandler                 0x08002773   Thumb Code     0  startup_stm32f10x_md.o(.text)
    EXTI0_IRQHandler                         0x08002773   Thumb Code     0  startup_stm32f10x_md.o(.text)
    EXTI15_10_IRQHandler                     0x08002773   Thumb Code     0  startup_stm32f10x_md.o(.text)
    EXTI1_IRQHandler                         0x08002773   Thumb Code     0  startup_stm32f10x_md.o(.text)
    EXTI2_IRQHandler                         0x08002773   Thumb Code     0  startup_stm32f10x_md.o(.text)
    EXTI3_IRQHandler                         0x08002773   Thumb Code     0  startup_stm32f10x_md.o(.text)
    EXTI4_IRQHandler                         0x08002773   Thumb Code     0  startup_stm32f10x_md.o(.text)
    EXTI9_5_IRQHandler                       0x08002773   Thumb Code     0  startup_stm32f10x_md.o(.text)
    FLASH_IRQHandler                         0x08002773   Thumb Code     0  startup_stm32f10x_md.o(.text)
    I2C1_ER_IRQHandler                       0x08002773   Thumb Code     0  startup_stm32f10x_md.o(.text)
    I2C1_EV_IRQHandler                       0x08002773   Thumb Code     0  startup_stm32f10x_md.o(.text)
    I2C2_ER_IRQHandler                       0x08002773   Thumb Code     0  startup_stm32f10x_md.o(.text)
    I2C2_EV_IRQHandler                       0x08002773   Thumb Code     0  startup_stm32f10x_md.o(.text)
    PVD_IRQHandler                           0x08002773   Thumb Code     0  startup_stm32f10x_md.o(.text)
    RCC_IRQHandler                           0x08002773   Thumb Code     0  startup_stm32f10x_md.o(.text)
    RTCAlarm_IRQHandler                      0x08002773   Thumb Code     0  startup_stm32f10x_md.o(.text)
    RTC_IRQHandler                           0x08002773   Thumb Code     0  startup_stm32f10x_md.o(.text)
    SPI1_IRQHandler                          0x08002773   Thumb Code     0  startup_stm32f10x_md.o(.text)
    SPI2_IRQHandler                          0x08002773   Thumb Code     0  startup_stm32f10x_md.o(.text)
    TAMPER_IRQHandler                        0x08002773   Thumb Code     0  startup_stm32f10x_md.o(.text)
    TIM1_BRK_IRQHandler                      0x08002773   Thumb Code     0  startup_stm32f10x_md.o(.text)
    TIM1_CC_IRQHandler                       0x08002773   Thumb Code     0  startup_stm32f10x_md.o(.text)
    TIM1_TRG_COM_IRQHandler                  0x08002773   Thumb Code     0  startup_stm32f10x_md.o(.text)
    TIM2_IRQHandler                          0x08002773   Thumb Code     0  startup_stm32f10x_md.o(.text)
    TIM3_IRQHandler                          0x08002773   Thumb Code     0  startup_stm32f10x_md.o(.text)
    TIM4_IRQHandler                          0x08002773   Thumb Code     0  startup_stm32f10x_md.o(.text)
    USART2_IRQHandler                        0x08002773   Thumb Code     0  startup_stm32f10x_md.o(.text)
    USART3_IRQHandler                        0x08002773   Thumb Code     0  startup_stm32f10x_md.o(.text)
    USBWakeUp_IRQHandler                     0x08002773   Thumb Code     0  startup_stm32f10x_md.o(.text)
    USB_HP_CAN1_TX_IRQHandler                0x08002773   Thumb Code     0  startup_stm32f10x_md.o(.text)
    USB_LP_CAN1_RX0_IRQHandler               0x08002773   Thumb Code     0  startup_stm32f10x_md.o(.text)
    WWDG_IRQHandler                          0x08002773   Thumb Code     0  startup_stm32f10x_md.o(.text)
    __user_initial_stackheap                 0x08002775   Thumb Code     0  startup_stm32f10x_md.o(.text)
    NVIC_PriorityGroupConfig                 0x08002799   Thumb Code    10  misc.o(.text)
    NVIC_Init                                0x080027a3   Thumb Code   100  misc.o(.text)
    NVIC_SetVectorTable                      0x08002807   Thumb Code    14  misc.o(.text)
    NVIC_SystemLPConfig                      0x08002815   Thumb Code    34  misc.o(.text)
    SysTick_CLKSourceConfig                  0x08002837   Thumb Code    40  misc.o(.text)
    ADC_DeInit                               0x08002875   Thumb Code    78  stm32f10x_adc.o(.text)
    ADC_Init                                 0x080028c3   Thumb Code    70  stm32f10x_adc.o(.text)
    ADC_StructInit                           0x08002909   Thumb Code    18  stm32f10x_adc.o(.text)
    ADC_Cmd                                  0x0800291b   Thumb Code    22  stm32f10x_adc.o(.text)
    ADC_DMACmd                               0x08002931   Thumb Code    22  stm32f10x_adc.o(.text)
    ADC_ITConfig                             0x08002947   Thumb Code    24  stm32f10x_adc.o(.text)
    ADC_ResetCalibration                     0x0800295f   Thumb Code    10  stm32f10x_adc.o(.text)
    ADC_GetResetCalibrationStatus            0x08002969   Thumb Code    20  stm32f10x_adc.o(.text)
    ADC_StartCalibration                     0x0800297d   Thumb Code    10  stm32f10x_adc.o(.text)
    ADC_GetCalibrationStatus                 0x08002987   Thumb Code    20  stm32f10x_adc.o(.text)
    ADC_SoftwareStartConvCmd                 0x0800299b   Thumb Code    22  stm32f10x_adc.o(.text)
    ADC_GetSoftwareStartConvStatus           0x080029b1   Thumb Code    20  stm32f10x_adc.o(.text)
    ADC_DiscModeChannelCountConfig           0x080029c5   Thumb Code    24  stm32f10x_adc.o(.text)
    ADC_DiscModeCmd                          0x080029dd   Thumb Code    22  stm32f10x_adc.o(.text)
    ADC_RegularChannelConfig                 0x080029f3   Thumb Code   184  stm32f10x_adc.o(.text)
    ADC_ExternalTrigConvCmd                  0x08002aab   Thumb Code    22  stm32f10x_adc.o(.text)
    ADC_GetConversionValue                   0x08002ac1   Thumb Code     8  stm32f10x_adc.o(.text)
    ADC_GetDualModeConversionValue           0x08002ac9   Thumb Code     8  stm32f10x_adc.o(.text)
    ADC_AutoInjectedConvCmd                  0x08002ad1   Thumb Code    22  stm32f10x_adc.o(.text)
    ADC_InjectedDiscModeCmd                  0x08002ae7   Thumb Code    22  stm32f10x_adc.o(.text)
    ADC_ExternalTrigInjectedConvConfig       0x08002afd   Thumb Code    16  stm32f10x_adc.o(.text)
    ADC_ExternalTrigInjectedConvCmd          0x08002b0d   Thumb Code    22  stm32f10x_adc.o(.text)
    ADC_SoftwareStartInjectedConvCmd         0x08002b23   Thumb Code    22  stm32f10x_adc.o(.text)
    ADC_GetSoftwareStartInjectedConvCmdStatus 0x08002b39   Thumb Code    20  stm32f10x_adc.o(.text)
    ADC_InjectedChannelConfig                0x08002b4d   Thumb Code   130  stm32f10x_adc.o(.text)
    ADC_InjectedSequencerLengthConfig        0x08002bcf   Thumb Code    24  stm32f10x_adc.o(.text)
    ADC_SetInjectedOffset                    0x08002be7   Thumb Code    20  stm32f10x_adc.o(.text)
    ADC_GetInjectedConversionValue           0x08002bfb   Thumb Code    28  stm32f10x_adc.o(.text)
    ADC_AnalogWatchdogCmd                    0x08002c17   Thumb Code    16  stm32f10x_adc.o(.text)
    ADC_AnalogWatchdogThresholdsConfig       0x08002c27   Thumb Code     6  stm32f10x_adc.o(.text)
    ADC_AnalogWatchdogSingleChannelConfig    0x08002c2d   Thumb Code    16  stm32f10x_adc.o(.text)
    ADC_TempSensorVrefintCmd                 0x08002c3d   Thumb Code    64  stm32f10x_adc.o(.text)
    ADC_GetFlagStatus                        0x08002c7d   Thumb Code    18  stm32f10x_adc.o(.text)
    ADC_ClearFlag                            0x08002c8f   Thumb Code     6  stm32f10x_adc.o(.text)
    ADC_GetITStatus                          0x08002c95   Thumb Code    36  stm32f10x_adc.o(.text)
    ADC_ClearITPendingBit                    0x08002cb9   Thumb Code    10  stm32f10x_adc.o(.text)
    GPIO_DeInit                              0x08002cc5   Thumb Code   172  stm32f10x_gpio.o(.text)
    GPIO_AFIODeInit                          0x08002d71   Thumb Code    20  stm32f10x_gpio.o(.text)
    GPIO_Init                                0x08002d85   Thumb Code   278  stm32f10x_gpio.o(.text)
    GPIO_StructInit                          0x08002e9b   Thumb Code    16  stm32f10x_gpio.o(.text)
    GPIO_ReadInputDataBit                    0x08002eab   Thumb Code    18  stm32f10x_gpio.o(.text)
    GPIO_ReadInputData                       0x08002ebd   Thumb Code     8  stm32f10x_gpio.o(.text)
    GPIO_ReadOutputDataBit                   0x08002ec5   Thumb Code    18  stm32f10x_gpio.o(.text)
    GPIO_ReadOutputData                      0x08002ed7   Thumb Code     8  stm32f10x_gpio.o(.text)
    GPIO_SetBits                             0x08002edf   Thumb Code     4  stm32f10x_gpio.o(.text)
    GPIO_ResetBits                           0x08002ee3   Thumb Code     4  stm32f10x_gpio.o(.text)
    GPIO_WriteBit                            0x08002ee7   Thumb Code    10  stm32f10x_gpio.o(.text)
    GPIO_Write                               0x08002ef1   Thumb Code     4  stm32f10x_gpio.o(.text)
    GPIO_PinLockConfig                       0x08002ef5   Thumb Code    18  stm32f10x_gpio.o(.text)
    GPIO_EventOutputConfig                   0x08002f07   Thumb Code    26  stm32f10x_gpio.o(.text)
    GPIO_EventOutputCmd                      0x08002f21   Thumb Code     6  stm32f10x_gpio.o(.text)
    GPIO_PinRemapConfig                      0x08002f27   Thumb Code   138  stm32f10x_gpio.o(.text)
    GPIO_EXTILineConfig                      0x08002fb1   Thumb Code    66  stm32f10x_gpio.o(.text)
    GPIO_ETH_MediaInterfaceConfig            0x08002ff3   Thumb Code     8  stm32f10x_gpio.o(.text)
    RCC_DeInit                               0x08003021   Thumb Code    64  stm32f10x_rcc.o(.text)
    RCC_HSEConfig                            0x08003061   Thumb Code    70  stm32f10x_rcc.o(.text)
    RCC_GetFlagStatus                        0x080030a7   Thumb Code    56  stm32f10x_rcc.o(.text)
    RCC_WaitForHSEStartUp                    0x080030df   Thumb Code    56  stm32f10x_rcc.o(.text)
    RCC_AdjustHSICalibrationValue            0x08003117   Thumb Code    20  stm32f10x_rcc.o(.text)
    RCC_HSICmd                               0x0800312b   Thumb Code     6  stm32f10x_rcc.o(.text)
    RCC_PLLConfig                            0x08003131   Thumb Code    24  stm32f10x_rcc.o(.text)
    RCC_PLLCmd                               0x08003149   Thumb Code     6  stm32f10x_rcc.o(.text)
    RCC_SYSCLKConfig                         0x0800314f   Thumb Code    18  stm32f10x_rcc.o(.text)
    RCC_GetSYSCLKSource                      0x08003161   Thumb Code    10  stm32f10x_rcc.o(.text)
    RCC_HCLKConfig                           0x0800316b   Thumb Code    18  stm32f10x_rcc.o(.text)
    RCC_PCLK1Config                          0x0800317d   Thumb Code    18  stm32f10x_rcc.o(.text)
    RCC_PCLK2Config                          0x0800318f   Thumb Code    20  stm32f10x_rcc.o(.text)
    RCC_ITConfig                             0x080031a3   Thumb Code    26  stm32f10x_rcc.o(.text)
    RCC_USBCLKConfig                         0x080031bd   Thumb Code     8  stm32f10x_rcc.o(.text)
    RCC_ADCCLKConfig                         0x080031c5   Thumb Code    18  stm32f10x_rcc.o(.text)
    RCC_LSEConfig                            0x080031d7   Thumb Code    50  stm32f10x_rcc.o(.text)
    RCC_LSICmd                               0x08003209   Thumb Code     6  stm32f10x_rcc.o(.text)
    RCC_RTCCLKConfig                         0x0800320f   Thumb Code    12  stm32f10x_rcc.o(.text)
    RCC_RTCCLKCmd                            0x0800321b   Thumb Code     8  stm32f10x_rcc.o(.text)
    RCC_GetClocksFreq                        0x08003223   Thumb Code   192  stm32f10x_rcc.o(.text)
    RCC_AHBPeriphClockCmd                    0x080032e3   Thumb Code    26  stm32f10x_rcc.o(.text)
    RCC_APB2PeriphClockCmd                   0x080032fd   Thumb Code    26  stm32f10x_rcc.o(.text)
    RCC_APB1PeriphClockCmd                   0x08003317   Thumb Code    26  stm32f10x_rcc.o(.text)
    RCC_APB2PeriphResetCmd                   0x08003331   Thumb Code    26  stm32f10x_rcc.o(.text)
    RCC_APB1PeriphResetCmd                   0x0800334b   Thumb Code    26  stm32f10x_rcc.o(.text)
    RCC_BackupResetCmd                       0x08003365   Thumb Code     8  stm32f10x_rcc.o(.text)
    RCC_ClockSecuritySystemCmd               0x0800336d   Thumb Code     6  stm32f10x_rcc.o(.text)
    RCC_MCOConfig                            0x08003373   Thumb Code     6  stm32f10x_rcc.o(.text)
    RCC_ClearFlag                            0x08003379   Thumb Code    14  stm32f10x_rcc.o(.text)
    RCC_GetITStatus                          0x08003387   Thumb Code    20  stm32f10x_rcc.o(.text)
    RCC_ClearITPendingBit                    0x0800339b   Thumb Code     6  stm32f10x_rcc.o(.text)
    TIM_DeInit                               0x080033c5   Thumb Code   424  stm32f10x_tim.o(.text)
    TIM_TimeBaseInit                         0x0800356d   Thumb Code   122  stm32f10x_tim.o(.text)
    TIM_OC1Init                              0x080035e7   Thumb Code   132  stm32f10x_tim.o(.text)
    TIM_OC2Init                              0x0800366b   Thumb Code   154  stm32f10x_tim.o(.text)
    TIM_OC3Init                              0x08003705   Thumb Code   150  stm32f10x_tim.o(.text)
    TIM_OC4Init                              0x0800379b   Thumb Code   182  stm32f10x_tim.o(.text)
    TIM_SetIC4Prescaler                      0x08003851   Thumb Code    26  stm32f10x_tim.o(.text)
    TIM_SetIC3Prescaler                      0x080038ed   Thumb Code    18  stm32f10x_tim.o(.text)
    TIM_SetIC2Prescaler                      0x08003979   Thumb Code    26  stm32f10x_tim.o(.text)
    TIM_SetIC1Prescaler                      0x08003a15   Thumb Code    18  stm32f10x_tim.o(.text)
    TIM_ICInit                               0x08003a93   Thumb Code   150  stm32f10x_tim.o(.text)
    TIM_PWMIConfig                           0x08003b29   Thumb Code   124  stm32f10x_tim.o(.text)
    TIM_BDTRConfig                           0x08003ba5   Thumb Code    32  stm32f10x_tim.o(.text)
    TIM_TimeBaseStructInit                   0x08003bc5   Thumb Code    18  stm32f10x_tim.o(.text)
    TIM_OCStructInit                         0x08003bd7   Thumb Code    20  stm32f10x_tim.o(.text)
    TIM_ICStructInit                         0x08003beb   Thumb Code    18  stm32f10x_tim.o(.text)
    TIM_BDTRStructInit                       0x08003bfd   Thumb Code    40  stm32f10x_tim.o(.text)
    TIM_Cmd                                  0x08003c25   Thumb Code    24  stm32f10x_tim.o(.text)
    TIM_CtrlPWMOutputs                       0x08003c3d   Thumb Code    30  stm32f10x_tim.o(.text)
    TIM_ITConfig                             0x08003c5b   Thumb Code    18  stm32f10x_tim.o(.text)
    TIM_GenerateEvent                        0x08003c6d   Thumb Code     4  stm32f10x_tim.o(.text)
    TIM_DMAConfig                            0x08003c71   Thumb Code    10  stm32f10x_tim.o(.text)
    TIM_DMACmd                               0x08003c7b   Thumb Code    18  stm32f10x_tim.o(.text)
    TIM_InternalClockConfig                  0x08003c8d   Thumb Code    12  stm32f10x_tim.o(.text)
    TIM_SelectInputTrigger                   0x08003c99   Thumb Code    18  stm32f10x_tim.o(.text)
    TIM_ITRxExternalClockConfig              0x08003cab   Thumb Code    24  stm32f10x_tim.o(.text)
    TIM_TIxExternalClockConfig               0x08003cc3   Thumb Code    62  stm32f10x_tim.o(.text)
    TIM_ETRConfig                            0x08003d01   Thumb Code    28  stm32f10x_tim.o(.text)
    TIM_ETRClockMode1Config                  0x08003d1d   Thumb Code    54  stm32f10x_tim.o(.text)
    TIM_ETRClockMode2Config                  0x08003d53   Thumb Code    32  stm32f10x_tim.o(.text)
    TIM_PrescalerConfig                      0x08003d73   Thumb Code     6  stm32f10x_tim.o(.text)
    TIM_CounterModeConfig                    0x08003d79   Thumb Code    18  stm32f10x_tim.o(.text)
    TIM_EncoderInterfaceConfig               0x08003d8b   Thumb Code    66  stm32f10x_tim.o(.text)
    TIM_ForcedOC1Config                      0x08003dcd   Thumb Code    18  stm32f10x_tim.o(.text)
    TIM_ForcedOC2Config                      0x08003ddf   Thumb Code    26  stm32f10x_tim.o(.text)
    TIM_ForcedOC3Config                      0x08003df9   Thumb Code    18  stm32f10x_tim.o(.text)
    TIM_ForcedOC4Config                      0x08003e0b   Thumb Code    26  stm32f10x_tim.o(.text)
    TIM_ARRPreloadConfig                     0x08003e25   Thumb Code    24  stm32f10x_tim.o(.text)
    TIM_SelectCOM                            0x08003e3d   Thumb Code    24  stm32f10x_tim.o(.text)
    TIM_SelectCCDMA                          0x08003e55   Thumb Code    24  stm32f10x_tim.o(.text)
    TIM_CCPreloadControl                     0x08003e6d   Thumb Code    24  stm32f10x_tim.o(.text)
    TIM_OC1PreloadConfig                     0x08003e85   Thumb Code    18  stm32f10x_tim.o(.text)
    TIM_OC2PreloadConfig                     0x08003e97   Thumb Code    26  stm32f10x_tim.o(.text)
    TIM_OC3PreloadConfig                     0x08003eb1   Thumb Code    18  stm32f10x_tim.o(.text)
    TIM_OC4PreloadConfig                     0x08003ec3   Thumb Code    26  stm32f10x_tim.o(.text)
    TIM_OC1FastConfig                        0x08003edd   Thumb Code    18  stm32f10x_tim.o(.text)
    TIM_OC2FastConfig                        0x08003eef   Thumb Code    26  stm32f10x_tim.o(.text)
    TIM_OC3FastConfig                        0x08003f09   Thumb Code    18  stm32f10x_tim.o(.text)
    TIM_OC4FastConfig                        0x08003f1b   Thumb Code    26  stm32f10x_tim.o(.text)
    TIM_ClearOC1Ref                          0x08003f35   Thumb Code    18  stm32f10x_tim.o(.text)
    TIM_ClearOC2Ref                          0x08003f47   Thumb Code    24  stm32f10x_tim.o(.text)
    TIM_ClearOC3Ref                          0x08003f5f   Thumb Code    18  stm32f10x_tim.o(.text)
    TIM_ClearOC4Ref                          0x08003f71   Thumb Code    24  stm32f10x_tim.o(.text)
    TIM_OC1PolarityConfig                    0x08003f89   Thumb Code    18  stm32f10x_tim.o(.text)
    TIM_OC1NPolarityConfig                   0x08003f9b   Thumb Code    18  stm32f10x_tim.o(.text)
    TIM_OC2PolarityConfig                    0x08003fad   Thumb Code    26  stm32f10x_tim.o(.text)
    TIM_OC2NPolarityConfig                   0x08003fc7   Thumb Code    26  stm32f10x_tim.o(.text)
    TIM_OC3PolarityConfig                    0x08003fe1   Thumb Code    26  stm32f10x_tim.o(.text)
    TIM_OC3NPolarityConfig                   0x08003ffb   Thumb Code    26  stm32f10x_tim.o(.text)
    TIM_OC4PolarityConfig                    0x08004015   Thumb Code    26  stm32f10x_tim.o(.text)
    TIM_CCxCmd                               0x0800402f   Thumb Code    30  stm32f10x_tim.o(.text)
    TIM_CCxNCmd                              0x0800404d   Thumb Code    30  stm32f10x_tim.o(.text)
    TIM_SelectOCxM                           0x0800406b   Thumb Code    82  stm32f10x_tim.o(.text)
    TIM_UpdateDisableConfig                  0x080040bd   Thumb Code    24  stm32f10x_tim.o(.text)
    TIM_UpdateRequestConfig                  0x080040d5   Thumb Code    24  stm32f10x_tim.o(.text)
    TIM_SelectHallSensor                     0x080040ed   Thumb Code    24  stm32f10x_tim.o(.text)
    TIM_SelectOnePulseMode                   0x08004105   Thumb Code    18  stm32f10x_tim.o(.text)
    TIM_SelectOutputTrigger                  0x08004117   Thumb Code    18  stm32f10x_tim.o(.text)
    TIM_SelectSlaveMode                      0x08004129   Thumb Code    18  stm32f10x_tim.o(.text)
    TIM_SelectMasterSlaveMode                0x0800413b   Thumb Code    18  stm32f10x_tim.o(.text)
    TIM_SetCounter                           0x0800414d   Thumb Code     4  stm32f10x_tim.o(.text)
    TIM_SetAutoreload                        0x08004151   Thumb Code     4  stm32f10x_tim.o(.text)
    TIM_SetCompare1                          0x08004155   Thumb Code     4  stm32f10x_tim.o(.text)
    TIM_SetCompare2                          0x08004159   Thumb Code     4  stm32f10x_tim.o(.text)
    TIM_SetCompare3                          0x0800415d   Thumb Code     4  stm32f10x_tim.o(.text)
    TIM_SetCompare4                          0x08004161   Thumb Code     6  stm32f10x_tim.o(.text)
    TIM_SetClockDivision                     0x08004167   Thumb Code    18  stm32f10x_tim.o(.text)
    TIM_GetCapture1                          0x08004179   Thumb Code     6  stm32f10x_tim.o(.text)
    TIM_GetCapture2                          0x0800417f   Thumb Code     6  stm32f10x_tim.o(.text)
    TIM_GetCapture3                          0x08004185   Thumb Code     6  stm32f10x_tim.o(.text)
    TIM_GetCapture4                          0x0800418b   Thumb Code     8  stm32f10x_tim.o(.text)
    TIM_GetCounter                           0x08004193   Thumb Code     6  stm32f10x_tim.o(.text)
    TIM_GetPrescaler                         0x08004199   Thumb Code     6  stm32f10x_tim.o(.text)
    TIM_GetFlagStatus                        0x0800419f   Thumb Code    18  stm32f10x_tim.o(.text)
    TIM_ClearFlag                            0x080041b1   Thumb Code     6  stm32f10x_tim.o(.text)
    TIM_GetITStatus                          0x080041b7   Thumb Code    34  stm32f10x_tim.o(.text)
    TIM_ClearITPendingBit                    0x080041d9   Thumb Code     6  stm32f10x_tim.o(.text)
    USART_DeInit                             0x080041e1   Thumb Code   134  stm32f10x_usart.o(.text)
    USART_Init                               0x08004267   Thumb Code   210  stm32f10x_usart.o(.text)
    USART_StructInit                         0x08004339   Thumb Code    24  stm32f10x_usart.o(.text)
    USART_ClockInit                          0x08004351   Thumb Code    34  stm32f10x_usart.o(.text)
    USART_ClockStructInit                    0x08004373   Thumb Code    12  stm32f10x_usart.o(.text)
    USART_Cmd                                0x0800437f   Thumb Code    24  stm32f10x_usart.o(.text)
    USART_ITConfig                           0x08004397   Thumb Code    74  stm32f10x_usart.o(.text)
    USART_DMACmd                             0x080043e1   Thumb Code    18  stm32f10x_usart.o(.text)
    USART_SetAddress                         0x080043f3   Thumb Code    18  stm32f10x_usart.o(.text)
    USART_WakeUpConfig                       0x08004405   Thumb Code    18  stm32f10x_usart.o(.text)
    USART_ReceiverWakeUpCmd                  0x08004417   Thumb Code    24  stm32f10x_usart.o(.text)
    USART_LINBreakDetectLengthConfig         0x0800442f   Thumb Code    18  stm32f10x_usart.o(.text)
    USART_LINCmd                             0x08004441   Thumb Code    24  stm32f10x_usart.o(.text)
    USART_SendData                           0x08004459   Thumb Code     8  stm32f10x_usart.o(.text)
    USART_ReceiveData                        0x08004461   Thumb Code    10  stm32f10x_usart.o(.text)
    USART_SendBreak                          0x0800446b   Thumb Code    10  stm32f10x_usart.o(.text)
    USART_SetGuardTime                       0x08004475   Thumb Code    16  stm32f10x_usart.o(.text)
    USART_SetPrescaler                       0x08004485   Thumb Code    16  stm32f10x_usart.o(.text)
    USART_SmartCardCmd                       0x08004495   Thumb Code    24  stm32f10x_usart.o(.text)
    USART_SmartCardNACKCmd                   0x080044ad   Thumb Code    24  stm32f10x_usart.o(.text)
    USART_HalfDuplexCmd                      0x080044c5   Thumb Code    24  stm32f10x_usart.o(.text)
    USART_OverSampling8Cmd                   0x080044dd   Thumb Code    22  stm32f10x_usart.o(.text)
    USART_OneBitMethodCmd                    0x080044f3   Thumb Code    24  stm32f10x_usart.o(.text)
    USART_IrDAConfig                         0x0800450b   Thumb Code    18  stm32f10x_usart.o(.text)
    USART_IrDACmd                            0x0800451d   Thumb Code    24  stm32f10x_usart.o(.text)
    USART_GetFlagStatus                      0x08004535   Thumb Code    26  stm32f10x_usart.o(.text)
    USART_ClearFlag                          0x0800454f   Thumb Code    18  stm32f10x_usart.o(.text)
    USART_GetITStatus                        0x08004561   Thumb Code    84  stm32f10x_usart.o(.text)
    USART_ClearITPendingBit                  0x080045b5   Thumb Code    52  stm32f10x_usart.o(.text)
    __use_no_semihosting                     0x080045e9   Thumb Code     2  use_no_semi_2.o(.text)
    vsprintf                                 0x080045ed   Thumb Code    32  vsprintf.o(.text)
    __2sprintf                               0x08004611   Thumb Code    38  __2sprintf.o(.text)
    _printf_int_dec                          0x0800463d   Thumb Code   104  _printf_dec.o(.text)
    __printf                                 0x080046b5   Thumb Code   388  __printf_flags_ss_wp.o(.text)
    __aeabi_memclr                           0x0800483d   Thumb Code     0  rt_memclr.o(.text)
    __rt_memclr                              0x0800483d   Thumb Code    68  rt_memclr.o(.text)
    _memset                                  0x08004841   Thumb Code     0  rt_memclr.o(.text)
    strcmp                                   0x08004881   Thumb Code   128  strcmpv7m.o(.text)
    __use_two_region_memory                  0x08004901   Thumb Code     2  heapauxi.o(.text)
    __rt_heap_escrow$2region                 0x08004903   Thumb Code     2  heapauxi.o(.text)
    __rt_heap_expand$2region                 0x08004905   Thumb Code     2  heapauxi.o(.text)
    __I$use$semihosting                      0x08004907   Thumb Code     0  use_no_semi.o(.text)
    __use_no_semihosting_swi                 0x08004907   Thumb Code     2  use_no_semi.o(.text)
    __read_errno                             0x08004909   Thumb Code    10  _rserrno.o(.text)
    __set_errno                              0x08004913   Thumb Code    12  _rserrno.o(.text)
    _printf_pre_padding                      0x0800491f   Thumb Code    44  _printf_pad.o(.text)
    _printf_post_padding                     0x0800494b   Thumb Code    34  _printf_pad.o(.text)
    _printf_truncate_signed                  0x0800496d   Thumb Code    18  _printf_truncate.o(.text)
    _printf_truncate_unsigned                0x0800497f   Thumb Code    18  _printf_truncate.o(.text)
    _printf_str                              0x08004991   Thumb Code    82  _printf_str.o(.text)
    _printf_int_common                       0x080049e3   Thumb Code   178  _printf_intcommon.o(.text)
    _printf_charcount                        0x08004a95   Thumb Code    40  _printf_charcount.o(.text)
    _printf_char_common                      0x08004ac7   Thumb Code    32  _printf_char_common.o(.text)
    _sputc                                   0x08004aed   Thumb Code    10  _sputc.o(.text)
    _printf_wctomb                           0x08004af9   Thumb Code   182  _printf_wctomb.o(.text)
    _printf_longlong_dec                     0x08004bb5   Thumb Code   108  _printf_longlong_dec.o(.text)
    _printf_longlong_oct                     0x08004c31   Thumb Code    66  _printf_oct_int_ll.o(.text)
    _printf_int_oct                          0x08004c73   Thumb Code    24  _printf_oct_int_ll.o(.text)
    _printf_ll_oct                           0x08004c8b   Thumb Code    12  _printf_oct_int_ll.o(.text)
    _printf_longlong_hex                     0x08004ca1   Thumb Code    86  _printf_hex_int_ll_ptr.o(.text)
    _printf_int_hex                          0x08004cf7   Thumb Code    28  _printf_hex_int_ll_ptr.o(.text)
    _printf_ll_hex                           0x08004d13   Thumb Code    12  _printf_hex_int_ll_ptr.o(.text)
    _printf_hex_ptr                          0x08004d1f   Thumb Code    18  _printf_hex_int_ll_ptr.o(.text)
    __aeabi_memclr4                          0x08004d35   Thumb Code     0  rt_memclr_w.o(.text)
    __aeabi_memclr8                          0x08004d35   Thumb Code     0  rt_memclr_w.o(.text)
    __rt_memclr_w                            0x08004d35   Thumb Code    78  rt_memclr_w.o(.text)
    _memset_w                                0x08004d39   Thumb Code     0  rt_memclr_w.o(.text)
    __aeabi_errno_addr                       0x08004d85   Thumb Code     8  rt_errno_addr_intlibspace.o(.text)
    __errno$intlibspace                      0x08004d85   Thumb Code     0  rt_errno_addr_intlibspace.o(.text)
    __rt_errno_addr$intlibspace              0x08004d85   Thumb Code     0  rt_errno_addr_intlibspace.o(.text)
    _ll_udiv10                               0x08004d8d   Thumb Code   138  lludiv10.o(.text)
    __lib_sel_fp_printf                      0x08004e17   Thumb Code     2  _printf_fp_dec.o(.text)
    _printf_fp_dec_real                      0x08004fc9   Thumb Code   620  _printf_fp_dec.o(.text)
    _printf_fp_hex_real                      0x08005235   Thumb Code   756  _printf_fp_hex.o(.text)
    _printf_cs_common                        0x08005531   Thumb Code    20  _printf_char.o(.text)
    _printf_char                             0x08005545   Thumb Code    16  _printf_char.o(.text)
    _printf_string                           0x08005555   Thumb Code     8  _printf_char.o(.text)
    _printf_lcs_common                       0x0800555d   Thumb Code    20  _printf_wchar.o(.text)
    _printf_wchar                            0x08005571   Thumb Code    16  _printf_wchar.o(.text)
    _printf_wstring                          0x08005581   Thumb Code     8  _printf_wchar.o(.text)
    _wcrtomb                                 0x08005589   Thumb Code    64  _wcrtomb.o(.text)
    __user_libspace                          0x080055c9   Thumb Code     8  libspace.o(.text)
    __user_perproc_libspace                  0x080055c9   Thumb Code     0  libspace.o(.text)
    __user_perthread_libspace                0x080055c9   Thumb Code     0  libspace.o(.text)
    __user_setup_stackheap                   0x080055d1   Thumb Code    74  sys_stackheap_outer.o(.text)
    __rt_ctype_table                         0x0800561d   Thumb Code    16  rt_ctype_table.o(.text)
    __rt_locale                              0x0800562d   Thumb Code     8  rt_locale_intlibspace.o(.text)
    _printf_fp_infnan                        0x08005635   Thumb Code   112  _printf_fp_infnan.o(.text)
    _btod_etento                             0x080056b5   Thumb Code   224  bigflt0.o(.text)
    exit                                     0x08005799   Thumb Code    18  exit.o(.text)
    _btod_d2e                                0x080057ab   Thumb Code    62  btod.o(CL$$btod_d2e)
    _d2e_denorm_low                          0x080057e9   Thumb Code    70  btod.o(CL$$btod_d2e_denorm_low)
    _d2e_norm_op1                            0x0800582f   Thumb Code    96  btod.o(CL$$btod_d2e_norm_op1)
    __btod_div_common                        0x0800588f   Thumb Code   696  btod.o(CL$$btod_div_common)
    _e2e                                     0x08005bc7   Thumb Code   220  btod.o(CL$$btod_e2e)
    _btod_ediv                               0x08005ca3   Thumb Code    42  btod.o(CL$$btod_ediv)
    _btod_emul                               0x08005ccd   Thumb Code    42  btod.o(CL$$btod_emul)
    __btod_mult_common                       0x08005cf7   Thumb Code   580  btod.o(CL$$btod_mult_common)
    __ARM_fpclassify                         0x08005f3b   Thumb Code    40  fpclassify.o(i.__ARM_fpclassify)
    __kernel_poly                            0x08005f63   Thumb Code   170  poly.o(i.__kernel_poly)
    __mathlib_dbl_infnan                     0x0800600d   Thumb Code     6  dunder.o(i.__mathlib_dbl_infnan)
    __mathlib_dbl_infnan2                    0x08006013   Thumb Code     4  dunder.o(i.__mathlib_dbl_infnan2)
    __mathlib_dbl_underflow                  0x08006019   Thumb Code    10  dunder.o(i.__mathlib_dbl_underflow)
    _is_digit                                0x08006029   Thumb Code    14  __printf_wp.o(i._is_digit)
    atan                                     0x08006039   Thumb Code   474  atan.o(i.atan)
    atan2                                    0x08006259   Thumb Code   374  atan2.o(i.atan2)
    round                                    0x080063f5   Thumb Code   136  round.o(i.round)
    _get_lc_numeric                          0x08006489   Thumb Code    44  lc_numeric_c.o(locale$$code)
    _get_lc_ctype                            0x080064b5   Thumb Code    44  lc_ctype_c.o(locale$$code)
    __aeabi_d2f                              0x080064e1   Thumb Code     0  d2f.o(x$fpl$d2f)
    _d2f                                     0x080064e1   Thumb Code    98  d2f.o(x$fpl$d2f)
    __aeabi_dadd                             0x08006545   Thumb Code     0  daddsub_clz.o(x$fpl$dadd)
    _dadd                                    0x08006545   Thumb Code   332  daddsub_clz.o(x$fpl$dadd)
    __fpl_dcheck_NaN1                        0x08006695   Thumb Code    10  dcheck1.o(x$fpl$dcheck1)
    __fpl_dcmp_Inf                           0x080066a5   Thumb Code    24  dcmpi.o(x$fpl$dcmpinf)
    __aeabi_ddiv                             0x080066bd   Thumb Code     0  ddiv.o(x$fpl$ddiv)
    _ddiv                                    0x080066bd   Thumb Code   552  ddiv.o(x$fpl$ddiv)
    __aeabi_cdcmpeq                          0x0800696d   Thumb Code     0  deqf.o(x$fpl$deqf)
    _dcmpeq                                  0x0800696d   Thumb Code   120  deqf.o(x$fpl$deqf)
    __aeabi_d2iz                             0x080069e5   Thumb Code     0  dfix.o(x$fpl$dfix)
    _dfix                                    0x080069e5   Thumb Code    94  dfix.o(x$fpl$dfix)
    __aeabi_d2uiz                            0x08006a45   Thumb Code     0  dfixu.o(x$fpl$dfixu)
    _dfixu                                   0x08006a45   Thumb Code    90  dfixu.o(x$fpl$dfixu)
    __aeabi_i2d                              0x08006a9f   Thumb Code     0  dflt_clz.o(x$fpl$dflt)
    _dflt                                    0x08006a9f   Thumb Code    46  dflt_clz.o(x$fpl$dflt)
    __aeabi_ui2d                             0x08006acd   Thumb Code     0  dflt_clz.o(x$fpl$dfltu)
    _dfltu                                   0x08006acd   Thumb Code    38  dflt_clz.o(x$fpl$dfltu)
    __aeabi_cdcmple                          0x08006af5   Thumb Code     0  dleqf.o(x$fpl$dleqf)
    _dcmple                                  0x08006af5   Thumb Code   120  dleqf.o(x$fpl$dleqf)
    __fpl_dcmple_InfNaN                      0x08006b57   Thumb Code     0  dleqf.o(x$fpl$dleqf)
    __aeabi_dmul                             0x08006b6d   Thumb Code     0  dmul.o(x$fpl$dmul)
    _dmul                                    0x08006b6d   Thumb Code   332  dmul.o(x$fpl$dmul)
    __fpl_dnaninf                            0x08006cc1   Thumb Code   156  dnaninf.o(x$fpl$dnaninf)
    __fpl_dretinf                            0x08006d5d   Thumb Code    12  dretinf.o(x$fpl$dretinf)
    __aeabi_cdrcmple                         0x08006d69   Thumb Code     0  drleqf.o(x$fpl$drleqf)
    _drcmple                                 0x08006d69   Thumb Code   108  drleqf.o(x$fpl$drleqf)
    _drnd                                    0x08006dd5   Thumb Code   180  drnd.o(x$fpl$drnd)
    __aeabi_drsub                            0x08006e89   Thumb Code     0  daddsub_clz.o(x$fpl$drsb)
    _drsb                                    0x08006e89   Thumb Code    22  daddsub_clz.o(x$fpl$drsb)
    __aeabi_dsub                             0x08006ea1   Thumb Code     0  daddsub_clz.o(x$fpl$dsub)
    _dsub                                    0x08006ea1   Thumb Code   464  daddsub_clz.o(x$fpl$dsub)
    __aeabi_f2d                              0x08007075   Thumb Code     0  f2d.o(x$fpl$f2d)
    _f2d                                     0x08007075   Thumb Code    86  f2d.o(x$fpl$f2d)
    __aeabi_fadd                             0x080070cd   Thumb Code     0  faddsub_clz.o(x$fpl$fadd)
    _fadd                                    0x080070cd   Thumb Code   196  faddsub_clz.o(x$fpl$fadd)
    __fpl_fcmp_Inf                           0x08007191   Thumb Code    24  fcmpi.o(x$fpl$fcmpinf)
    __aeabi_fdiv                             0x080071a9   Thumb Code     0  fdiv.o(x$fpl$fdiv)
    _fdiv                                    0x080071a9   Thumb Code   384  fdiv.o(x$fpl$fdiv)
    __aeabi_i2f                              0x0800732d   Thumb Code     0  fflt_clz.o(x$fpl$fflt)
    _fflt                                    0x0800732d   Thumb Code    48  fflt_clz.o(x$fpl$fflt)
    __aeabi_ui2f                             0x0800735d   Thumb Code     0  fflt_clz.o(x$fpl$ffltu)
    _ffltu                                   0x0800735d   Thumb Code    38  fflt_clz.o(x$fpl$ffltu)
    __aeabi_cfcmple                          0x08007385   Thumb Code     0  fleqf.o(x$fpl$fleqf)
    _fcmple                                  0x08007385   Thumb Code   104  fleqf.o(x$fpl$fleqf)
    __fpl_fcmple_InfNaN                      0x080073d7   Thumb Code     0  fleqf.o(x$fpl$fleqf)
    __fpl_fnaninf                            0x080073ed   Thumb Code   140  fnaninf.o(x$fpl$fnaninf)
    __fpl_fretinf                            0x08007479   Thumb Code    10  fretinf.o(x$fpl$fretinf)
    __aeabi_fsub                             0x08007485   Thumb Code     0  faddsub_clz.o(x$fpl$fsub)
    _fsub                                    0x08007485   Thumb Code   234  faddsub_clz.o(x$fpl$fsub)
    _printf_fp_dec                           0x0800756f   Thumb Code     4  printf1.o(x$fpl$printf1)
    _printf_fp_hex                           0x08007573   Thumb Code     4  printf2.o(x$fpl$printf2)
    __fpl_return_NaN                         0x08007577   Thumb Code   100  retnan.o(x$fpl$retnan)
    __ARM_scalbn                             0x080075db   Thumb Code    92  scalbn.o(x$fpl$scalbn)
    __fpl_cmpreturn                          0x08007637   Thumb Code    48  trapv.o(x$fpl$trapveneer)
    OLED_F8x16                               0x08007666   Data        1520  oled_data.o(.constdata)
    __I$use$fp                               0x08007666   Number         0  usenofp.o(x$fpl$usenofp)
    OLED_F6x8                                0x08007c56   Data         570  oled_data.o(.constdata)
    OLED_CF16x16                             0x08007e90   Data         370  oled_data.o(.constdata)
    Diode                                    0x08008002   Data          32  oled_data.o(.constdata)
    Face_very_happy                          0x08008022   Data        1024  oled_data.o(.constdata)
    __mathlib_zero                           0x08008500   Data           8  qnan.o(.constdata)
    Region$$Table$$Base                      0x080085c4   Number         0  anon$$obj.o(Region$$Table)
    Region$$Table$$Limit                     0x080085e4   Number         0  anon$$obj.o(Region$$Table)
    __ctype                                  0x0800860d   Data           0  lc_ctype_c.o(locale$$data)
    SystemCoreClock                          0x20000000   Data           4  system_stm32f10x.o(.data)
    AHBPrescTable                            0x20000004   Data          16  system_stm32f10x.o(.data)
    timer                                    0x20000014   Data           4  bsp.o(.data)
    NRF24L01_TxAddress                       0x2000001c   Data           5  nrf24l01.o(.data)
    NRF24L01_RxAddress                       0x20000021   Data           5  nrf24l01.o(.data)
    NRF24L01_Flag                            0x20000026   Data           1  nrf24l01.o(.data)
    SendFlag                                 0x20000027   Data           1  nrf24l01.o(.data)
    ReceiveFlag                              0x20000028   Data           1  nrf24l01.o(.data)
    communication_quality                    0x20000029   Data           1  nrf24l01.o(.data)
    L_H                                      0x2000002c   Data           1  ad.o(.data)
    R_H                                      0x2000002d   Data           1  ad.o(.data)
    R_Z                                      0x2000002e   Data           1  ad.o(.data)
    L_Z                                      0x2000002f   Data           1  ad.o(.data)
    percentage                               0x20000030   Data           4  ad.o(.data)
    Voltage                                  0x20000034   Data           4  ad.o(.data)
    Key_Num                                  0x20000039   Data           1  key.o(.data)
    Key                                      0x2000003a   Data           1  key.o(.data)
    USART1_Data                              0x2000003e   Data           2  usart_1.o(.data)
    NRF24L01_TxPacket                        0x20000054   Data          32  nrf24l01.o(.bss)
    NRF24L01_RxPacket                        0x20000074   Data          32  nrf24l01.o(.bss)
    OLED_DisplayBuf                          0x2000009e   Data        1024  oled.o(.bss)
    __libspace_start                         0x200004a0   Data          96  libspace.o(.bss)
    __temporary_stack_top$libspace           0x20000500   Data           0  libspace.o(.bss)



==============================================================================

Memory Map of the image

  Image Entry point : 0x080000ed

  Load Region LR_IROM1 (Base: 0x08000000, Size: 0x00008764, Max: 0x00010000, ABSOLUTE)

    Execution Region ER_IROM1 (Exec base: 0x08000000, Load base: 0x08000000, Size: 0x00008710, Max: 0x00010000, ABSOLUTE)

    Exec Addr    Load Addr    Size         Type   Attr      Idx    E Section Name        Object

    0x08000000   0x08000000   0x000000ec   Data   RO          751    RESET               startup_stm32f10x_md.o
    0x080000ec   0x080000ec   0x00000008   Code   RO         1352  * !!!main             c_w.l(__main.o)
    0x080000f4   0x080000f4   0x00000034   Code   RO         1767    !!!scatter          c_w.l(__scatter.o)
    0x08000128   0x08000128   0x0000001a   Code   RO         1769    !!handler_copy      c_w.l(__scatter_copy.o)
    0x08000142   0x08000142   0x00000002   PAD
    0x08000144   0x08000144   0x0000001c   Code   RO         1771    !!handler_zi        c_w.l(__scatter_zi.o)
    0x08000160   0x08000160   0x00000000   Code   RO         1345    .ARM.Collect$$_printf_percent$$00000000  c_w.l(_printf_percent.o)
    0x08000160   0x08000160   0x00000006   Code   RO         1469    .ARM.Collect$$_printf_percent$$00000001  c_w.l(_printf_n.o)
    0x08000166   0x08000166   0x00000006   Code   RO         1471    .ARM.Collect$$_printf_percent$$00000002  c_w.l(_printf_p.o)
    0x0800016c   0x0800016c   0x00000006   Code   RO         1475    .ARM.Collect$$_printf_percent$$00000003  c_w.l(_printf_f.o)
    0x08000172   0x08000172   0x00000006   Code   RO         1476    .ARM.Collect$$_printf_percent$$00000004  c_w.l(_printf_e.o)
    0x08000178   0x08000178   0x00000006   Code   RO         1477    .ARM.Collect$$_printf_percent$$00000005  c_w.l(_printf_g.o)
    0x0800017e   0x0800017e   0x00000006   Code   RO         1478    .ARM.Collect$$_printf_percent$$00000006  c_w.l(_printf_a.o)
    0x08000184   0x08000184   0x0000000a   Code   RO         1483    .ARM.Collect$$_printf_percent$$00000007  c_w.l(_printf_ll.o)
    0x0800018e   0x0800018e   0x00000006   Code   RO         1473    .ARM.Collect$$_printf_percent$$00000008  c_w.l(_printf_i.o)
    0x08000194   0x08000194   0x00000006   Code   RO         1474    .ARM.Collect$$_printf_percent$$00000009  c_w.l(_printf_d.o)
    0x0800019a   0x0800019a   0x00000006   Code   RO         1344    .ARM.Collect$$_printf_percent$$0000000A  c_w.l(_printf_u.o)
    0x080001a0   0x080001a0   0x00000006   Code   RO         1472    .ARM.Collect$$_printf_percent$$0000000B  c_w.l(_printf_o.o)
    0x080001a6   0x080001a6   0x00000006   Code   RO         1470    .ARM.Collect$$_printf_percent$$0000000C  c_w.l(_printf_x.o)
    0x080001ac   0x080001ac   0x00000006   Code   RO         1480    .ARM.Collect$$_printf_percent$$0000000D  c_w.l(_printf_lli.o)
    0x080001b2   0x080001b2   0x00000006   Code   RO         1481    .ARM.Collect$$_printf_percent$$0000000E  c_w.l(_printf_lld.o)
    0x080001b8   0x080001b8   0x00000006   Code   RO         1482    .ARM.Collect$$_printf_percent$$0000000F  c_w.l(_printf_llu.o)
    0x080001be   0x080001be   0x00000006   Code   RO         1487    .ARM.Collect$$_printf_percent$$00000010  c_w.l(_printf_llo.o)
    0x080001c4   0x080001c4   0x00000006   Code   RO         1488    .ARM.Collect$$_printf_percent$$00000011  c_w.l(_printf_llx.o)
    0x080001ca   0x080001ca   0x0000000a   Code   RO         1484    .ARM.Collect$$_printf_percent$$00000012  c_w.l(_printf_l.o)
    0x080001d4   0x080001d4   0x00000006   Code   RO         1467    .ARM.Collect$$_printf_percent$$00000013  c_w.l(_printf_c.o)
    0x080001da   0x080001da   0x00000006   Code   RO         1468    .ARM.Collect$$_printf_percent$$00000014  c_w.l(_printf_s.o)
    0x080001e0   0x080001e0   0x00000006   Code   RO         1485    .ARM.Collect$$_printf_percent$$00000015  c_w.l(_printf_lc.o)
    0x080001e6   0x080001e6   0x00000006   Code   RO         1486    .ARM.Collect$$_printf_percent$$00000016  c_w.l(_printf_ls.o)
    0x080001ec   0x080001ec   0x00000004   Code   RO         1479    .ARM.Collect$$_printf_percent$$00000017  c_w.l(_printf_percent_end.o)
    0x080001f0   0x080001f0   0x00000002   Code   RO         1631    .ARM.Collect$$libinit$$00000000  c_w.l(libinit.o)
    0x080001f2   0x080001f2   0x00000000   Code   RO         1642    .ARM.Collect$$libinit$$00000002  c_w.l(libinit2.o)
    0x080001f2   0x080001f2   0x00000000   Code   RO         1644    .ARM.Collect$$libinit$$00000004  c_w.l(libinit2.o)
    0x080001f2   0x080001f2   0x00000000   Code   RO         1647    .ARM.Collect$$libinit$$0000000A  c_w.l(libinit2.o)
    0x080001f2   0x080001f2   0x00000000   Code   RO         1649    .ARM.Collect$$libinit$$0000000C  c_w.l(libinit2.o)
    0x080001f2   0x080001f2   0x00000000   Code   RO         1651    .ARM.Collect$$libinit$$0000000E  c_w.l(libinit2.o)
    0x080001f2   0x080001f2   0x00000006   Code   RO         1652    .ARM.Collect$$libinit$$0000000F  c_w.l(libinit2.o)
    0x080001f8   0x080001f8   0x00000000   Code   RO         1654    .ARM.Collect$$libinit$$00000011  c_w.l(libinit2.o)
    0x080001f8   0x080001f8   0x0000000c   Code   RO         1655    .ARM.Collect$$libinit$$00000012  c_w.l(libinit2.o)
    0x08000204   0x08000204   0x00000000   Code   RO         1656    .ARM.Collect$$libinit$$00000013  c_w.l(libinit2.o)
    0x08000204   0x08000204   0x00000000   Code   RO         1658    .ARM.Collect$$libinit$$00000015  c_w.l(libinit2.o)
    0x08000204   0x08000204   0x0000000a   Code   RO         1659    .ARM.Collect$$libinit$$00000016  c_w.l(libinit2.o)
    0x0800020e   0x0800020e   0x00000000   Code   RO         1660    .ARM.Collect$$libinit$$00000017  c_w.l(libinit2.o)
    0x0800020e   0x0800020e   0x00000000   Code   RO         1662    .ARM.Collect$$libinit$$00000019  c_w.l(libinit2.o)
    0x0800020e   0x0800020e   0x00000000   Code   RO         1664    .ARM.Collect$$libinit$$0000001B  c_w.l(libinit2.o)
    0x0800020e   0x0800020e   0x00000000   Code   RO         1666    .ARM.Collect$$libinit$$0000001D  c_w.l(libinit2.o)
    0x0800020e   0x0800020e   0x00000000   Code   RO         1668    .ARM.Collect$$libinit$$0000001F  c_w.l(libinit2.o)
    0x0800020e   0x0800020e   0x00000000   Code   RO         1670    .ARM.Collect$$libinit$$00000021  c_w.l(libinit2.o)
    0x0800020e   0x0800020e   0x00000000   Code   RO         1672    .ARM.Collect$$libinit$$00000023  c_w.l(libinit2.o)
    0x0800020e   0x0800020e   0x00000000   Code   RO         1674    .ARM.Collect$$libinit$$00000025  c_w.l(libinit2.o)
    0x0800020e   0x0800020e   0x00000000   Code   RO         1678    .ARM.Collect$$libinit$$0000002C  c_w.l(libinit2.o)
    0x0800020e   0x0800020e   0x00000000   Code   RO         1680    .ARM.Collect$$libinit$$0000002E  c_w.l(libinit2.o)
    0x0800020e   0x0800020e   0x00000000   Code   RO         1682    .ARM.Collect$$libinit$$00000030  c_w.l(libinit2.o)
    0x0800020e   0x0800020e   0x00000000   Code   RO         1684    .ARM.Collect$$libinit$$00000032  c_w.l(libinit2.o)
    0x0800020e   0x0800020e   0x00000002   Code   RO         1685    .ARM.Collect$$libinit$$00000033  c_w.l(libinit2.o)
    0x08000210   0x08000210   0x00000002   Code   RO         1707    .ARM.Collect$$libshutdown$$00000000  c_w.l(libshutdown.o)
    0x08000212   0x08000212   0x00000000   Code   RO         1717    .ARM.Collect$$libshutdown$$00000002  c_w.l(libshutdown2.o)
    0x08000212   0x08000212   0x00000000   Code   RO         1719    .ARM.Collect$$libshutdown$$00000004  c_w.l(libshutdown2.o)
    0x08000212   0x08000212   0x00000000   Code   RO         1721    .ARM.Collect$$libshutdown$$00000006  c_w.l(libshutdown2.o)
    0x08000212   0x08000212   0x00000000   Code   RO         1724    .ARM.Collect$$libshutdown$$00000009  c_w.l(libshutdown2.o)
    0x08000212   0x08000212   0x00000000   Code   RO         1727    .ARM.Collect$$libshutdown$$0000000C  c_w.l(libshutdown2.o)
    0x08000212   0x08000212   0x00000000   Code   RO         1729    .ARM.Collect$$libshutdown$$0000000E  c_w.l(libshutdown2.o)
    0x08000212   0x08000212   0x00000000   Code   RO         1732    .ARM.Collect$$libshutdown$$00000011  c_w.l(libshutdown2.o)
    0x08000212   0x08000212   0x00000002   Code   RO         1733    .ARM.Collect$$libshutdown$$00000012  c_w.l(libshutdown2.o)
    0x08000214   0x08000214   0x00000000   Code   RO         1418    .ARM.Collect$$rtentry$$00000000  c_w.l(__rtentry.o)
    0x08000214   0x08000214   0x00000000   Code   RO         1542    .ARM.Collect$$rtentry$$00000002  c_w.l(__rtentry2.o)
    0x08000214   0x08000214   0x00000006   Code   RO         1554    .ARM.Collect$$rtentry$$00000004  c_w.l(__rtentry4.o)
    0x0800021a   0x0800021a   0x00000000   Code   RO         1544    .ARM.Collect$$rtentry$$00000009  c_w.l(__rtentry2.o)
    0x0800021a   0x0800021a   0x00000004   Code   RO         1545    .ARM.Collect$$rtentry$$0000000A  c_w.l(__rtentry2.o)
    0x0800021e   0x0800021e   0x00000000   Code   RO         1547    .ARM.Collect$$rtentry$$0000000C  c_w.l(__rtentry2.o)
    0x0800021e   0x0800021e   0x00000008   Code   RO         1548    .ARM.Collect$$rtentry$$0000000D  c_w.l(__rtentry2.o)
    0x08000226   0x08000226   0x00000002   Code   RO         1636    .ARM.Collect$$rtexit$$00000000  c_w.l(rtexit.o)
    0x08000228   0x08000228   0x00000000   Code   RO         1689    .ARM.Collect$$rtexit$$00000002  c_w.l(rtexit2.o)
    0x08000228   0x08000228   0x00000004   Code   RO         1690    .ARM.Collect$$rtexit$$00000003  c_w.l(rtexit2.o)
    0x0800022c   0x0800022c   0x00000006   Code   RO         1691    .ARM.Collect$$rtexit$$00000004  c_w.l(rtexit2.o)
    0x08000232   0x08000232   0x00000002   PAD
    0x08000234   0x08000234   0x0000010c   Code   RO            4    .text               main.o
    0x08000340   0x08000340   0x0000001a   Code   RO          189    .text               stm32f10x_it.o
    0x0800035a   0x0800035a   0x00000002   PAD
    0x0800035c   0x0800035c   0x000001e0   Code   RO          242    .text               system_stm32f10x.o
    0x0800053c   0x0800053c   0x0000007c   Code   RO          272    .text               timer_1.o
    0x080005b8   0x080005b8   0x0000024c   Code   RO          296    .text               usart.o
    0x08000804   0x08000804   0x0000001c   Code   RO          376    .text               bsp.o
    0x08000820   0x08000820   0x00000074   Code   RO          406    .text               control_task.o
    0x08000894   0x08000894   0x000004cc   Code   RO          431    .text               nrf24l01.o
    0x08000d60   0x08000d60   0x00000264   Code   RO          580    .text               ad.o
    0x08000fc4   0x08000fc4   0x0000015c   Code   RO          611    .text               key.o
    0x08001120   0x08001120   0x000000d0   Code   RO          641    .text               usart_1.o
    0x080011f0   0x080011f0   0x0000006c   Code   RO          671    .text               led.o
    0x0800125c   0x0800125c   0x000014fc   Code   RO          698    .text               oled.o
    0x08002758   0x08002758   0x00000040   Code   RO          752    .text               startup_stm32f10x_md.o
    0x08002798   0x08002798   0x000000dc   Code   RO          759    .text               misc.o
    0x08002874   0x08002874   0x0000044e   Code   RO          783    .text               stm32f10x_adc.o
    0x08002cc2   0x08002cc2   0x00000002   PAD
    0x08002cc4   0x08002cc4   0x0000035c   Code   RO         1047    .text               stm32f10x_gpio.o
    0x08003020   0x08003020   0x000003a4   Code   RO         1143    .text               stm32f10x_rcc.o
    0x080033c4   0x080033c4   0x00000e1a   Code   RO         1241    .text               stm32f10x_tim.o
    0x080041de   0x080041de   0x00000002   PAD
    0x080041e0   0x080041e0   0x00000408   Code   RO         1265    .text               stm32f10x_usart.o
    0x080045e8   0x080045e8   0x00000002   Code   RO         1312    .text               c_w.l(use_no_semi_2.o)
    0x080045ea   0x080045ea   0x00000002   PAD
    0x080045ec   0x080045ec   0x00000024   Code   RO         1314    .text               c_w.l(vsprintf.o)
    0x08004610   0x08004610   0x0000002c   Code   RO         1316    .text               c_w.l(__2sprintf.o)
    0x0800463c   0x0800463c   0x00000078   Code   RO         1322    .text               c_w.l(_printf_dec.o)
    0x080046b4   0x080046b4   0x00000188   Code   RO         1341    .text               c_w.l(__printf_flags_ss_wp.o)
    0x0800483c   0x0800483c   0x00000044   Code   RO         1346    .text               c_w.l(rt_memclr.o)
    0x08004880   0x08004880   0x00000080   Code   RO         1348    .text               c_w.l(strcmpv7m.o)
    0x08004900   0x08004900   0x00000006   Code   RO         1350    .text               c_w.l(heapauxi.o)
    0x08004906   0x08004906   0x00000002   Code   RO         1416    .text               c_w.l(use_no_semi.o)
    0x08004908   0x08004908   0x00000016   Code   RO         1419    .text               c_w.l(_rserrno.o)
    0x0800491e   0x0800491e   0x0000004e   Code   RO         1421    .text               c_w.l(_printf_pad.o)
    0x0800496c   0x0800496c   0x00000024   Code   RO         1423    .text               c_w.l(_printf_truncate.o)
    0x08004990   0x08004990   0x00000052   Code   RO         1425    .text               c_w.l(_printf_str.o)
    0x080049e2   0x080049e2   0x000000b2   Code   RO         1427    .text               c_w.l(_printf_intcommon.o)
    0x08004a94   0x08004a94   0x00000028   Code   RO         1429    .text               c_w.l(_printf_charcount.o)
    0x08004abc   0x08004abc   0x00000030   Code   RO         1431    .text               c_w.l(_printf_char_common.o)
    0x08004aec   0x08004aec   0x0000000a   Code   RO         1433    .text               c_w.l(_sputc.o)
    0x08004af6   0x08004af6   0x00000002   PAD
    0x08004af8   0x08004af8   0x000000bc   Code   RO         1435    .text               c_w.l(_printf_wctomb.o)
    0x08004bb4   0x08004bb4   0x0000007c   Code   RO         1438    .text               c_w.l(_printf_longlong_dec.o)
    0x08004c30   0x08004c30   0x00000070   Code   RO         1444    .text               c_w.l(_printf_oct_int_ll.o)
    0x08004ca0   0x08004ca0   0x00000094   Code   RO         1464    .text               c_w.l(_printf_hex_int_ll_ptr.o)
    0x08004d34   0x08004d34   0x0000004e   Code   RO         1489    .text               c_w.l(rt_memclr_w.o)
    0x08004d82   0x08004d82   0x00000002   PAD
    0x08004d84   0x08004d84   0x00000008   Code   RO         1559    .text               c_w.l(rt_errno_addr_intlibspace.o)
    0x08004d8c   0x08004d8c   0x0000008a   Code   RO         1561    .text               c_w.l(lludiv10.o)
    0x08004e16   0x08004e16   0x0000041e   Code   RO         1563    .text               c_w.l(_printf_fp_dec.o)
    0x08005234   0x08005234   0x000002fc   Code   RO         1565    .text               c_w.l(_printf_fp_hex.o)
    0x08005530   0x08005530   0x0000002c   Code   RO         1570    .text               c_w.l(_printf_char.o)
    0x0800555c   0x0800555c   0x0000002c   Code   RO         1572    .text               c_w.l(_printf_wchar.o)
    0x08005588   0x08005588   0x00000040   Code   RO         1574    .text               c_w.l(_wcrtomb.o)
    0x080055c8   0x080055c8   0x00000008   Code   RO         1582    .text               c_w.l(libspace.o)
    0x080055d0   0x080055d0   0x0000004a   Code   RO         1585    .text               c_w.l(sys_stackheap_outer.o)
    0x0800561a   0x0800561a   0x00000002   PAD
    0x0800561c   0x0800561c   0x00000010   Code   RO         1587    .text               c_w.l(rt_ctype_table.o)
    0x0800562c   0x0800562c   0x00000008   Code   RO         1592    .text               c_w.l(rt_locale_intlibspace.o)
    0x08005634   0x08005634   0x00000080   Code   RO         1594    .text               c_w.l(_printf_fp_infnan.o)
    0x080056b4   0x080056b4   0x000000e4   Code   RO         1596    .text               c_w.l(bigflt0.o)
    0x08005798   0x08005798   0x00000012   Code   RO         1624    .text               c_w.l(exit.o)
    0x080057aa   0x080057aa   0x0000003e   Code   RO         1599    CL$$btod_d2e        c_w.l(btod.o)
    0x080057e8   0x080057e8   0x00000046   Code   RO         1601    CL$$btod_d2e_denorm_low  c_w.l(btod.o)
    0x0800582e   0x0800582e   0x00000060   Code   RO         1600    CL$$btod_d2e_norm_op1  c_w.l(btod.o)
    0x0800588e   0x0800588e   0x00000338   Code   RO         1609    CL$$btod_div_common  c_w.l(btod.o)
    0x08005bc6   0x08005bc6   0x000000dc   Code   RO         1606    CL$$btod_e2e        c_w.l(btod.o)
    0x08005ca2   0x08005ca2   0x0000002a   Code   RO         1603    CL$$btod_ediv       c_w.l(btod.o)
    0x08005ccc   0x08005ccc   0x0000002a   Code   RO         1602    CL$$btod_emul       c_w.l(btod.o)
    0x08005cf6   0x08005cf6   0x00000244   Code   RO         1608    CL$$btod_mult_common  c_w.l(btod.o)
    0x08005f3a   0x08005f3a   0x00000028   Code   RO         1578    i.__ARM_fpclassify  m_ws.l(fpclassify.o)
    0x08005f62   0x08005f62   0x000000aa   Code   RO         1580    i.__kernel_poly     m_ws.l(poly.o)
    0x0800600c   0x0800600c   0x00000006   Code   RO         1527    i.__mathlib_dbl_infnan  m_ws.l(dunder.o)
    0x08006012   0x08006012   0x00000004   Code   RO         1528    i.__mathlib_dbl_infnan2  m_ws.l(dunder.o)
    0x08006016   0x08006016   0x00000002   PAD
    0x08006018   0x08006018   0x00000010   Code   RO         1532    i.__mathlib_dbl_underflow  m_ws.l(dunder.o)
    0x08006028   0x08006028   0x0000000e   Code   RO         1334    i._is_digit         c_w.l(__printf_wp.o)
    0x08006036   0x08006036   0x00000002   PAD
    0x08006038   0x08006038   0x00000220   Code   RO         1517    i.atan              m_ws.l(atan.o)
    0x08006258   0x08006258   0x0000019c   Code   RO         1407    i.atan2             m_ws.l(atan2.o)
    0x080063f4   0x080063f4   0x00000094   Code   RO         1414    i.round             m_ws.l(round.o)
    0x08006488   0x08006488   0x0000002c   Code   RO         1622    locale$$code        c_w.l(lc_numeric_c.o)
    0x080064b4   0x080064b4   0x0000002c   Code   RO         1639    locale$$code        c_w.l(lc_ctype_c.o)
    0x080064e0   0x080064e0   0x00000062   Code   RO         1354    x$fpl$d2f           fz_ws.l(d2f.o)
    0x08006542   0x08006542   0x00000002   PAD
    0x08006544   0x08006544   0x00000150   Code   RO         1356    x$fpl$dadd          fz_ws.l(daddsub_clz.o)
    0x08006694   0x08006694   0x00000010   Code   RO         1632    x$fpl$dcheck1       fz_ws.l(dcheck1.o)
    0x080066a4   0x080066a4   0x00000018   Code   RO         1491    x$fpl$dcmpinf       fz_ws.l(dcmpi.o)
    0x080066bc   0x080066bc   0x000002b0   Code   RO         1363    x$fpl$ddiv          fz_ws.l(ddiv.o)
    0x0800696c   0x0800696c   0x00000078   Code   RO         1493    x$fpl$deqf          fz_ws.l(deqf.o)
    0x080069e4   0x080069e4   0x0000005e   Code   RO         1366    x$fpl$dfix          fz_ws.l(dfix.o)
    0x08006a42   0x08006a42   0x00000002   PAD
    0x08006a44   0x08006a44   0x0000005a   Code   RO         1370    x$fpl$dfixu         fz_ws.l(dfixu.o)
    0x08006a9e   0x08006a9e   0x0000002e   Code   RO         1375    x$fpl$dflt          fz_ws.l(dflt_clz.o)
    0x08006acc   0x08006acc   0x00000026   Code   RO         1374    x$fpl$dfltu         fz_ws.l(dflt_clz.o)
    0x08006af2   0x08006af2   0x00000002   PAD
    0x08006af4   0x08006af4   0x00000078   Code   RO         1380    x$fpl$dleqf         fz_ws.l(dleqf.o)
    0x08006b6c   0x08006b6c   0x00000154   Code   RO         1382    x$fpl$dmul          fz_ws.l(dmul.o)
    0x08006cc0   0x08006cc0   0x0000009c   Code   RO         1495    x$fpl$dnaninf       fz_ws.l(dnaninf.o)
    0x08006d5c   0x08006d5c   0x0000000c   Code   RO         1497    x$fpl$dretinf       fz_ws.l(dretinf.o)
    0x08006d68   0x08006d68   0x0000006c   Code   RO         1384    x$fpl$drleqf        fz_ws.l(drleqf.o)
    0x08006dd4   0x08006dd4   0x000000b4   Code   RO         1499    x$fpl$drnd          fz_ws.l(drnd.o)
    0x08006e88   0x08006e88   0x00000016   Code   RO         1357    x$fpl$drsb          fz_ws.l(daddsub_clz.o)
    0x08006e9e   0x08006e9e   0x00000002   PAD
    0x08006ea0   0x08006ea0   0x000001d4   Code   RO         1358    x$fpl$dsub          fz_ws.l(daddsub_clz.o)
    0x08007074   0x08007074   0x00000056   Code   RO         1386    x$fpl$f2d           fz_ws.l(f2d.o)
    0x080070ca   0x080070ca   0x00000002   PAD
    0x080070cc   0x080070cc   0x000000c4   Code   RO         1388    x$fpl$fadd          fz_ws.l(faddsub_clz.o)
    0x08007190   0x08007190   0x00000018   Code   RO         1501    x$fpl$fcmpinf       fz_ws.l(fcmpi.o)
    0x080071a8   0x080071a8   0x00000184   Code   RO         1395    x$fpl$fdiv          fz_ws.l(fdiv.o)
    0x0800732c   0x0800732c   0x00000030   Code   RO         1399    x$fpl$fflt          fz_ws.l(fflt_clz.o)
    0x0800735c   0x0800735c   0x00000026   Code   RO         1398    x$fpl$ffltu         fz_ws.l(fflt_clz.o)
    0x08007382   0x08007382   0x00000002   PAD
    0x08007384   0x08007384   0x00000068   Code   RO         1404    x$fpl$fleqf         fz_ws.l(fleqf.o)
    0x080073ec   0x080073ec   0x0000008c   Code   RO         1503    x$fpl$fnaninf       fz_ws.l(fnaninf.o)
    0x08007478   0x08007478   0x0000000a   Code   RO         1505    x$fpl$fretinf       fz_ws.l(fretinf.o)
    0x08007482   0x08007482   0x00000002   PAD
    0x08007484   0x08007484   0x000000ea   Code   RO         1390    x$fpl$fsub          fz_ws.l(faddsub_clz.o)
    0x0800756e   0x0800756e   0x00000004   Code   RO         1507    x$fpl$printf1       fz_ws.l(printf1.o)
    0x08007572   0x08007572   0x00000004   Code   RO         1509    x$fpl$printf2       fz_ws.l(printf2.o)
    0x08007576   0x08007576   0x00000064   Code   RO         1686    x$fpl$retnan        fz_ws.l(retnan.o)
    0x080075da   0x080075da   0x0000005c   Code   RO         1576    x$fpl$scalbn        fz_ws.l(scalbn.o)
    0x08007636   0x08007636   0x00000030   Code   RO         1699    x$fpl$trapveneer    fz_ws.l(trapv.o)
    0x08007666   0x08007666   0x00000000   Code   RO         1515    x$fpl$usenofp       fz_ws.l(usenofp.o)
    0x08007666   0x08007666   0x00000dbc   Data   RO          726    .constdata          oled_data.o
    0x08008422   0x08008422   0x00000011   Data   RO         1342    .constdata          c_w.l(__printf_flags_ss_wp.o)
    0x08008433   0x08008433   0x00000001   PAD
    0x08008434   0x08008434   0x00000008   Data   RO         1436    .constdata          c_w.l(_printf_wctomb.o)
    0x0800843c   0x0800843c   0x00000028   Data   RO         1465    .constdata          c_w.l(_printf_hex_int_ll_ptr.o)
    0x08008464   0x08008464   0x00000004   PAD
    0x08008468   0x08008468   0x00000098   Data   RO         1518    .constdata          m_ws.l(atan.o)
    0x08008500   0x08008500   0x00000008   Data   RO         1540    .constdata          m_ws.l(qnan.o)
    0x08008508   0x08008508   0x00000026   Data   RO         1566    .constdata          c_w.l(_printf_fp_hex.o)
    0x0800852e   0x0800852e   0x00000002   PAD
    0x08008530   0x08008530   0x00000094   Data   RO         1597    .constdata          c_w.l(bigflt0.o)
    0x080085c4   0x080085c4   0x00000020   Data   RO         1765    Region$$Table       anon$$obj.o
    0x080085e4   0x080085e4   0x0000001c   Data   RO         1621    locale$$data        c_w.l(lc_numeric_c.o)
    0x08008600   0x08008600   0x00000110   Data   RO         1638    locale$$data        c_w.l(lc_ctype_c.o)


    Execution Region RW_IRAM1 (Exec base: 0x20000000, Load base: 0x08008710, Size: 0x00000d00, Max: 0x00005000, ABSOLUTE)

    Exec Addr    Load Addr    Size         Type   Attr      Idx    E Section Name        Object

    0x20000000   0x08008710   0x00000014   Data   RW          243    .data               system_stm32f10x.o
    0x20000014   0x08008724   0x00000004   Data   RW          377    .data               bsp.o
    0x20000018   0x08008728   0x00000004   Data   RW          407    .data               control_task.o
    0x2000001c   0x0800872c   0x0000000e   Data   RW          433    .data               nrf24l01.o
    0x2000002a   0x0800873a   0x00000002   PAD
    0x2000002c   0x0800873c   0x0000000d   Data   RW          582    .data               ad.o
    0x20000039   0x08008749   0x00000005   Data   RW          612    .data               key.o
    0x2000003e   0x0800874e   0x00000002   Data   RW          642    .data               usart_1.o
    0x20000040   0x08008750   0x00000014   Data   RW         1144    .data               stm32f10x_rcc.o
    0x20000054        -       0x00000040   Zero   RW          432    .bss                nrf24l01.o
    0x20000094        -       0x0000000a   Zero   RW          581    .bss                ad.o
    0x2000009e        -       0x00000400   Zero   RW          699    .bss                oled.o
    0x2000049e   0x08008764   0x00000002   PAD
    0x200004a0        -       0x00000060   Zero   RW         1583    .bss                c_w.l(libspace.o)
    0x20000500        -       0x00000400   Zero   RW          750    HEAP                startup_stm32f10x_md.o
    0x20000900        -       0x00000400   Zero   RW          749    STACK               startup_stm32f10x_md.o


==============================================================================

Image component sizes


      Code (inc. data)   RO Data    RW Data    ZI Data      Debug   Object Name

       612         62          0         13         10       2162   ad.o
        28          0          0          4          0        615   bsp.o
       116         22          0          4          0        545   control_task.o
       348         34          0          5          0       1558   key.o
       108         12          0          0          0        491   led.o
       268         62          0          0          0     260795   main.o
       220         22          0          0          0       1741   misc.o
      1228         58          0         14         64      15050   nrf24l01.o
      5372         50          0          0       1024      15167   oled.o
         0          0       3516          0          0       1385   oled_data.o
        64         26        236          0       2048        772   startup_stm32f10x_md.o
      1102         26          0          0          0      10985   stm32f10x_adc.o
       860         38          0          0          0       5673   stm32f10x_gpio.o
        26          0          0          0          0       1158   stm32f10x_it.o
       932         36          0         20          0       8824   stm32f10x_rcc.o
      3610         88          0          0          0      22784   stm32f10x_tim.o
      1032         22          0          0          0       8400   stm32f10x_usart.o
       480         38          0         20          0       1647   system_stm32f10x.o
       124          4          0          0          0        551   timer_1.o
       588         10          0          0          0       5926   usart.o
       208         12          0          2          0       1031   usart_1.o

    ----------------------------------------------------------------------
     17332        622       3784         84       3148     367260   Object Totals
         0          0         32          0          0          0   (incl. Generated)
         6          0          0          2          2          0   (incl. Padding)

    ----------------------------------------------------------------------

      Code (inc. data)   RO Data    RW Data    ZI Data      Debug   Library Member Name

        44          6          0          0          0         84   __2sprintf.o
         8          0          0          0          0         68   __main.o
       392          4         17          0          0         92   __printf_flags_ss_wp.o
        14          0          0          0          0         68   __printf_wp.o
         0          0          0          0          0          0   __rtentry.o
        12          0          0          0          0          0   __rtentry2.o
         6          0          0          0          0          0   __rtentry4.o
        52          8          0          0          0          0   __scatter.o
        26          0          0          0          0          0   __scatter_copy.o
        28          0          0          0          0          0   __scatter_zi.o
         6          0          0          0          0          0   _printf_a.o
         6          0          0          0          0          0   _printf_c.o
        44          0          0          0          0        108   _printf_char.o
        48          6          0          0          0         96   _printf_char_common.o
        40          0          0          0          0         68   _printf_charcount.o
         6          0          0          0          0          0   _printf_d.o
       120         16          0          0          0         92   _printf_dec.o
         6          0          0          0          0          0   _printf_e.o
         6          0          0          0          0          0   _printf_f.o
      1054          0          0          0          0        216   _printf_fp_dec.o
       764          8         38          0          0        100   _printf_fp_hex.o
       128         16          0          0          0         84   _printf_fp_infnan.o
         6          0          0          0          0          0   _printf_g.o
       148          4         40          0          0        160   _printf_hex_int_ll_ptr.o
         6          0          0          0          0          0   _printf_i.o
       178          0          0          0          0         88   _printf_intcommon.o
        10          0          0          0          0          0   _printf_l.o
         6          0          0          0          0          0   _printf_lc.o
        10          0          0          0          0          0   _printf_ll.o
         6          0          0          0          0          0   _printf_lld.o
         6          0          0          0          0          0   _printf_lli.o
         6          0          0          0          0          0   _printf_llo.o
         6          0          0          0          0          0   _printf_llu.o
         6          0          0          0          0          0   _printf_llx.o
       124         16          0          0          0         92   _printf_longlong_dec.o
         6          0          0          0          0          0   _printf_ls.o
         6          0          0          0          0          0   _printf_n.o
         6          0          0          0          0          0   _printf_o.o
       112         10          0          0          0        124   _printf_oct_int_ll.o
         6          0          0          0          0          0   _printf_p.o
        78          0          0          0          0        108   _printf_pad.o
         0          0          0          0          0          0   _printf_percent.o
         4          0          0          0          0          0   _printf_percent_end.o
         6          0          0          0          0          0   _printf_s.o
        82          0          0          0          0         80   _printf_str.o
        36          0          0          0          0         84   _printf_truncate.o
         6          0          0          0          0          0   _printf_u.o
        44          0          0          0          0        108   _printf_wchar.o
       188          6          8          0          0         92   _printf_wctomb.o
         6          0          0          0          0          0   _printf_x.o
        22          0          0          0          0        100   _rserrno.o
        10          0          0          0          0         68   _sputc.o
        64          0          0          0          0         92   _wcrtomb.o
       228          4        148          0          0         96   bigflt0.o
      1936        128          0          0          0        672   btod.o
        18          0          0          0          0         80   exit.o
         6          0          0          0          0        152   heapauxi.o
        44         10        272          0          0         76   lc_ctype_c.o
        44         10         28          0          0         76   lc_numeric_c.o
         2          0          0          0          0          0   libinit.o
        30          0          0          0          0          0   libinit2.o
         2          0          0          0          0          0   libshutdown.o
         2          0          0          0          0          0   libshutdown2.o
         8          4          0          0         96         68   libspace.o
       138          0          0          0          0         80   lludiv10.o
        16          4          0          0          0         76   rt_ctype_table.o
         8          4          0          0          0         68   rt_errno_addr_intlibspace.o
         8          4          0          0          0         68   rt_locale_intlibspace.o
        68          0          0          0          0         68   rt_memclr.o
        78          0          0          0          0         80   rt_memclr_w.o
         2          0          0          0          0          0   rtexit.o
        10          0          0          0          0          0   rtexit2.o
       128          0          0          0          0         68   strcmpv7m.o
        74          0          0          0          0         80   sys_stackheap_outer.o
         2          0          0          0          0         68   use_no_semi.o
         2          0          0          0          0         68   use_no_semi_2.o
        36          4          0          0          0         76   vsprintf.o
        98          4          0          0          0         92   d2f.o
       826         16          0          0          0        348   daddsub_clz.o
        16          4          0          0          0         68   dcheck1.o
        24          0          0          0          0         68   dcmpi.o
       688        140          0          0          0        208   ddiv.o
       120          4          0          0          0         92   deqf.o
        94          4          0          0          0         92   dfix.o
        90          4          0          0          0         92   dfixu.o
        84          0          0          0          0        136   dflt_clz.o
       120          4          0          0          0         92   dleqf.o
       340         12          0          0          0        104   dmul.o
       156          4          0          0          0         92   dnaninf.o
        12          0          0          0          0         68   dretinf.o
       108          0          0          0          0         80   drleqf.o
       180          4          0          0          0         80   drnd.o
        86          4          0          0          0         84   f2d.o
       430          8          0          0          0        168   faddsub_clz.o
        24          0          0          0          0         68   fcmpi.o
       388         76          0          0          0         96   fdiv.o
        86          0          0          0          0        136   fflt_clz.o
       104          4          0          0          0         84   fleqf.o
       140          4          0          0          0         84   fnaninf.o
        10          0          0          0          0         68   fretinf.o
         4          0          0          0          0         68   printf1.o
         4          0          0          0          0         68   printf2.o
       100          0          0          0          0         68   retnan.o
        92          0          0          0          0         68   scalbn.o
        48          0          0          0          0         68   trapv.o
         0          0          0          0          0          0   usenofp.o
       544         70        152          0          0        124   atan.o
       412         38          0          0          0        144   atan2.o
        26          6          0          0          0        204   dunder.o
        40          0          0          0          0         68   fpclassify.o
       170          0          0          0          0         96   poly.o
         0          0          8          0          0          0   qnan.o
       148         12          0          0          0         88   round.o

    ----------------------------------------------------------------------
     12742        694        718          0         96       7856   Library Totals
        30          0          7          0          0          0   (incl. Padding)

    ----------------------------------------------------------------------

      Code (inc. data)   RO Data    RW Data    ZI Data      Debug   Library Name

      6900        272        551          0         96       4292   c_w.l
      4472        296          0          0          0       2840   fz_ws.l
      1340        126        160          0          0        724   m_ws.l

    ----------------------------------------------------------------------
     12742        694        718          0         96       7856   Library Totals

    ----------------------------------------------------------------------

==============================================================================


      Code (inc. data)   RO Data    RW Data    ZI Data      Debug   

     30074       1316       4502         84       3244     369080   Grand Totals
     30074       1316       4502         84       3244     369080   ELF Image Totals
     30074       1316       4502         84          0          0   ROM Totals

==============================================================================

    Total RO  Size (Code + RO Data)                34576 (  33.77kB)
    Total RW  Size (RW Data + ZI Data)              3328 (   3.25kB)
    Total ROM Size (Code + RO Data + RW Data)      34660 (  33.85kB)

==============================================================================

