Component: ARM Compiler 5.06 update 7 (build 960) Tool: armlink [4d3601]

==============================================================================

Section Cross References

    main.o(.text) refers to bsp.o(.text) for Bsp_Init
    main.o(.text) refers to key.o(.text) for key_Get
    main.o(.text) refers to ad.o(.text) for rocker_Get
    main.o(.text) refers to nrf24l01.o(.text) for NRF24L01_TX_Data
    main.o(.text) refers to oled.o(.text) for OLED_Clear
    main.o(.text) refers to dflt_clz.o(x$fpl$dfltu) for __aeabi_ui2d
    main.o(.text) refers to dmul.o(x$fpl$dmul) for __aeabi_dmul
    main.o(.text) refers to f2d.o(x$fpl$f2d) for __aeabi_f2d
    main.o(.text) refers to bsp.o(.data) for timer
    main.o(.text) refers to key.o(.data) for Key
    main.o(.text) refers to ad.o(.data) for L_Z
    main.o(.text) refers to nrf24l01.o(.data) for communication_quality
    system_stm32f10x.o(.text) refers to system_stm32f10x.o(.data) for SystemCoreClock
    timer_1.o(.text) refers to stm32f10x_rcc.o(.text) for RCC_APB2PeriphClockCmd
    timer_1.o(.text) refers to stm32f10x_tim.o(.text) for TIM_InternalClockConfig
    timer_1.o(.text) refers to misc.o(.text) for NVIC_PriorityGroupConfig
    usart.o(.rev16_text) refers (Special) to use_no_semi_2.o(.text) for __use_no_semihosting
    usart.o(.revsh_text) refers (Special) to use_no_semi_2.o(.text) for __use_no_semihosting
    usart.o(.rrx_text) refers (Special) to use_no_semi_2.o(.text) for __use_no_semihosting
    usart.o(.text) refers (Special) to use_no_semi_2.o(.text) for __use_no_semihosting
    usart.o(.text) refers to _printf_percent.o(.ARM.Collect$$_printf_percent$$00000000) for _printf_percent
    usart.o(.text) refers to _printf_u.o(.ARM.Collect$$_printf_percent$$0000000A) for _printf_u
    usart.o(.text) refers to _printf_dec.o(.text) for _printf_int_dec
    usart.o(.text) refers to stm32f10x_usart.o(.text) for USART_SendData
    usart.o(.text) refers to __2sprintf.o(.text) for __2sprintf
    usart.o(.text) refers to vsprintf.o(.text) for vsprintf
    usart.o(.text) refers to rt_memclr.o(.text) for __aeabi_memclr
    usart.o(.bss) refers (Special) to use_no_semi_2.o(.text) for __use_no_semihosting
    usart.o(.data) refers (Special) to use_no_semi_2.o(.text) for __use_no_semihosting
    bsp.o(.text) refers to ad.o(.text) for AD_Init
    bsp.o(.text) refers to timer_1.o(.text) for Timer_1_Init
    bsp.o(.text) refers to led.o(.text) for LED_Init
    bsp.o(.text) refers to key.o(.text) for Key_Init
    bsp.o(.text) refers to oled.o(.text) for OLED_Init
    bsp.o(.text) refers to nrf24l01.o(.text) for NRF24L01_Init
    control_task.o(.text) refers to stm32f10x_tim.o(.text) for TIM_GetITStatus
    control_task.o(.text) refers to key.o(.text) for Key_Tick
    control_task.o(.text) refers to control_task.o(.data) for Count0
    control_task.o(.text) refers to nrf24l01.o(.data) for NRF24L01_Flag
    control_task.o(.text) refers to bsp.o(.data) for timer
    nrf24l01.o(.text) refers to stm32f10x_gpio.o(.text) for GPIO_WriteBit
    nrf24l01.o(.text) refers to stm32f10x_rcc.o(.text) for RCC_APB2PeriphClockCmd
    nrf24l01.o(.text) refers to nrf24l01.o(.data) for NRF24L01_RxAddress
    nrf24l01.o(.text) refers to nrf24l01.o(.bss) for NRF24L01_TxPacket
    nrf24l01.o(.text) refers to ad.o(.text) for CalculateSuccessRatio
    nrf24l01.o(.text) refers to key.o(.data) for Mode
    nrf24l01.o(.text) refers to ad.o(.data) for L_Z
    ad.o(.text) refers to stm32f10x_rcc.o(.text) for RCC_APB2PeriphClockCmd
    ad.o(.text) refers to stm32f10x_gpio.o(.text) for GPIO_Init
    ad.o(.text) refers to stm32f10x_adc.o(.text) for ADC_Init
    ad.o(.text) refers to fflt_clz.o(x$fpl$ffltu) for __aeabi_ui2f
    ad.o(.text) refers to fdiv.o(x$fpl$fdiv) for __aeabi_fdiv
    ad.o(.text) refers to f2d.o(x$fpl$f2d) for __aeabi_f2d
    ad.o(.text) refers to dmul.o(x$fpl$dmul) for __aeabi_dmul
    ad.o(.text) refers to d2f.o(x$fpl$d2f) for __aeabi_d2f
    ad.o(.text) refers to daddsub_clz.o(x$fpl$dsub) for __aeabi_dsub
    ad.o(.text) refers to ad.o(.bss) for SendFlagArray
    ad.o(.text) refers to ad.o(.data) for p
    key.o(.text) refers to stm32f10x_rcc.o(.text) for RCC_APB2PeriphClockCmd
    key.o(.text) refers to stm32f10x_gpio.o(.text) for GPIO_PinRemapConfig
    key.o(.text) refers to key.o(.data) for Key_Num
    usart_1.o(.text) refers to stm32f10x_rcc.o(.text) for RCC_APB2PeriphClockCmd
    usart_1.o(.text) refers to stm32f10x_gpio.o(.text) for GPIO_Init
    usart_1.o(.text) refers to stm32f10x_usart.o(.text) for USART_Init
    usart_1.o(.text) refers to misc.o(.text) for NVIC_PriorityGroupConfig
    usart_1.o(.text) refers to usart_1.o(.data) for USART1_Data
    led.o(.text) refers to stm32f10x_rcc.o(.text) for RCC_APB2PeriphClockCmd
    led.o(.text) refers to stm32f10x_gpio.o(.text) for GPIO_PinRemapConfig
    oled.o(.text) refers to stm32f10x_gpio.o(.text) for GPIO_WriteBit
    oled.o(.text) refers to stm32f10x_rcc.o(.text) for RCC_APB2PeriphClockCmd
[...]
    __rt_lib_init_preinit_1                  0x080001f3   Thumb Code     0  libinit2.o(.ARM.Collect$$libinit$$00000004)
    __rt_lib_init_rand_1                     0x080001f3   Thumb Code     0  libinit2.o(.ARM.Collect$$libinit$$0000000E)
    __rt_lib_init_user_alloc_1               0x080001f3   Thumb Code     0  libinit2.o(.ARM.Collect$$libinit$$0000000C)
    __rt_lib_init_lc_collate_1               0x080001f9   Thumb Code     0  libinit2.o(.ARM.Collect$$libinit$$00000011)
    __rt_lib_init_lc_ctype_2                 0x080001f9   Thumb Code     0  libinit2.o(.ARM.Collect$$libinit$$00000012)
    __rt_lib_init_lc_ctype_1                 0x08000205   Thumb Code     0  libinit2.o(.ARM.Collect$$libinit$$00000013)
    __rt_lib_init_lc_monetary_1              0x08000205   Thumb Code     0  libinit2.o(.ARM.Collect$$libinit$$00000015)
    __rt_lib_init_lc_numeric_2               0x08000205   Thumb Code     0  libinit2.o(.ARM.Collect$$libinit$$00000016)
    __rt_lib_init_alloca_1                   0x0800020f   Thumb Code     0  libinit2.o(.ARM.Collect$$libinit$$0000002E)
    __rt_lib_init_argv_1                     0x0800020f   Thumb Code     0  libinit2.o(.ARM.Collect$$libinit$$0000002C)
    __rt_lib_init_atexit_1                   0x0800020f   Thumb Code     0  libinit2.o(.ARM.Collect$$libinit$$0000001B)
    __rt_lib_init_clock_1                    0x0800020f   Thumb Code     0  libinit2.o(.ARM.Collect$$libinit$$00000021)
    __rt_lib_init_cpp_1                      0x0800020f   Thumb Code     0  libinit2.o(.ARM.Collect$$libinit$$00000032)
    __rt_lib_init_exceptions_1               0x0800020f   Thumb Code     0  libinit2.o(.ARM.Collect$$libinit$$00000030)
    __rt_lib_init_fp_trap_1                  0x0800020f   Thumb Code     0  libinit2.o(.ARM.Collect$$libinit$$0000001F)
    __rt_lib_init_getenv_1                   0x0800020f   Thumb Code     0  libinit2.o(.ARM.Collect$$libinit$$00000023)
    __rt_lib_init_lc_numeric_1               0x0800020f   Thumb Code     0  libinit2.o(.ARM.Collect$$libinit$$00000017)
    __rt_lib_init_lc_time_1                  0x0800020f   Thumb Code     0  libinit2.o(.ARM.Collect$$libinit$$00000019)
    __rt_lib_init_return                     0x0800020f   Thumb Code     0  libinit2.o(.ARM.Collect$$libinit$$00000033)
    __rt_lib_init_signal_1                   0x0800020f   Thumb Code     0  libinit2.o(.ARM.Collect$$libinit$$0000001D)
    __rt_lib_init_stdio_1                    0x0800020f   Thumb Code     0  libinit2.o(.ARM.Collect$$libinit$$00000025)
    __rt_lib_shutdown                        0x08000211   Thumb Code     0  libshutdown.o(.ARM.Collect$$libshutdown$$00000000)
    __rt_lib_shutdown_cpp_1                  0x08000213   Thumb Code     0  libshutdown2.o(.ARM.Collect$$libshutdown$$00000004)
    __rt_lib_shutdown_fini_1                 0x08000213   Thumb Code     0  libshutdown2.o(.ARM.Collect$$libshutdown$$00000002)
    __rt_lib_shutdown_fp_trap_1              0x08000213   Thumb Code     0  libshutdown2.o(.ARM.Collect$$libshutdown$$00000009)
    __rt_lib_shutdown_heap_1                 0x08000213   Thumb Code     0  libshutdown2.o(.ARM.Collect$$libshutdown$$00000011)
    __rt_lib_shutdown_return                 0x08000213   Thumb Code     0  libshutdown2.o(.ARM.Collect$$libshutdown$$00000012)
    __rt_lib_shutdown_signal_1               0x08000213   Thumb Code     0  libshutdown2.o(.ARM.Collect$$libshutdown$$0000000C)
    __rt_lib_shutdown_stdio_1                0x08000213   Thumb Code     0  libshutdown2.o(.ARM.Collect$$libshutdown$$00000006)
    __rt_lib_shutdown_user_alloc_1           0x08000213   Thumb Code     0  libshutdown2.o(.ARM.Collect$$libshutdown$$0000000E)
    __rt_entry                               0x08000215   Thumb Code     0  __rtentry.o(.ARM.Collect$$rtentry$$00000000)
    __rt_entry_presh_1                       0x08000215   Thumb Code     0  __rtentry2.o(.ARM.Collect$$rtentry$$00000002)
    __rt_entry_sh                            0x08000215   Thumb Code     0  __rtentry4.o(.ARM.Collect$$rtentry$$00000004)
    __rt_entry_li                            0x0800021b   Thumb Code     0  __rtentry2.o(.ARM.Collect$$rtentry$$0000000A)
    __rt_entry_postsh_1                      0x0800021b   Thumb Code     0  __rtentry2.o(.ARM.Collect$$rtentry$$00000009)
    __rt_entry_main                          0x0800021f   Thumb Code     0  __rtentry2.o(.ARM.Collect$$rtentry$$0000000D)
    __rt_entry_postli_1                      0x0800021f   Thumb Code     0  __rtentry2.o(.ARM.Collect$$rtentry$$0000000C)
    __rt_exit                                0x08000227   Thumb Code     0  rtexit.o(.ARM.Collect$$rtexit$$00000000)
    __rt_exit_ls                             0x08000229   Thumb Code     0  rtexit2.o(.ARM.Collect$$rtexit$$00000003)
    __rt_exit_prels_1                        0x08000229   Thumb Code     0  rtexit2.o(.ARM.Collect$$rtexit$$00000002)
    __rt_exit_exit                           0x0800022d   Thumb Code     0  rtexit2.o(.ARM.Collect$$rtexit$$00000004)
    main                                     0x08000235   Thumb Code   338  main.o(.text)
    NMI_Handler                              0x08000419   Thumb Code     2  stm32f10x_it.o(.text)
    HardFault_Handler                        0x0800041b   Thumb Code     4  stm32f10x_it.o(.text)
    MemManage_Handler                        0x0800041f   Thumb Code     4  stm32f10x_it.o(.text)
    BusFault_Handler                         0x08000423   Thumb Code     4  stm32f10x_it.o(.text)
    UsageFault_Handler                       0x08000427   Thumb Code     4  stm32f10x_it.o(.text)
    SVC_Handler                              0x0800042b   Thumb Code     2  stm32f10x_it.o(.text)
    DebugMon_Handler                         0x0800042d   Thumb Code     2  stm32f10x_it.o(.text)
    PendSV_Handler                           0x0800042f   Thumb Code     2  stm32f10x_it.o(.text)
    SysTick_Handler                          0x08000431   Thumb Code     2  stm32f10x_it.o(.text)
    SystemInit                               0x08000513   Thumb Code    78  system_stm32f10x.o(.text)
    SystemCoreClockUpdate                    0x08000561   Thumb Code   142  system_stm32f10x.o(.text)
    Timer_1_Init                             0x08000615   Thumb Code   120  timer_1.o(.text)
    _sys_exit                                0x08000691   Thumb Code     4  usart.o(.text)
    usart_send_byte                          0x08000695   Thumb Code    30  usart.o(.text)
    fputc                                    0x080006b3   Thumb Code    18  usart.o(.text)
    usart_SendString                         0x080006c5   Thumb Code    30  usart.o(.text)
    usart_send_number                        0x080006e3   Thumb Code    26  usart.o(.text)
    usart_pow                                0x080006fd   Thumb Code    20  usart.o(.text)
    usart_send_array                         0x08000711   Thumb Code    34  usart.o(.text)
    usart_printf                             0x08000733   Thumb Code    42  usart.o(.text)
    usart_Dispose_Data                       0x0800075d   Thumb Code   354  usart.o(.text)
    USART_Deal                               0x080008bf   Thumb Code    20  usart.o(.text)
    Bsp_Init                                 0x080008dd   Thumb Code    28  bsp.o(.text)
    TIM1_UP_IRQHandler                       0x080008f9   Thumb Code    94  control_task.o(.text)
    NRF24L01_W_CE                            0x0800096d   Thumb Code    18  nrf24l01.o(.text)
    NRF24L01_W_CSN                           0x0800097f   Thumb Code    18  nrf24l01.o(.text)
    NRF24L01_W_SCK                           0x08000991   Thumb Code    18  nrf24l01.o(.text)
    NRF24L01_W_MOSI                          0x080009a3   Thumb Code    18  nrf24l01.o(.text)
    NRF24L01_R_MISO                          0x080009b5   Thumb Code    14  nrf24l01.o(.text)
    NRF24L01_GPIO_Init                       0x080009c3   Thumb Code   116  nrf24l01.o(.text)
    NRF24L01_SPI_SwapByte                    0x08000a37   Thumb Code    66  nrf24l01.o(.text)
    NRF24L01_ReadReg                         0x08000a79   Thumb Code    34  nrf24l01.o(.text)
    NRF24L01_ReadRegs                        0x08000a9b   Thumb Code    52  nrf24l01.o(.text)
    NRF24L01_WriteReg                        0x08000acf   Thumb Code    34  nrf24l01.o(.text)
    NRF24L01_WriteRegs                       0x08000af1   Thumb Code    52  nrf24l01.o(.text)
    NRF24L01_ReadRxPayload                   0x08000b25   Thumb Code    46  nrf24l01.o(.text)
    NRF24L01_WriteTxPayload                  0x08000b53   Thumb Code    44  nrf24l01.o(.text)
    NRF24L01_FlushTx                         0x08000b7f   Thumb Code    22  nrf24l01.o(.text)
    NRF24L01_FlushRx                         0x08000b95   Thumb Code    22  nrf24l01.o(.text)
    NRF24L01_ReadStatus                      0x08000bab   Thumb Code    26  nrf24l01.o(.text)
    NRF24L01_PowerDown                       0x08000bc5   Thumb Code    38  nrf24l01.o(.text)
    NRF24L01_StandbyI                        0x08000beb   Thumb Code    38  nrf24l01.o(.text)
    NRF24L01_Rx                              0x08000c11   Thumb Code    44  nrf24l01.o(.text)
    NRF24L01_Tx                              0x08000c3d   Thumb Code    48  nrf24l01.o(.text)
    NRF24L01_Init                            0x08000c6d   Thumb Code   102  nrf24l01.o(.text)
    NRF24L01_Send                            0x08000cd3   Thumb Code   158  nrf24l01.o(.text)
    NRF24L01_Receive                         0x08000d71   Thumb Code    84  nrf24l01.o(.text)
    NRF24L01_UpdateRxAddress                 0x08000dc5   Thumb Code    14  nrf24l01.o(.text)
    NRF24L01_TX_Data                         0x08000dd3   Thumb Code    58  nrf24l01.o(.text)
    NRF24L01_RX_Data                         0x08000e0d   Thumb Code    82  nrf24l01.o(.text)
    AD_Init                                  0x08000ea1   Thumb Code   138  ad.o(.text)
    AD_GetValue                              0x08000f2b   Thumb Code    46  ad.o(.text)
    DataProcess                              0x08000f59   Thumb Code    52  ad.o(.text)
    DataProcess_2                            0x08000f8d   Thumb Code    58  ad.o(.text)
    CalculateSuccessRatio                    0x08000fc7   Thumb Code    68  ad.o(.text)
    rocker_Get                               0x0800100b   Thumb Code   190  ad.o(.text)
    Key_Init                                 0x08001105   Thumb Code    90  key.o(.text)
    Key_GetNum                               0x0800115f   Thumb Code    24  key.o(.text)
    Key_GetState                             0x08001177   Thumb Code   118  key.o(.text)
    Key_Tick                                 0x080011ed   Thumb Code    62  key.o(.text)
    key_Get                                  0x0800122b   Thumb Code    38  key.o(.text)
    usart_1_Init                             0x08001275   Thumb Code   158  usart_1.o(.text)
    USART1_IRQHandler                        0x08001313   Thumb Code    38  usart_1.o(.text)
    LED_Init                                 0x08001345   Thumb Code    96  led.o(.text)
    OLED_W_SCL                               0x080013b1   Thumb Code    18  oled.o(.text)
    OLED_W_SDA                               0x080013c3   Thumb Code    18  oled.o(.text)
    OLED_GPIO_Init                           0x080013d5   Thumb Code    74  oled.o(.text)
    OLED_I2C_Start                           0x0800141f   Thumb Code    28  oled.o(.text)
    OLED_I2C_Stop                            0x0800143b   Thumb Code    22  oled.o(.text)
    OLED_I2C_SendByte                        0x08001451   Thumb Code    62  oled.o(.text)
    OLED_WriteCommand                        0x0800148f   Thumb Code    32  oled.o(.text)
    OLED_WriteData                           0x080014af   Thumb Code    46  oled.o(.text)
    OLED_SetCursor                           0x080014dd   Thumb Code    38  oled.o(.text)
    OLED_Update                              0x08001503   Thumb Code    36  oled.o(.text)
    OLED_Clear                               0x08001527   Thumb Code    36  oled.o(.text)
    OLED_Init                                0x0800154b   Thumb Code   154  oled.o(.text)
    OLED_Pow                                 0x080015e5   Thumb Code    20  oled.o(.text)
    OLED_pnpoly                              0x080015f9   Thumb Code   140  oled.o(.text)
    OLED_IsInAngle                           0x08001685   Thumb Code   110  oled.o(.text)
    OLED_UpdateArea                          0x080016f3   Thumb Code   120  oled.o(.text)
    OLED_ClearArea                           0x0800176b   Thumb Code   164  oled.o(.text)
    OLED_Reverse                             0x0800180f   Thumb Code    46  oled.o(.text)
    OLED_ReverseArea                         0x0800183d   Thumb Code   140  oled.o(.text)
    OLED_ShowImage                           0x080018c9   Thumb Code   248  oled.o(.text)
    OLED_ShowChar                            0x080019c1   Thumb Code    74  oled.o(.text)
    OLED_ShowString                          0x08001a0b   Thumb Code   442  oled.o(.text)
    OLED_ShowNum                             0x08001bc5   Thumb Code    96  oled.o(.text)
    OLED_ShowSignedNum                       0x08001c25   Thumb Code   112  oled.o(.text)
    OLED_ShowHexNum                          0x08001c95   Thumb Code    96  oled.o(.text)
    OLED_ShowBinNum                          0x08001cf5   Thumb Code    70  oled.o(.text)
    OLED_ShowFloatNum                        0x08001d3b   Thumb Code   210  oled.o(.text)
    OLED_Printf                              0x08001e0d   Thumb Code    50  oled.o(.text)
    OLED_DrawPoint                           0x08001e3f   Thumb Code    76  oled.o(.text)
    OLED_GetPoint                            0x08001e8b   Thumb Code    64  oled.o(.text)
    OLED_DrawLine                            0x08001ecb   Thumb Code   374  oled.o(.text)
    OLED_DrawRectangle                       0x08002041   Thumb Code   142  oled.o(.text)
    OLED_DrawTriangle                        0x080020cf   Thumb Code   232  oled.o(.text)
    OLED_DrawCircle                          0x080021b7   Thumb Code   356  oled.o(.text)
    OLED_DrawEllipse                         0x0800231b   Thumb Code   806  oled.o(.text)
    OLED_DrawArc                             0x08002641   Thumb Code   624  oled.o(.text)
    Reset_Handler                            0x080028b1   Thumb Code     8  startup_stm32f10x_md.o(.text)
    ADC1_2_IRQHandler                        0x080028cb   Thumb Code     0  startup_stm32f10x_md.o(.text)
    CAN1_RX1_IRQHandler                      0x080028cb   Thumb Code     0  startup_stm32f10x_md.o(.text)
    CAN1_SCE_IRQHandler                      0x080028cb   Thumb Code     0  startup_stm32f10x_md.o(.text)
    DMA1_Channel1_IRQHandler                 0x080028cb   Thumb Code     0  startup_stm32f10x_md.o(.text)
    DMA1_Channel2_IRQHandler                 0x080028cb   Thumb Code     0  startup_stm32f10x_md.o(.text)
    DMA1_Channel3_IRQHandler                 0x080028cb   Thumb Code     0  startup_stm32f10x_md.o(.text)
    DMA1_Channel4_IRQHandler                 0x080028cb   Thumb Code     0  startup_stm32f10x_md.o(.text)
    DMA1_Channel5_IRQHandler                 0x080028cb   Thumb Code     0  startup_stm32f10x_md.o(.text)
    DMA1_Channel6_IRQHandler                 0x080028cb   Thumb Code     0  startup_stm32f10x_md.o(.text)
    DMA1_Channel7_IRQHandler                 0x080028cb   Thumb Code     0  startup_stm32f10x_md.o(.text)
    EXTI0_IRQHandler                         0x080028cb   Thumb Code     0  startup_stm32f10x_md.o(.text)
    EXTI15_10_IRQHandler                     0x080028cb   Thumb Code     0  startup_stm32f10x_md.o(.text)
    EXTI1_IRQHandler                         0x080028cb   Thumb Code     0  startup_stm32f10x_md.o(.text)
    EXTI2_IRQHandler                         0x080028cb   Thumb Code     0  startup_stm32f10x_md.o(.text)
    EXTI3_IRQHandler                         0x080028cb   Thumb Code     0  startup_stm32f10x_md.o(.text)
    EXTI4_IRQHandler                         0x080028cb   Thumb Code     0  startup_stm32f10x_md.o(.text)
    EXTI9_5_IRQHandler                       0x080028cb   Thumb Code     0  startup_stm32f10x_md.o(.text)
    FLASH_IRQHandler                         0x080028cb   Thumb Code     0  startup_stm32f10x_md.o(.text)
    I2C1_ER_IRQHandler                       0x080028cb   Thumb Code     0  startup_stm32f10x_md.o(.text)
    I2C1_EV_IRQHandler                       0x080028cb   Thumb Code     0  startup_stm32f10x_md.o(.text)
    I2C2_ER_IRQHandler                       0x080028cb   Thumb Code     0  startup_stm32f10x_md.o(.text)
    I2C2_EV_IRQHandler                       0x080028cb   Thumb Code     0  startup_stm32f10x_md.o(.text)
    PVD_IRQHandler                           0x080028cb   Thumb Code     0  startup_stm32f10x_md.o(.text)
    RCC_IRQHandler                           0x080028cb   Thumb Code     0  startup_stm32f10x_md.o(.text)
    RTCAlarm_IRQHandler                      0x080028cb   Thumb Code     0  startup_stm32f10x_md.o(.text)
    RTC_IRQHandler                           0x080028cb   Thumb Code     0  startup_stm32f10x_md.o(.text)
    SPI1_IRQHandler                          0x080028cb   Thumb Code     0  startup_stm32f10x_md.o(.text)
    SPI2_IRQHandler                          0x080028cb   Thumb Code     0  startup_stm32f10x_md.o(.text)
    TAMPER_IRQHandler                        0x080028cb   Thumb Code     0  startup_stm32f10x_md.o(.text)
    TIM1_BRK_IRQHandler                      0x080028cb   Thumb Code     0  startup_stm32f10x_md.o(.text)
    TIM1_CC_IRQHandler                       0x080028cb   Thumb Code     0  startup_stm32f10x_md.o(.text)
    TIM1_TRG_COM_IRQHandler                  0x080028cb   Thumb Code     0  startup_stm32f10x_md.o(.text)
    TIM2_IRQHandler                          0x080028cb   Thumb Code     0  startup_stm32f10x_md.o(.text)
    TIM3_IRQHandler                          0x080028cb   Thumb Code     0  startup_stm32f10x_md.o(.text)
    TIM4_IRQHandler                          0x080028cb   Thumb Code     0  startup_stm32f10x_md.o(.text)
    USART2_IRQHandler                        0x080028cb   Thumb Code     0  startup_stm32f10x_md.o(.text)
    USART3_IRQHandler                        0x080028cb   Thumb Code     0  startup_stm32f10x_md.o(.text)
    USBWakeUp_IRQHandler                     0x080028cb   Thumb Code     0  startup_stm32f10x_md.o(.text)
    USB_HP_CAN1_TX_IRQHandler                0x080028cb   Thumb Code     0  startup_stm32f10x_md.o(.text)
    USB_LP_CAN1_RX0_IRQHandler               0x080028cb   Thumb Code     0  startup_stm32f10x_md.o(.text)
    WWDG_IRQHandler                          0x080028cb   Thumb Code     0  startup_stm32f10x_md.o(.text)
    __user_initial_stackheap                 0x080028cd   Thumb Code     0  startup_stm32f10x_md.o(.text)
    NVIC_PriorityGroupConfig                 0x080028f1   Thumb Code    10  misc.o(.text)
    NVIC_Init                                0x080028fb   Thumb Code   100  misc.o(.text)
    NVIC_SetVectorTable                      0x0800295f   Thumb Code    14  misc.o(.text)
    NVIC_SystemLPConfig                      0x0800296d   Thumb Code    34  misc.o(.text)
    SysTick_CLKSourceConfig                  0x0800298f   Thumb Code    40  misc.o(.text)
    ADC_DeInit                               0x080029cd   Thumb Code    78  stm32f10x_adc.o(.text)
    ADC_Init                                 0x08002a1b   Thumb Code    70  stm32f10x_adc.o(.text)
    ADC_StructInit                           0x08002a61   Thumb Code    18  stm32f10x_adc.o(.text)
    ADC_Cmd                                  0x08002a73   Thumb Code    22  stm32f10x_adc.o(.text)
    ADC_DMACmd                               0x08002a89   Thumb Code    22  stm32f10x_adc.o(.text)
    ADC_ITConfig                             0x08002a9f   Thumb Code    24  stm32f10x_adc.o(.text)
    ADC_ResetCalibration                     0x08002ab7   Thumb Code    10  stm32f10x_adc.o(.text)
    ADC_GetResetCalibrationStatus            0x08002ac1   Thumb Code    20  stm32f10x_adc.o(.text)
    ADC_StartCalibration                     0x08002ad5   Thumb Code    10  stm32f10x_adc.o(.text)
    ADC_GetCalibrationStatus                 0x08002adf   Thumb Code    20  stm32f10x_adc.o(.text)
    ADC_SoftwareStartConvCmd                 0x08002af3   Thumb Code    22  stm32f10x_adc.o(.text)
    ADC_GetSoftwareStartConvStatus           0x08002b09   Thumb Code    20  stm32f10x_adc.o(.text)
    ADC_DiscModeChannelCountConfig           0x08002b1d   Thumb Code    24  stm32f10x_adc.o(.text)
    ADC_DiscModeCmd                          0x08002b35   Thumb Code    22  stm32f10x_adc.o(.text)
    ADC_RegularChannelConfig                 0x08002b4b   Thumb Code   184  stm32f10x_adc.o(.text)
    ADC_ExternalTrigConvCmd                  0x08002c03   Thumb Code    22  stm32f10x_adc.o(.text)
    ADC_GetConversionValue                   0x08002c19   Thumb Code     8  stm32f10x_adc.o(.text)
    ADC_GetDualModeConversionValue           0x08002c21   Thumb Code     8  stm32f10x_adc.o(.text)
    ADC_AutoInjectedConvCmd                  0x08002c29   Thumb Code    22  stm32f10x_adc.o(.text)
    ADC_InjectedDiscModeCmd                  0x08002c3f   Thumb Code    22  stm32f10x_adc.o(.text)
    ADC_ExternalTrigInjectedConvConfig       0x08002c55   Thumb Code    16  stm32f10x_adc.o(.text)
    ADC_ExternalTrigInjectedConvCmd          0x08002c65   Thumb Code    22  stm32f10x_adc.o(.text)
    ADC_SoftwareStartInjectedConvCmd         0x08002c7b   Thumb Code    22  stm32f10x_adc.o(.text)
    ADC_GetSoftwareStartInjectedConvCmdStatus 0x08002c91   Thumb Code    20  stm32f10x_adc.o(.text)
    ADC_InjectedChannelConfig                0x08002ca5   Thumb Code   130  stm32f10x_adc.o(.text)
    ADC_InjectedSequencerLengthConfig        0x08002d27   Thumb Code    24  stm32f10x_adc.o(.text)
    ADC_SetInjectedOffset                    0x08002d3f   Thumb Code    20  stm32f10x_adc.o(.text)
    ADC_GetInjectedConversionValue           0x08002d53   Thumb Code    28  stm32f10x_adc.o(.text)
    ADC_AnalogWatchdogCmd                    0x08002d6f   Thumb Code    16  stm32f10x_adc.o(.text)
    ADC_AnalogWatchdogThresholdsConfig       0x08002d7f   Thumb Code     6  stm32f10x_adc.o(.text)
    ADC_AnalogWatchdogSingleChannelConfig    0x08002d85   Thumb Code    16  stm32f10x_adc.o(.text)
    ADC_TempSensorVrefintCmd                 0x08002d95   Thumb Code    64  stm32f10x_adc.o(.text)
    ADC_GetFlagStatus                        0x08002dd5   Thumb Code    18  stm32f10x_adc.o(.text)
    ADC_ClearFlag                            0x08002de7   Thumb Code     6  stm32f10x_adc.o(.text)
    ADC_GetITStatus                          0x08002ded   Thumb Code    36  stm32f10x_adc.o(.text)
    ADC_ClearITPendingBit                    0x08002e11   Thumb Code    10  stm32f10x_adc.o(.text)
    GPIO_DeInit                              0x08002e1d   Thumb Code   172  stm32f10x_gpio.o(.text)
    GPIO_AFIODeInit                          0x08002ec9   Thumb Code    20  stm32f10x_gpio.o(.text)
    GPIO_Init                                0x08002edd   Thumb Code   278  stm32f10x_gpio.o(.text)
    GPIO_StructInit                          0x08002ff3   Thumb Code    16  stm32f10x_gpio.o(.text)
    GPIO_ReadInputDataBit                    0x08003003   Thumb Code    18  stm32f10x_gpio.o(.text)
    GPIO_ReadInputData                       0x08003015   Thumb Code     8  stm32f10x_gpio.o(.text)
    GPIO_ReadOutputDataBit                   0x0800301d   Thumb Code    18  stm32f10x_gpio.o(.text)
    GPIO_ReadOutputData                      0x0800302f   Thumb Code     8  stm32f10x_gpio.o(.text)
    GPIO_SetBits                             0x08003037   Thumb Code     4  stm32f10x_gpio.o(.text)
    GPIO_ResetBits                           0x0800303b   Thumb Code     4  stm32f10x_gpio.o(.text)
    GPIO_WriteBit                            0x0800303f   Thumb Code    10  stm32f10x_gpio.o(.text)
    GPIO_Write                               0x08003049   Thumb Code     4  stm32f10x_gpio.o(.text)
    GPIO_PinLockConfig                       0x0800304d   Thumb Code    18  stm32f10x_gpio.o(.text)
    GPIO_EventOutputConfig                   0x0800305f   Thumb Code    26  stm32f10x_gpio.o(.text)
    GPIO_EventOutputCmd                      0x08003079   Thumb Code     6  stm32f10x_gpio.o(.text)
    GPIO_PinRemapConfig                      0x0800307f   Thumb Code   138  stm32f10x_gpio.o(.text)
    GPIO_EXTILineConfig                      0x08003109   Thumb Code    66  stm32f10x_gpio.o(.text)
    GPIO_ETH_MediaInterfaceConfig            0x0800314b   Thumb Code     8  stm32f10x_gpio.o(.text)
    RCC_DeInit                               0x08003179   Thumb Code    64  stm32f10x_rcc.o(.text)
    RCC_HSEConfig                            0x080031b9   Thumb Code    70  stm32f10x_rcc.o(.text)
    RCC_GetFlagStatus                        0x080031ff   Thumb Code    56  stm32f10x_rcc.o(.text)
    RCC_WaitForHSEStartUp                    0x08003237   Thumb Code    56  stm32f10x_rcc.o(.text)
    RCC_AdjustHSICalibrationValue            0x0800326f   Thumb Code    20  stm32f10x_rcc.o(.text)
    RCC_HSICmd                               0x08003283   Thumb Code     6  stm32f10x_rcc.o(.text)
    RCC_PLLConfig                            0x08003289   Thumb Code    24  stm32f10x_rcc.o(.text)
    RCC_PLLCmd                               0x080032a1   Thumb Code     6  stm32f10x_rcc.o(.text)
    RCC_SYSCLKConfig                         0x080032a7   Thumb Code    18  stm32f10x_rcc.o(.text)
    RCC_GetSYSCLKSource                      0x080032b9   Thumb Code    10  stm32f10x_rcc.o(.text)
    RCC_HCLKConfig                           0x080032c3   Thumb Code    18  stm32f10x_rcc.o(.text)
    RCC_PCLK1Config                          0x080032d5   Thumb Code    18  stm32f10x_rcc.o(.text)
    RCC_PCLK2Config                          0x080032e7   Thumb Code    20  stm32f10x_rcc.o(.text)
    RCC_ITConfig                             0x080032fb   Thumb Code    26  stm32f10x_rcc.o(.text)
    RCC_USBCLKConfig                         0x08003315   Thumb Code     8  stm32f10x_rcc.o(.text)
    RCC_ADCCLKConfig                         0x0800331d   Thumb Code    18  stm32f10x_rcc.o(.text)
    RCC_LSEConfig                            0x0800332f   Thumb Code    50  stm32f10x_rcc.o(.text)
    RCC_LSICmd                               0x08003361   Thumb Code     6  stm32f10x_rcc.o(.text)
    RCC_RTCCLKConfig                         0x08003367   Thumb Code    12  stm32f10x_rcc.o(.text)
    RCC_RTCCLKCmd                            0x08003373   Thumb Code     8  stm32f10x_rcc.o(.text)
    RCC_GetClocksFreq                        0x0800337b   Thumb Code   192  stm32f10x_rcc.o(.text)
    RCC_AHBPeriphClockCmd                    0x0800343b   Thumb Code    26  stm32f10x_rcc.o(.text)
    RCC_APB2PeriphClockCmd                   0x08003455   Thumb Code    26  stm32f10x_rcc.o(.text)
    RCC_APB1PeriphClockCmd                   0x0800346f   Thumb Code    26  stm32f10x_rcc.o(.text)
    RCC_APB2PeriphResetCmd                   0x08003489   Thumb Code    26  stm32f10x_rcc.o(.text)
    RCC_APB1PeriphResetCmd                   0x080034a3   Thumb Code    26  stm32f10x_rcc.o(.text)
    RCC_BackupResetCmd                       0x080034bd   Thumb Code     8  stm32f10x_rcc.o(.text)
    RCC_ClockSecuritySystemCmd               0x080034c5   Thumb Code     6  stm32f10x_rcc.o(.text)
    RCC_MCOConfig                            0x080034cb   Thumb Code     6  stm32f10x_rcc.o(.text)
    RCC_ClearFlag                            0x080034d1   Thumb Code    14  stm32f10x_rcc.o(.text)
    RCC_GetITStatus                          0x080034df   Thumb Code    20  stm32f10x_rcc.o(.text)
    RCC_ClearITPendingBit                    0x080034f3   Thumb Code     6  stm32f10x_rcc.o(.text)
    TIM_DeInit                               0x0800351d   Thumb Code   424  stm32f10x_tim.o(.text)
    TIM_TimeBaseInit                         0x080036c5   Thumb Code   122  stm32f10x_tim.o(.text)
    TIM_OC1Init                              0x0800373f   Thumb Code   132  stm32f10x_tim.o(.text)
    TIM_OC2Init                              0x080037c3   Thumb Code   154  stm32f10x_tim.o(.text)
    TIM_OC3Init                              0x0800385d   Thumb Code   150  stm32f10x_tim.o(.text)
    TIM_OC4Init                              0x080038f3   Thumb Code   182  stm32f10x_tim.o(.text)
    TIM_SetIC4Prescaler                      0x080039a9   Thumb Code    26  stm32f10x_tim.o(.text)
    TIM_SetIC3Prescaler                      0x08003a45   Thumb Code    18  stm32f10x_tim.o(.text)
    TIM_SetIC2Prescaler                      0x08003ad1   Thumb Code    26  stm32f10x_tim.o(.text)
    TIM_SetIC1Prescaler                      0x08003b6d   Thumb Code    18  stm32f10x_tim.o(.text)
    TIM_ICInit                               0x08003beb   Thumb Code   150  stm32f10x_tim.o(.text)
    TIM_PWMIConfig                           0x08003c81   Thumb Code   124  stm32f10x_tim.o(.text)
    TIM_BDTRConfig                           0x08003cfd   Thumb Code    32  stm32f10x_tim.o(.text)
    TIM_TimeBaseStructInit                   0x08003d1d   Thumb Code    18  stm32f10x_tim.o(.text)
    TIM_OCStructInit                         0x08003d2f   Thumb Code    20  stm32f10x_tim.o(.text)
    TIM_ICStructInit                         0x08003d43   Thumb Code    18  stm32f10x_tim.o(.text)
    TIM_BDTRStructInit                       0x08003d55   Thumb Code    40  stm32f10x_tim.o(.text)
    TIM_Cmd                                  0x08003d7d   Thumb Code    24  stm32f10x_tim.o(.text)
    TIM_CtrlPWMOutputs                       0x08003d95   Thumb Code    30  stm32f10x_tim.o(.text)
    TIM_ITConfig                             0x08003db3   Thumb Code    18  stm32f10x_tim.o(.text)
    TIM_GenerateEvent                        0x08003dc5   Thumb Code     4  stm32f10x_tim.o(.text)
    TIM_DMAConfig                            0x08003dc9   Thumb Code    10  stm32f10x_tim.o(.text)
    TIM_DMACmd                               0x08003dd3   Thumb Code    18  stm32f10x_tim.o(.text)
    TIM_InternalClockConfig                  0x08003de5   Thumb Code    12  stm32f10x_tim.o(.text)
    TIM_SelectInputTrigger                   0x08003df1   Thumb Code    18  stm32f10x_tim.o(.text)
    TIM_ITRxExternalClockConfig              0x08003e03   Thumb Code    24  stm32f10x_tim.o(.text)
    TIM_TIxExternalClockConfig               0x08003e1b   Thumb Code    62  stm32f10x_tim.o(.text)
    TIM_ETRConfig                            0x08003e59   Thumb Code    28  stm32f10x_tim.o(.text)
    TIM_ETRClockMode1Config                  0x08003e75   Thumb Code    54  stm32f10x_tim.o(.text)
    TIM_ETRClockMode2Config                  0x08003eab   Thumb Code    32  stm32f10x_tim.o(.text)
    TIM_PrescalerConfig                      0x08003ecb   Thumb Code     6  stm32f10x_tim.o(.text)
    TIM_CounterModeConfig                    0x08003ed1   Thumb Code    18  stm32f10x_tim.o(.text)
    TIM_EncoderInterfaceConfig               0x08003ee3   Thumb Code    66  stm32f10x_tim.o(.text)
    TIM_ForcedOC1Config                      0x08003f25   Thumb Code    18  stm32f10x_tim.o(.text)
    TIM_ForcedOC2Config                      0x08003f37   Thumb Code    26  stm32f10x_tim.o(.text)
    TIM_ForcedOC3Config                      0x08003f51   Thumb Code    18  stm32f10x_tim.o(.text)
    TIM_ForcedOC4Config                      0x08003f63   Thumb Code    26  stm32f10x_tim.o(.text)
    TIM_ARRPreloadConfig                     0x08003f7d   Thumb Code    24  stm32f10x_tim.o(.text)
    TIM_SelectCOM                            0x08003f95   Thumb Code    24  stm32f10x_tim.o(.text)
    TIM_SelectCCDMA                          0x08003fad   Thumb Code    24  stm32f10x_tim.o(.text)
    TIM_CCPreloadControl                     0x08003fc5   Thumb Code    24  stm32f10x_tim.o(.text)
    TIM_OC1PreloadConfig                     0x08003fdd   Thumb Code    18  stm32f10x_tim.o(.text)
    TIM_OC2PreloadConfig                     0x08003fef   Thumb Code    26  stm32f10x_tim.o(.text)
    TIM_OC3PreloadConfig                     0x08004009   Thumb Code    18  stm32f10x_tim.o(.text)
    TIM_OC4PreloadConfig                     0x0800401b   Thumb Code    26  stm32f10x_tim.o(.text)
    TIM_OC1FastConfig                        0x08004035   Thumb Code    18  stm32f10x_tim.o(.text)
    TIM_OC2FastConfig                        0x08004047   Thumb Code    26  stm32f10x_tim.o(.text)
    TIM_OC3FastConfig                        0x08004061   Thumb Code    18  stm32f10x_tim.o(.text)
    TIM_OC4FastConfig                        0x08004073   Thumb Code    26  stm32f10x_tim.o(.text)
    TIM_ClearOC1Ref                          0x0800408d   Thumb Code    18  stm32f10x_tim.o(.text)
    TIM_ClearOC2Ref                          0x0800409f   Thumb Code    24  stm32f10x_tim.o(.text)
    TIM_ClearOC3Ref                          0x080040b7   Thumb Code    18  stm32f10x_tim.o(.text)
    TIM_ClearOC4Ref                          0x080040c9   Thumb Code    24  stm32f10x_tim.o(.text)
    TIM_OC1PolarityConfig                    0x080040e1   Thumb Code    18  stm32f10x_tim.o(.text)
    TIM_OC1NPolarityConfig                   0x080040f3   Thumb Code    18  stm32f10x_tim.o(.text)
    TIM_OC2PolarityConfig                    0x08004105   Thumb Code    26  stm32f10x_tim.o(.text)
    TIM_OC2NPolarityConfig                   0x0800411f   Thumb Code    26  stm32f10x_tim.o(.text)
    TIM_OC3PolarityConfig                    0x08004139   Thumb Code    26  stm32f10x_tim.o(.text)
    TIM_OC3NPolarityConfig                   0x08004153   Thumb Code    26  stm32f10x_tim.o(.text)
    TIM_OC4PolarityConfig                    0x0800416d   Thumb Code    26  stm32f10x_tim.o(.text)
    TIM_CCxCmd                               0x08004187   Thumb Code    30  stm32f10x_tim.o(.text)
    TIM_CCxNCmd                              0x080041a5   Thumb Code    30  stm32f10x_tim.o(.text)
    TIM_SelectOCxM                           0x080041c3   Thumb Code    82  stm32f10x_tim.o(.text)
    TIM_UpdateDisableConfig                  0x08004215   Thumb Code    24  stm32f10x_tim.o(.text)
    TIM_UpdateRequestConfig                  0x0800422d   Thumb Code    24  stm32f10x_tim.o(.text)
    TIM_SelectHallSensor                     0x08004245   Thumb Code    24  stm32f10x_tim.o(.text)
    TIM_SelectOnePulseMode                   0x0800425d   Thumb Code    18  stm32f10x_tim.o(.text)
    TIM_SelectOutputTrigger                  0x0800426f   Thumb Code    18  stm32f10x_tim.o(.text)
    TIM_SelectSlaveMode                      0x08004281   Thumb Code    18  stm32f10x_tim.o(.text)
    TIM_SelectMasterSlaveMode                0x08004293   Thumb Code    18  stm32f10x_tim.o(.text)
    TIM_SetCounter                           0x080042a5   Thumb Code     4  stm32f10x_tim.o(.text)
    TIM_SetAutoreload                        0x080042a9   Thumb Code     4  stm32f10x_tim.o(.text)
    TIM_SetCompare1                          0x080042ad   Thumb Code     4  stm32f10x_tim.o(.text)
    TIM_SetCompare2                          0x080042b1   Thumb Code     4  stm32f10x_tim.o(.text)
    TIM_SetCompare3                          0x080042b5   Thumb Code     4  stm32f10x_tim.o(.text)
    TIM_SetCompare4                          0x080042b9   Thumb Code     6  stm32f10x_tim.o(.text)
    TIM_SetClockDivision                     0x080042bf   Thumb Code    18  stm32f10x_tim.o(.text)
    TIM_GetCapture1                          0x080042d1   Thumb Code     6  stm32f10x_tim.o(.text)
    TIM_GetCapture2                          0x080042d7   Thumb Code     6  stm32f10x_tim.o(.text)
    TIM_GetCapture3                          0x080042dd   Thumb Code     6  stm32f10x_tim.o(.text)
    TIM_GetCapture4                          0x080042e3   Thumb Code     8  stm32f10x_tim.o(.text)
    TIM_GetCounter                           0x080042eb   Thumb Code     6  stm32f10x_tim.o(.text)
    TIM_GetPrescaler                         0x080042f1   Thumb Code     6  stm32f10x_tim.o(.text)
    TIM_GetFlagStatus                        0x080042f7   Thumb Code    18  stm32f10x_tim.o(.text)
    TIM_ClearFlag                            0x08004309   Thumb Code     6  stm32f10x_tim.o(.text)
    TIM_GetITStatus                          0x0800430f   Thumb Code    34  stm32f10x_tim.o(.text)
    TIM_ClearITPendingBit                    0x08004331   Thumb Code     6  stm32f10x_tim.o(.text)
    USART_DeInit                             0x08004339   Thumb Code   134  stm32f10x_usart.o(.text)
    USART_Init                               0x080043bf   Thumb Code   210  stm32f10x_usart.o(.text)
    USART_StructInit                         0x08004491   Thumb Code    24  stm32f10x_usart.o(.text)
    USART_ClockInit                          0x080044a9   Thumb Code    34  stm32f10x_usart.o(.text)
    USART_ClockStructInit                    0x080044cb   Thumb Code    12  stm32f10x_usart.o(.text)
    USART_Cmd                                0x080044d7   Thumb Code    24  stm32f10x_usart.o(.text)
    USART_ITConfig                           0x080044ef   Thumb Code    74  stm32f10x_usart.o(.text)
    USART_DMACmd                             0x08004539   Thumb Code    18  stm32f10x_usart.o(.text)
    USART_SetAddress                         0x0800454b   Thumb Code    18  stm32f10x_usart.o(.text)
    USART_WakeUpConfig                       0x0800455d   Thumb Code    18  stm32f10x_usart.o(.text)
    USART_ReceiverWakeUpCmd                  0x0800456f   Thumb Code    24  stm32f10x_usart.o(.text)
    USART_LINBreakDetectLengthConfig         0x08004587   Thumb Code    18  stm32f10x_usart.o(.text)
    USART_LINCmd                             0x08004599   Thumb Code    24  stm32f10x_usart.o(.text)
    USART_SendData                           0x080045b1   Thumb Code     8  stm32f10x_usart.o(.text)
    USART_ReceiveData                        0x080045b9   Thumb Code    10  stm32f10x_usart.o(.text)
    USART_SendBreak                          0x080045c3   Thumb Code    10  stm32f10x_usart.o(.text)
    USART_SetGuardTime                       0x080045cd   Thumb Code    16  stm32f10x_usart.o(.text)
    USART_SetPrescaler                       0x080045dd   Thumb Code    16  stm32f10x_usart.o(.text)
    USART_SmartCardCmd                       0x080045ed   Thumb Code    24  stm32f10x_usart.o(.text)
    USART_SmartCardNACKCmd                   0x08004605   Thumb Code    24  stm32f10x_usart.o(.text)
    USART_HalfDuplexCmd                      0x0800461d   Thumb Code    24  stm32f10x_usart.o(.text)
    USART_OverSampling8Cmd                   0x08004635   Thumb Code    22  stm32f10x_usart.o(.text)
    USART_OneBitMethodCmd                    0x0800464b   Thumb Code    24  stm32f10x_usart.o(.text)
    USART_IrDAConfig                         0x08004663   Thumb Code    18  stm32f10x_usart.o(.text)
    USART_IrDACmd                            0x08004675   Thumb Code    24  stm32f10x_usart.o(.text)
    USART_GetFlagStatus                      0x0800468d   Thumb Code    26  stm32f10x_usart.o(.text)
    USART_ClearFlag                          0x080046a7   Thumb Code    18  stm32f10x_usart.o(.text)
    USART_GetITStatus                        0x080046b9   Thumb Code    84  stm32f10x_usart.o(.text)
    USART_ClearITPendingBit                  0x0800470d   Thumb Code    52  stm32f10x_usart.o(.text)
    __use_no_semihosting                     0x08004741   Thumb Code     2  use_no_semi_2.o(.text)
    vsprintf                                 0x08004745   Thumb Code    32  vsprintf.o(.text)
    __2sprintf                               0x08004769   Thumb Code    38  __2sprintf.o(.text)
    _printf_int_dec                          0x08004795   Thumb Code   104  _printf_dec.o(.text)
    __printf                                 0x0800480d   Thumb Code   388  __printf_flags_ss_wp.o(.text)
    __aeabi_memclr                           0x08004995   Thumb Code     0  rt_memclr.o(.text)
    __rt_memclr                              0x08004995   Thumb Code    68  rt_memclr.o(.text)
    _memset                                  0x08004999   Thumb Code     0  rt_memclr.o(.text)
    strcmp                                   0x080049d9   Thumb Code   128  strcmpv7m.o(.text)
    __use_two_region_memory                  0x08004a59   Thumb Code     2  heapauxi.o(.text)
    __rt_heap_escrow$2region                 0x08004a5b   Thumb Code     2  heapauxi.o(.text)
    __rt_heap_expand$2region                 0x08004a5d   Thumb Code     2  heapauxi.o(.text)
    __I$use$semihosting                      0x08004a5f   Thumb Code     0  use_no_semi.o(.text)
    __use_no_semihosting_swi                 0x08004a5f   Thumb Code     2  use_no_semi.o(.text)
    __read_errno                             0x08004a61   Thumb Code    10  _rserrno.o(.text)
    __set_errno                              0x08004a6b   Thumb Code    12  _rserrno.o(.text)
    _printf_pre_padding                      0x08004a77   Thumb Code    44  _printf_pad.o(.text)
    _printf_post_padding                     0x08004aa3   Thumb Code    34  _printf_pad.o(.text)
    _printf_truncate_signed                  0x08004ac5   Thumb Code    18  _printf_truncate.o(.text)
    _printf_truncate_unsigned                0x08004ad7   Thumb Code    18  _printf_truncate.o(.text)
    _printf_str                              0x08004ae9   Thumb Code    82  _printf_str.o(.text)
    _printf_int_common                       0x08004b3b   Thumb Code   178  _printf_intcommon.o(.text)
    _printf_charcount                        0x08004bed   Thumb Code    40  _printf_charcount.o(.text)
    _printf_char_common                      0x08004c1f   Thumb Code    32  _printf_char_common.o(.text)
    _sputc                                   0x08004c45   Thumb Code    10  _sputc.o(.text)
    _printf_wctomb                           0x08004c51   Thumb Code   182  _printf_wctomb.o(.text)
    _printf_longlong_dec                     0x08004d0d   Thumb Code   108  _printf_longlong_dec.o(.text)
    _printf_longlong_oct                     0x08004d89   Thumb Code    66  _printf_oct_int_ll.o(.text)
    _printf_int_oct                          0x08004dcb   Thumb Code    24  _printf_oct_int_ll.o(.text)
    _printf_ll_oct                           0x08004de3   Thumb Code    12  _printf_oct_int_ll.o(.text)
    _printf_longlong_hex                     0x08004df9   Thumb Code    86  _printf_hex_int_ll_ptr.o(.text)
    _printf_int_hex                          0x08004e4f   Thumb Code    28  _printf_hex_int_ll_ptr.o(.text)
    _printf_ll_hex                           0x08004e6b   Thumb Code    12  _printf_hex_int_ll_ptr.o(.text)
    _printf_hex_ptr                          0x08004e77   Thumb Code    18  _printf_hex_int_ll_ptr.o(.text)
    __aeabi_memclr4                          0x08004e8d   Thumb Code     0  rt_memclr_w.o(.text)
    __aeabi_memclr8                          0x08004e8d   Thumb Code     0  rt_memclr_w.o(.text)
    __rt_memclr_w                            0x08004e8d   Thumb Code    78  rt_memclr_w.o(.text)
    _memset_w                                0x08004e91   Thumb Code     0  rt_memclr_w.o(.text)
    __aeabi_errno_addr                       0x08004edd   Thumb Code     8  rt_errno_addr_intlibspace.o(.text)
    __errno$intlibspace                      0x08004edd   Thumb Code     0  rt_errno_addr_intlibspace.o(.text)
    __rt_errno_addr$intlibspace              0x08004edd   Thumb Code     0  rt_errno_addr_intlibspace.o(.text)
    _ll_udiv10                               0x08004ee5   Thumb Code   138  lludiv10.o(.text)
    __lib_sel_fp_printf                      0x08004f6f   Thumb Code     2  _printf_fp_dec.o(.text)
    _printf_fp_dec_real                      0x08005121   Thumb Code   620  _printf_fp_dec.o(.text)
    _printf_fp_hex_real                      0x0800538d   Thumb Code   756  _printf_fp_hex.o(.text)
    _printf_cs_common                        0x08005689   Thumb Code    20  _printf_char.o(.text)
    _printf_char                             0x0800569d   Thumb Code    16  _printf_char.o(.text)
    _printf_string                           0x080056ad   Thumb Code     8  _printf_char.o(.text)
    _printf_lcs_common                       0x080056b5   Thumb Code    20  _printf_wchar.o(.text)
    _printf_wchar                            0x080056c9   Thumb Code    16  _printf_wchar.o(.text)
    _printf_wstring                          0x080056d9   Thumb Code     8  _printf_wchar.o(.text)
    _wcrtomb                                 0x080056e1   Thumb Code    64  _wcrtomb.o(.text)
    __user_libspace                          0x08005721   Thumb Code     8  libspace.o(.text)
    __user_perproc_libspace                  0x08005721   Thumb Code     0  libspace.o(.text)
    __user_perthread_libspace                0x08005721   Thumb Code     0  libspace.o(.text)
    __user_setup_stackheap                   0x08005729   Thumb Code    74  sys_stackheap_outer.o(.text)
    __rt_ctype_table                         0x08005775   Thumb Code    16  rt_ctype_table.o(.text)
    __rt_locale                              0x08005785   Thumb Code     8  rt_locale_intlibspace.o(.text)
    _printf_fp_infnan                        0x0800578d   Thumb Code   112  _printf_fp_infnan.o(.text)
    _btod_etento                             0x0800580d   Thumb Code   224  bigflt0.o(.text)
    exit                                     0x080058f1   Thumb Code    18  exit.o(.text)
    _btod_d2e                                0x08005903   Thumb Code    62  btod.o(CL$$btod_d2e)
    _d2e_denorm_low                          0x08005941   Thumb Code    70  btod.o(CL$$btod_d2e_denorm_low)
    _d2e_norm_op1                            0x08005987   Thumb Code    96  btod.o(CL$$btod_d2e_norm_op1)
    __btod_div_common                        0x080059e7   Thumb Code   696  btod.o(CL$$btod_div_common)
    _e2e                                     0x08005d1f   Thumb Code   220  btod.o(CL$$btod_e2e)
    _btod_ediv                               0x08005dfb   Thumb Code    42  btod.o(CL$$btod_ediv)
    _btod_emul                               0x08005e25   Thumb Code    42  btod.o(CL$$btod_emul)
    __btod_mult_common                       0x08005e4f   Thumb Code   580  btod.o(CL$$btod_mult_common)
    __ARM_fpclassify                         0x08006093   Thumb Code    40  fpclassify.o(i.__ARM_fpclassify)
    __kernel_poly                            0x080060bb   Thumb Code   170  poly.o(i.__kernel_poly)
    __mathlib_dbl_infnan                     0x08006165   Thumb Code     6  dunder.o(i.__mathlib_dbl_infnan)
    __mathlib_dbl_infnan2                    0x0800616b   Thumb Code     4  dunder.o(i.__mathlib_dbl_infnan2)
    __mathlib_dbl_underflow                  0x08006171   Thumb Code    10  dunder.o(i.__mathlib_dbl_underflow)
    _is_digit                                0x08006181   Thumb Code    14  __printf_wp.o(i._is_digit)
    atan                                     0x08006191   Thumb Code   474  atan.o(i.atan)
    atan2                                    0x080063b1   Thumb Code   374  atan2.o(i.atan2)
    round                                    0x0800654d   Thumb Code   136  round.o(i.round)
    _get_lc_numeric                          0x080065e1   Thumb Code    44  lc_numeric_c.o(locale$$code)
    _get_lc_ctype                            0x0800660d   Thumb Code    44  lc_ctype_c.o(locale$$code)
    __aeabi_d2f                              0x08006639   Thumb Code     0  d2f.o(x$fpl$d2f)
    _d2f                                     0x08006639   Thumb Code    98  d2f.o(x$fpl$d2f)
    __aeabi_dadd                             0x0800669d   Thumb Code     0  daddsub_clz.o(x$fpl$dadd)
    _dadd                                    0x0800669d   Thumb Code   332  daddsub_clz.o(x$fpl$dadd)
    __fpl_dcheck_NaN1                        0x080067ed   Thumb Code    10  dcheck1.o(x$fpl$dcheck1)
    __fpl_dcmp_Inf                           0x080067fd   Thumb Code    24  dcmpi.o(x$fpl$dcmpinf)
    __aeabi_ddiv                             0x08006815   Thumb Code     0  ddiv.o(x$fpl$ddiv)
    _ddiv                                    0x08006815   Thumb Code   552  ddiv.o(x$fpl$ddiv)
    __aeabi_cdcmpeq                          0x08006ac5   Thumb Code     0  deqf.o(x$fpl$deqf)
    _dcmpeq                                  0x08006ac5   Thumb Code   120  deqf.o(x$fpl$deqf)
    __aeabi_d2iz                             0x08006b3d   Thumb Code     0  dfix.o(x$fpl$dfix)
    _dfix                                    0x08006b3d   Thumb Code    94  dfix.o(x$fpl$dfix)
    __aeabi_d2uiz                            0x08006b9d   Thumb Code     0  dfixu.o(x$fpl$dfixu)
    _dfixu                                   0x08006b9d   Thumb Code    90  dfixu.o(x$fpl$dfixu)
    __aeabi_i2d                              0x08006bf7   Thumb Code     0  dflt_clz.o(x$fpl$dflt)
    _dflt                                    0x08006bf7   Thumb Code    46  dflt_clz.o(x$fpl$dflt)
    __aeabi_ui2d                             0x08006c25   Thumb Code     0  dflt_clz.o(x$fpl$dfltu)
    _dfltu                                   0x08006c25   Thumb Code    38  dflt_clz.o(x$fpl$dfltu)
    __aeabi_cdcmple                          0x08006c4d   Thumb Code     0  dleqf.o(x$fpl$dleqf)
    _dcmple                                  0x08006c4d   Thumb Code   120  dleqf.o(x$fpl$dleqf)
    __fpl_dcmple_InfNaN                      0x08006caf   Thumb Code     0  dleqf.o(x$fpl$dleqf)
    __aeabi_dmul                             0x08006cc5   Thumb Code     0  dmul.o(x$fpl$dmul)
    _dmul                                    0x08006cc5   Thumb Code   332  dmul.o(x$fpl$dmul)
    __fpl_dnaninf                            0x08006e19   Thumb Code   156  dnaninf.o(x$fpl$dnaninf)
    __fpl_dretinf                            0x08006eb5   Thumb Code    12  dretinf.o(x$fpl$dretinf)
    __aeabi_cdrcmple                         0x08006ec1   Thumb Code     0  drleqf.o(x$fpl$drleqf)
    _drcmple                                 0x08006ec1   Thumb Code   108  drleqf.o(x$fpl$drleqf)
    _drnd                                    0x08006f2d   Thumb Code   180  drnd.o(x$fpl$drnd)
    __aeabi_drsub                            0x08006fe1   Thumb Code     0  daddsub_clz.o(x$fpl$drsb)
    _drsb                                    0x08006fe1   Thumb Code    22  daddsub_clz.o(x$fpl$drsb)
    __aeabi_dsub                             0x08006ff9   Thumb Code     0  daddsub_clz.o(x$fpl$dsub)
    _dsub                                    0x08006ff9   Thumb Code   464  daddsub_clz.o(x$fpl$dsub)
    __aeabi_f2d                              0x080071cd   Thumb Code     0  f2d.o(x$fpl$f2d)
    _f2d                                     0x080071cd   Thumb Code    86  f2d.o(x$fpl$f2d)
    __aeabi_fadd                             0x08007225   Thumb Code     0  faddsub_clz.o(x$fpl$fadd)
    _fadd                                    0x08007225   Thumb Code   196  faddsub_clz.o(x$fpl$fadd)
    __fpl_fcmp_Inf                           0x080072e9   Thumb Code    24  fcmpi.o(x$fpl$fcmpinf)
    __aeabi_fdiv                             0x08007301   Thumb Code     0  fdiv.o(x$fpl$fdiv)
    _fdiv                                    0x08007301   Thumb Code   384  fdiv.o(x$fpl$fdiv)
    __aeabi_i2f                              0x08007485   Thumb Code     0  fflt_clz.o(x$fpl$fflt)
    _fflt                                    0x08007485   Thumb Code    48  fflt_clz.o(x$fpl$fflt)
    __aeabi_ui2f                             0x080074b5   Thumb Code     0  fflt_clz.o(x$fpl$ffltu)
    _ffltu                                   0x080074b5   Thumb Code    38  fflt_clz.o(x$fpl$ffltu)
    __aeabi_cfcmple                          0x080074dd   Thumb Code     0  fleqf.o(x$fpl$fleqf)
    _fcmple                                  0x080074dd   Thumb Code   104  fleqf.o(x$fpl$fleqf)
    __fpl_fcmple_InfNaN                      0x0800752f   Thumb Code     0  fleqf.o(x$fpl$fleqf)
    __fpl_fnaninf                            0x08007545   Thumb Code   140  fnaninf.o(x$fpl$fnaninf)
    __fpl_fretinf                            0x080075d1   Thumb Code    10  fretinf.o(x$fpl$fretinf)
    __aeabi_fsub                             0x080075dd   Thumb Code     0  faddsub_clz.o(x$fpl$fsub)
    _fsub                                    0x080075dd   Thumb Code   234  faddsub_clz.o(x$fpl$fsub)
    _printf_fp_dec                           0x080076c7   Thumb Code     4  printf1.o(x$fpl$printf1)
    _printf_fp_hex                           0x080076cb   Thumb Code     4  printf2.o(x$fpl$printf2)
    __fpl_return_NaN                         0x080076cf   Thumb Code   100  retnan.o(x$fpl$retnan)
    __ARM_scalbn                             0x08007733   Thumb Code    92  scalbn.o(x$fpl$scalbn)
    __fpl_cmpreturn                          0x0800778f   Thumb Code    48  trapv.o(x$fpl$trapveneer)
    OLED_F8x16                               0x080077be   Data        1520  oled_data.o(.constdata)
    __I$use$fp                               0x080077be   Number         0  usenofp.o(x$fpl$usenofp)
    OLED_F6x8                                0x08007dae   Data         570  oled_data.o(.constdata)
    OLED_CF16x16                             0x08007fe8   Data         370  oled_data.o(.constdata)
    Diode                                    0x0800815a   Data          32  oled_data.o(.constdata)
    Face_very_happy                          0x0800817a   Data        1024  oled_data.o(.constdata)
    __mathlib_zero                           0x08008658   Data           8  qnan.o(.constdata)
    Region$$Table$$Base                      0x0800871c   Number         0  anon$$obj.o(Region$$Table)
    Region$$Table$$Limit                     0x0800873c   Number         0  anon$$obj.o(Region$$Table)
    __ctype                                  0x08008765   Data           0  lc_ctype_c.o(locale$$data)
    SystemCoreClock                          0x20000000   Data           4  system_stm32f10x.o(.data)
    AHBPrescTable                            0x20000004   Data          16  system_stm32f10x.o(.data)
    timer                                    0x20000014   Data           4  bsp.o(.data)
    NRF24L01_TxAddress                       0x2000001c   Data           5  nrf24l01.o(.data)
    NRF24L01_RxAddress                       0x20000021   Data           5  nrf24l01.o(.data)
    NRF24L01_Flag                            0x20000026   Data           1  nrf24l01.o(.data)
    SendFlag                                 0x20000027   Data           1  nrf24l01.o(.data)
    ReceiveFlag                              0x20000028   Data           1  nrf24l01.o(.data)
    communication_quality                    0x20000029   Data           1  nrf24l01.o(.data)
    Pitch                                    0x2000002c   Data           4  nrf24l01.o(.data)
    Roll                                     0x20000030   Data           4  nrf24l01.o(.data)
    Yaw                                      0x20000034   Data           4  nrf24l01.o(.data)
    Angle_XY                                 0x20000038   Data           4  nrf24l01.o(.data)
    alt                                      0x2000003c   Data           4  nrf24l01.o(.data)
    speed_temp                               0x20000040   Data           2  nrf24l01.o(.data)
    L_H                                      0x20000044   Data           1  ad.o(.data)
    R_H                                      0x20000045   Data           1  ad.o(.data)
    R_Z                                      0x20000046   Data           1  ad.o(.data)
    L_Z                                      0x20000047   Data           1  ad.o(.data)
    percentage                               0x20000048   Data           4  ad.o(.data)
    Voltage                                  0x2000004c   Data           4  ad.o(.data)
    Key                                      0x20000052   Data           1  key.o(.data)
    Mode                                     0x20000053   Data           1  key.o(.data)
    USART1_Data                              0x20000058   Data           2  usart_1.o(.data)
    NRF24L01_TxPacket                        0x20000070   Data          32  nrf24l01.o(.bss)
    NRF24L01_RxPacket                        0x20000090   Data          32  nrf24l01.o(.bss)
    OLED_DisplayBuf                          0x200000ba   Data        1024  oled.o(.bss)
    __libspace_start                         0x200004bc   Data          96  libspace.o(.bss)
    __temporary_stack_top$libspace           0x2000051c   Data           0  libspace.o(.bss)



==============================================================================

Memory Map of the image

  Image Entry point : 0x080000ed

  Load Region LR_IROM1 (Base: 0x08000000, Size: 0x000088d8, Max: 0x00010000, ABSOLUTE)

    Execution Region ER_IROM1 (Exec base: 0x08000000, Load base: 0x08000000, Size: 0x00008868, Max: 0x00010000, ABSOLUTE)

    Exec Addr    Load Addr    Size         Type   Attr      Idx    E Section Name        Object

    0x08000000   0x08000000   0x000000ec   Data   RO          732    RESET               startup_stm32f10x_md.o
    0x080000ec   0x080000ec   0x00000008   Code   RO         1333  * !!!main             c_w.l(__main.o)
    0x080000f4   0x080000f4   0x00000034   Code   RO         1748    !!!scatter          c_w.l(__scatter.o)
    0x08000128   0x08000128   0x0000001a   Code   RO         1750    !!handler_copy      c_w.l(__scatter_copy.o)
    0x08000142   0x08000142   0x00000002   PAD
    0x08000144   0x08000144   0x0000001c   Code   RO         1752    !!handler_zi        c_w.l(__scatter_zi.o)
    0x08000160   0x08000160   0x00000000   Code   RO         1326    .ARM.Collect$$_printf_percent$$00000000  c_w.l(_printf_percent.o)
    0x08000160   0x08000160   0x00000006   Code   RO         1450    .ARM.Collect$$_printf_percent$$00000001  c_w.l(_printf_n.o)
    0x08000166   0x08000166   0x00000006   Code   RO         1452    .ARM.Collect$$_printf_percent$$00000002  c_w.l(_printf_p.o)
    0x0800016c   0x0800016c   0x00000006   Code   RO         1456    .ARM.Collect$$_printf_percent$$00000003  c_w.l(_printf_f.o)
    0x08000172   0x08000172   0x00000006   Code   RO         1457    .ARM.Collect$$_printf_percent$$00000004  c_w.l(_printf_e.o)
    0x08000178   0x08000178   0x00000006   Code   RO         1458    .ARM.Collect$$_printf_percent$$00000005  c_w.l(_printf_g.o)
    0x0800017e   0x0800017e   0x00000006   Code   RO         1459    .ARM.Collect$$_printf_percent$$00000006  c_w.l(_printf_a.o)
    0x08000184   0x08000184   0x0000000a   Code   RO         1464    .ARM.Collect$$_printf_percent$$00000007  c_w.l(_printf_ll.o)
    0x0800018e   0x0800018e   0x00000006   Code   RO         1454    .ARM.Collect$$_printf_percent$$00000008  c_w.l(_printf_i.o)
    0x08000194   0x08000194   0x00000006   Code   RO         1455    .ARM.Collect$$_printf_percent$$00000009  c_w.l(_printf_d.o)
    0x0800019a   0x0800019a   0x00000006   Code   RO         1325    .ARM.Collect$$_printf_percent$$0000000A  c_w.l(_printf_u.o)
    0x080001a0   0x080001a0   0x00000006   Code   RO         1453    .ARM.Collect$$_printf_percent$$0000000B  c_w.l(_printf_o.o)
    0x080001a6   0x080001a6   0x00000006   Code   RO         1451    .ARM.Collect$$_printf_percent$$0000000C  c_w.l(_printf_x.o)
    0x080001ac   0x080001ac   0x00000006   Code   RO         1461    .ARM.Collect$$_printf_percent$$0000000D  c_w.l(_printf_lli.o)
    0x080001b2   0x080001b2   0x00000006   Code   RO         1462    .ARM.Collect$$_printf_percent$$0000000E  c_w.l(_printf_lld.o)
    0x080001b8   0x080001b8   0x00000006   Code   RO         1463    .ARM.Collect$$_printf_percent$$0000000F  c_w.l(_printf_llu.o)
    0x080001be   0x080001be   0x00000006   Code   RO         1468    .ARM.Collect$$_printf_percent$$00000010  c_w.l(_printf_llo.o)
    0x080001c4   0x080001c4   0x00000006   Code   RO         1469    .ARM.Collect$$_printf_percent$$00000011  c_w.l(_printf_llx.o)
    0x080001ca   0x080001ca   0x0000000a   Code   RO         1465    .ARM.Collect$$_printf_percent$$00000012  c_w.l(_printf_l.o)
    0x080001d4   0x080001d4   0x00000006   Code   RO         1448    .ARM.Collect$$_printf_percent$$00000013  c_w.l(_printf_c.o)
    0x080001da   0x080001da   0x00000006   Code   RO         1449    .ARM.Collect$$_printf_percent$$00000014  c_w.l(_printf_s.o)
    0x080001e0   0x080001e0   0x00000006   Code   RO         1466    .ARM.Collect$$_printf_percent$$00000015  c_w.l(_printf_lc.o)
    0x080001e6   0x080001e6   0x00000006   Code   RO         1467    .ARM.Collect$$_printf_percent$$00000016  c_w.l(_printf_ls.o)
    0x080001ec   0x080001ec   0x00000004   Code   RO         1460    .ARM.Collect$$_printf_percent$$00000017  c_w.l(_printf_percent_end.o)
    0x080001f0   0x080001f0   0x00000002   Code   RO         1612    .ARM.Collect$$libinit$$00000000  c_w.l(libinit.o)
    0x080001f2   0x080001f2   0x00000000   Code   RO         1623    .ARM.Collect$$libinit$$00000002  c_w.l(libinit2.o)
    0x080001f2   0x080001f2   0x00000000   Code   RO         1625    .ARM.Collect$$libinit$$00000004  c_w.l(libinit2.o)
    0x080001f2   0x080001f2   0x00000000   Code   RO         1628    .ARM.Collect$$libinit$$0000000A  c_w.l(libinit2.o)
    0x080001f2   0x080001f2   0x00000000   Code   RO         1630    .ARM.Collect$$libinit$$0000000C  c_w.l(libinit2.o)
    0x080001f2   0x080001f2   0x00000000   Code   RO         1632    .ARM.Collect$$libinit$$0000000E  c_w.l(libinit2.o)
    0x080001f2   0x080001f2   0x00000006   Code   RO         1633    .ARM.Collect$$libinit$$0000000F  c_w.l(libinit2.o)
    0x080001f8   0x080001f8   0x00000000   Code   RO         1635    .ARM.Collect$$libinit$$00000011  c_w.l(libinit2.o)
    0x080001f8   0x080001f8   0x0000000c   Code   RO         1636    .ARM.Collect$$libinit$$00000012  c_w.l(libinit2.o)
    0x08000204   0x08000204   0x00000000   Code   RO         1637    .ARM.Collect$$libinit$$00000013  c_w.l(libinit2.o)
    0x08000204   0x08000204   0x00000000   Code   RO         1639    .ARM.Collect$$libinit$$00000015  c_w.l(libinit2.o)
    0x08000204   0x08000204   0x0000000a   Code   RO         1640    .ARM.Collect$$libinit$$00000016  c_w.l(libinit2.o)
    0x0800020e   0x0800020e   0x00000000   Code   RO         1641    .ARM.Collect$$libinit$$00000017  c_w.l(libinit2.o)
    0x0800020e   0x0800020e   0x00000000   Code   RO         1643    .ARM.Collect$$libinit$$00000019  c_w.l(libinit2.o)
    0x0800020e   0x0800020e   0x00000000   Code   RO         1645    .ARM.Collect$$libinit$$0000001B  c_w.l(libinit2.o)
    0x0800020e   0x0800020e   0x00000000   Code   RO         1647    .ARM.Collect$$libinit$$0000001D  c_w.l(libinit2.o)
    0x0800020e   0x0800020e   0x00000000   Code   RO         1649    .ARM.Collect$$libinit$$0000001F  c_w.l(libinit2.o)
    0x0800020e   0x0800020e   0x00000000   Code   RO         1651    .ARM.Collect$$libinit$$00000021  c_w.l(libinit2.o)
    0x0800020e   0x0800020e   0x00000000   Code   RO         1653    .ARM.Collect$$libinit$$00000023  c_w.l(libinit2.o)
    0x0800020e   0x0800020e   0x00000000   Code   RO         1655    .ARM.Collect$$libinit$$00000025  c_w.l(libinit2.o)
    0x0800020e   0x0800020e   0x00000000   Code   RO         1659    .ARM.Collect$$libinit$$0000002C  c_w.l(libinit2.o)
    0x0800020e   0x0800020e   0x00000000   Code   RO         1661    .ARM.Collect$$libinit$$0000002E  c_w.l(libinit2.o)
    0x0800020e   0x0800020e   0x00000000   Code   RO         1663    .ARM.Collect$$libinit$$00000030  c_w.l(libinit2.o)
    0x0800020e   0x0800020e   0x00000000   Code   RO         1665    .ARM.Collect$$libinit$$00000032  c_w.l(libinit2.o)
    0x0800020e   0x0800020e   0x00000002   Code   RO         1666    .ARM.Collect$$libinit$$00000033  c_w.l(libinit2.o)
    0x08000210   0x08000210   0x00000002   Code   RO         1688    .ARM.Collect$$libshutdown$$00000000  c_w.l(libshutdown.o)
    0x08000212   0x08000212   0x00000000   Code   RO         1698    .ARM.Collect$$libshutdown$$00000002  c_w.l(libshutdown2.o)
    0x08000212   0x08000212   0x00000000   Code   RO         1700    .ARM.Collect$$libshutdown$$00000004  c_w.l(libshutdown2.o)
    0x08000212   0x08000212   0x00000000   Code   RO         1702    .ARM.Collect$$libshutdown$$00000006  c_w.l(libshutdown2.o)
    0x08000212   0x08000212   0x00000000   Code   RO         1705    .ARM.Collect$$libshutdown$$00000009  c_w.l(libshutdown2.o)
    0x08000212   0x08000212   0x00000000   Code   RO         1708    .ARM.Collect$$libshutdown$$0000000C  c_w.l(libshutdown2.o)
    0x08000212   0x08000212   0x00000000   Code   RO         1710    .ARM.Collect$$libshutdown$$0000000E  c_w.l(libshutdown2.o)
    0x08000212   0x08000212   0x00000000   Code   RO         1713    .ARM.Collect$$libshutdown$$00000011  c_w.l(libshutdown2.o)
    0x08000212   0x08000212   0x00000002   Code   RO         1714    .ARM.Collect$$libshutdown$$00000012  c_w.l(libshutdown2.o)
    0x08000214   0x08000214   0x00000000   Code   RO         1399    .ARM.Collect$$rtentry$$00000000  c_w.l(__rtentry.o)
    0x08000214   0x08000214   0x00000000   Code   RO         1523    .ARM.Collect$$rtentry$$00000002  c_w.l(__rtentry2.o)
    0x08000214   0x08000214   0x00000006   Code   RO         1535    .ARM.Collect$$rtentry$$00000004  c_w.l(__rtentry4.o)
    0x0800021a   0x0800021a   0x00000000   Code   RO         1525    .ARM.Collect$$rtentry$$00000009  c_w.l(__rtentry2.o)
    0x0800021a   0x0800021a   0x00000004   Code   RO         1526    .ARM.Collect$$rtentry$$0000000A  c_w.l(__rtentry2.o)
    0x0800021e   0x0800021e   0x00000000   Code   RO         1528    .ARM.Collect$$rtentry$$0000000C  c_w.l(__rtentry2.o)
    0x0800021e   0x0800021e   0x00000008   Code   RO         1529    .ARM.Collect$$rtentry$$0000000D  c_w.l(__rtentry2.o)
    0x08000226   0x08000226   0x00000002   Code   RO         1617    .ARM.Collect$$rtexit$$00000000  c_w.l(rtexit.o)
    0x08000228   0x08000228   0x00000000   Code   RO         1670    .ARM.Collect$$rtexit$$00000002  c_w.l(rtexit2.o)
    0x08000228   0x08000228   0x00000004   Code   RO         1671    .ARM.Collect$$rtexit$$00000003  c_w.l(rtexit2.o)
    0x0800022c   0x0800022c   0x00000006   Code   RO         1672    .ARM.Collect$$rtexit$$00000004  c_w.l(rtexit2.o)
    0x08000232   0x08000232   0x00000002   PAD
    0x08000234   0x08000234   0x000001e4   Code   RO            4    .text               main.o
    0x08000418   0x08000418   0x0000001a   Code   RO          189    .text               stm32f10x_it.o
    0x08000432   0x08000432   0x00000002   PAD
    0x08000434   0x08000434   0x000001e0   Code   RO          299    .text               system_stm32f10x.o
    0x08000614   0x08000614   0x0000007c   Code   RO          329    .text               timer_1.o
    0x08000690   0x08000690   0x0000024c   Code   RO          382    .text               usart.o
    0x080008dc   0x080008dc   0x0000001c   Code   RO          468    .text               bsp.o
    0x080008f8   0x080008f8   0x00000074   Code   RO          498    .text               control_task.o
    0x0800096c   0x0800096c   0x00000534   Code   RO          523    .text               nrf24l01.o
    0x08000ea0   0x08000ea0   0x00000264   Code   RO          561    .text               ad.o
    0x08001104   0x08001104   0x00000170   Code   RO          592    .text               key.o
    0x08001274   0x08001274   0x000000d0   Code   RO          622    .text               usart_1.o
    0x08001344   0x08001344   0x0000006c   Code   RO          652    .text               led.o
    0x080013b0   0x080013b0   0x00001500   Code   RO          679    .text               oled.o
    0x080028b0   0x080028b0   0x00000040   Code   RO          733    .text               startup_stm32f10x_md.o
    0x080028f0   0x080028f0   0x000000dc   Code   RO          740    .text               misc.o
    0x080029cc   0x080029cc   0x0000044e   Code   RO          764    .text               stm32f10x_adc.o
    0x08002e1a   0x08002e1a   0x00000002   PAD
    0x08002e1c   0x08002e1c   0x0000035c   Code   RO         1028    .text               stm32f10x_gpio.o
    0x08003178   0x08003178   0x000003a4   Code   RO         1124    .text               stm32f10x_rcc.o
    0x0800351c   0x0800351c   0x00000e1a   Code   RO         1222    .text               stm32f10x_tim.o
    0x08004336   0x08004336   0x00000002   PAD
    0x08004338   0x08004338   0x00000408   Code   RO         1246    .text               stm32f10x_usart.o
    0x08004740   0x08004740   0x00000002   Code   RO         1293    .text               c_w.l(use_no_semi_2.o)
    0x08004742   0x08004742   0x00000002   PAD
    0x08004744   0x08004744   0x00000024   Code   RO         1295    .text               c_w.l(vsprintf.o)
    0x08004768   0x08004768   0x0000002c   Code   RO         1297    .text               c_w.l(__2sprintf.o)
    0x08004794   0x08004794   0x00000078   Code   RO         1303    .text               c_w.l(_printf_dec.o)
    0x0800480c   0x0800480c   0x00000188   Code   RO         1322    .text               c_w.l(__printf_flags_ss_wp.o)
    0x08004994   0x08004994   0x00000044   Code   RO         1327    .text               c_w.l(rt_memclr.o)
    0x080049d8   0x080049d8   0x00000080   Code   RO         1329    .text               c_w.l(strcmpv7m.o)
    0x08004a58   0x08004a58   0x00000006   Code   RO         1331    .text               c_w.l(heapauxi.o)
    0x08004a5e   0x08004a5e   0x00000002   Code   RO         1397    .text               c_w.l(use_no_semi.o)
    0x08004a60   0x08004a60   0x00000016   Code   RO         1400    .text               c_w.l(_rserrno.o)
    0x08004a76   0x08004a76   0x0000004e   Code   RO         1402    .text               c_w.l(_printf_pad.o)
    0x08004ac4   0x08004ac4   0x00000024   Code   RO         1404    .text               c_w.l(_printf_truncate.o)
    0x08004ae8   0x08004ae8   0x00000052   Code   RO         1406    .text               c_w.l(_printf_str.o)
    0x08004b3a   0x08004b3a   0x000000b2   Code   RO         1408    .text               c_w.l(_printf_intcommon.o)
    0x08004bec   0x08004bec   0x00000028   Code   RO         1410    .text               c_w.l(_printf_charcount.o)
    0x08004c14   0x08004c14   0x00000030   Code   RO         1412    .text               c_w.l(_printf_char_common.o)
    0x08004c44   0x08004c44   0x0000000a   Code   RO         1414    .text               c_w.l(_sputc.o)
    0x08004c4e   0x08004c4e   0x00000002   PAD
    0x08004c50   0x08004c50   0x000000bc   Code   RO         1416    .text               c_w.l(_printf_wctomb.o)
    0x08004d0c   0x08004d0c   0x0000007c   Code   RO         1419    .text               c_w.l(_printf_longlong_dec.o)
    0x08004d88   0x08004d88   0x00000070   Code   RO         1425    .text               c_w.l(_printf_oct_int_ll.o)
    0x08004df8   0x08004df8   0x00000094   Code   RO         1445    .text               c_w.l(_printf_hex_int_ll_ptr.o)
    0x08004e8c   0x08004e8c   0x0000004e   Code   RO         1470    .text               c_w.l(rt_memclr_w.o)
    0x08004eda   0x08004eda   0x00000002   PAD
    0x08004edc   0x08004edc   0x00000008   Code   RO         1540    .text               c_w.l(rt_errno_addr_intlibspace.o)
    0x08004ee4   0x08004ee4   0x0000008a   Code   RO         1542    .text               c_w.l(lludiv10.o)
    0x08004f6e   0x08004f6e   0x0000041e   Code   RO         1544    .text               c_w.l(_printf_fp_dec.o)
    0x0800538c   0x0800538c   0x000002fc   Code   RO         1546    .text               c_w.l(_printf_fp_hex.o)
    0x08005688   0x08005688   0x0000002c   Code   RO         1551    .text               c_w.l(_printf_char.o)
    0x080056b4   0x080056b4   0x0000002c   Code   RO         1553    .text               c_w.l(_printf_wchar.o)
    0x080056e0   0x080056e0   0x00000040   Code   RO         1555    .text               c_w.l(_wcrtomb.o)
    0x08005720   0x08005720   0x00000008   Code   RO         1563    .text               c_w.l(libspace.o)
    0x08005728   0x08005728   0x0000004a   Code   RO         1566    .text               c_w.l(sys_stackheap_outer.o)
    0x08005772   0x08005772   0x00000002   PAD
    0x08005774   0x08005774   0x00000010   Code   RO         1568    .text               c_w.l(rt_ctype_table.o)
    0x08005784   0x08005784   0x00000008   Code   RO         1573    .text               c_w.l(rt_locale_intlibspace.o)
    0x0800578c   0x0800578c   0x00000080   Code   RO         1575    .text               c_w.l(_printf_fp_infnan.o)
    0x0800580c   0x0800580c   0x000000e4   Code   RO         1577    .text               c_w.l(bigflt0.o)
    0x080058f0   0x080058f0   0x00000012   Code   RO         1605    .text               c_w.l(exit.o)
    0x08005902   0x08005902   0x0000003e   Code   RO         1580    CL$$btod_d2e        c_w.l(btod.o)
    0x08005940   0x08005940   0x00000046   Code   RO         1582    CL$$btod_d2e_denorm_low  c_w.l(btod.o)
    0x08005986   0x08005986   0x00000060   Code   RO         1581    CL$$btod_d2e_norm_op1  c_w.l(btod.o)
    0x080059e6   0x080059e6   0x00000338   Code   RO         1590    CL$$btod_div_common  c_w.l(btod.o)
    0x08005d1e   0x08005d1e   0x000000dc   Code   RO         1587    CL$$btod_e2e        c_w.l(btod.o)
    0x08005dfa   0x08005dfa   0x0000002a   Code   RO         1584    CL$$btod_ediv       c_w.l(btod.o)
    0x08005e24   0x08005e24   0x0000002a   Code   RO         1583    CL$$btod_emul       c_w.l(btod.o)
    0x08005e4e   0x08005e4e   0x00000244   Code   RO         1589    CL$$btod_mult_common  c_w.l(btod.o)
    0x08006092   0x08006092   0x00000028   Code   RO         1559    i.__ARM_fpclassify  m_ws.l(fpclassify.o)
    0x080060ba   0x080060ba   0x000000aa   Code   RO         1561    i.__kernel_poly     m_ws.l(poly.o)
    0x08006164   0x08006164   0x00000006   Code   RO         1508    i.__mathlib_dbl_infnan  m_ws.l(dunder.o)
    0x0800616a   0x0800616a   0x00000004   Code   RO         1509    i.__mathlib_dbl_infnan2  m_ws.l(dunder.o)
    0x0800616e   0x0800616e   0x00000002   PAD
    0x08006170   0x08006170   0x00000010   Code   RO         1513    i.__mathlib_dbl_underflow  m_ws.l(dunder.o)
    0x08006180   0x08006180   0x0000000e   Code   RO         1315    i._is_digit         c_w.l(__printf_wp.o)
    0x0800618e   0x0800618e   0x00000002   PAD
    0x08006190   0x08006190   0x00000220   Code   RO         1498    i.atan              m_ws.l(atan.o)
    0x080063b0   0x080063b0   0x0000019c   Code   RO         1388    i.atan2             m_ws.l(atan2.o)
    0x0800654c   0x0800654c   0x00000094   Code   RO         1395    i.round             m_ws.l(round.o)
    0x080065e0   0x080065e0   0x0000002c   Code   RO         1603    locale$$code        c_w.l(lc_numeric_c.o)
    0x0800660c   0x0800660c   0x0000002c   Code   RO         1620    locale$$code        c_w.l(lc_ctype_c.o)
    0x08006638   0x08006638   0x00000062   Code   RO         1335    x$fpl$d2f           fz_ws.l(d2f.o)
    0x0800669a   0x0800669a   0x00000002   PAD
    0x0800669c   0x0800669c   0x00000150   Code   RO         1337    x$fpl$dadd          fz_ws.l(daddsub_clz.o)
    0x080067ec   0x080067ec   0x00000010   Code   RO         1613    x$fpl$dcheck1       fz_ws.l(dcheck1.o)
    0x080067fc   0x080067fc   0x00000018   Code   RO         1472    x$fpl$dcmpinf       fz_ws.l(dcmpi.o)
    0x08006814   0x08006814   0x000002b0   Code   RO         1344    x$fpl$ddiv          fz_ws.l(ddiv.o)
    0x08006ac4   0x08006ac4   0x00000078   Code   RO         1474    x$fpl$deqf          fz_ws.l(deqf.o)
    0x08006b3c   0x08006b3c   0x0000005e   Code   RO         1347    x$fpl$dfix          fz_ws.l(dfix.o)
    0x08006b9a   0x08006b9a   0x00000002   PAD
    0x08006b9c   0x08006b9c   0x0000005a   Code   RO         1351    x$fpl$dfixu         fz_ws.l(dfixu.o)
    0x08006bf6   0x08006bf6   0x0000002e   Code   RO         1356    x$fpl$dflt          fz_ws.l(dflt_clz.o)
    0x08006c24   0x08006c24   0x00000026   Code   RO         1355    x$fpl$dfltu         fz_ws.l(dflt_clz.o)
    0x08006c4a   0x08006c4a   0x00000002   PAD
    0x08006c4c   0x08006c4c   0x00000078   Code   RO         1361    x$fpl$dleqf         fz_ws.l(dleqf.o)
    0x08006cc4   0x08006cc4   0x00000154   Code   RO         1363    x$fpl$dmul          fz_ws.l(dmul.o)
    0x08006e18   0x08006e18   0x0000009c   Code   RO         1476    x$fpl$dnaninf       fz_ws.l(dnaninf.o)
    0x08006eb4   0x08006eb4   0x0000000c   Code   RO         1478    x$fpl$dretinf       fz_ws.l(dretinf.o)
    0x08006ec0   0x08006ec0   0x0000006c   Code   RO         1365    x$fpl$drleqf        fz_ws.l(drleqf.o)
    0x08006f2c   0x08006f2c   0x000000b4   Code   RO         1480    x$fpl$drnd          fz_ws.l(drnd.o)
    0x08006fe0   0x08006fe0   0x00000016   Code   RO         1338    x$fpl$drsb          fz_ws.l(daddsub_clz.o)
    0x08006ff6   0x08006ff6   0x00000002   PAD
    0x08006ff8   0x08006ff8   0x000001d4   Code   RO         1339    x$fpl$dsub          fz_ws.l(daddsub_clz.o)
    0x080071cc   0x080071cc   0x00000056   Code   RO         1367    x$fpl$f2d           fz_ws.l(f2d.o)
    0x08007222   0x08007222   0x00000002   PAD
    0x08007224   0x08007224   0x000000c4   Code   RO         1369    x$fpl$fadd          fz_ws.l(faddsub_clz.o)
    0x080072e8   0x080072e8   0x00000018   Code   RO         1482    x$fpl$fcmpinf       fz_ws.l(fcmpi.o)
    0x08007300   0x08007300   0x00000184   Code   RO         1376    x$fpl$fdiv          fz_ws.l(fdiv.o)
    0x08007484   0x08007484   0x00000030   Code   RO         1380    x$fpl$fflt          fz_ws.l(fflt_clz.o)
    0x080074b4   0x080074b4   0x00000026   Code   RO         1379    x$fpl$ffltu         fz_ws.l(fflt_clz.o)
    0x080074da   0x080074da   0x00000002   PAD
    0x080074dc   0x080074dc   0x00000068   Code   RO         1385    x$fpl$fleqf         fz_ws.l(fleqf.o)
    0x08007544   0x08007544   0x0000008c   Code   RO         1484    x$fpl$fnaninf       fz_ws.l(fnaninf.o)
    0x080075d0   0x080075d0   0x0000000a   Code   RO         1486    x$fpl$fretinf       fz_ws.l(fretinf.o)
    0x080075da   0x080075da   0x00000002   PAD
    0x080075dc   0x080075dc   0x000000ea   Code   RO         1371    x$fpl$fsub          fz_ws.l(faddsub_clz.o)
    0x080076c6   0x080076c6   0x00000004   Code   RO         1488    x$fpl$printf1       fz_ws.l(printf1.o)
    0x080076ca   0x080076ca   0x00000004   Code   RO         1490    x$fpl$printf2       fz_ws.l(printf2.o)
    0x080076ce   0x080076ce   0x00000064   Code   RO         1667    x$fpl$retnan        fz_ws.l(retnan.o)
    0x08007732   0x08007732   0x0000005c   Code   RO         1557    x$fpl$scalbn        fz_ws.l(scalbn.o)
    0x0800778e   0x0800778e   0x00000030   Code   RO         1680    x$fpl$trapveneer    fz_ws.l(trapv.o)
    0x080077be   0x080077be   0x00000000   Code   RO         1496    x$fpl$usenofp       fz_ws.l(usenofp.o)
    0x080077be   0x080077be   0x00000dbc   Data   RO          707    .constdata          oled_data.o
    0x0800857a   0x0800857a   0x00000011   Data   RO         1323    .constdata          c_w.l(__printf_flags_ss_wp.o)
    0x0800858b   0x0800858b   0x00000001   PAD
    0x0800858c   0x0800858c   0x00000008   Data   RO         1417    .constdata          c_w.l(_printf_wctomb.o)
    0x08008594   0x08008594   0x00000028   Data   RO         1446    .constdata          c_w.l(_printf_hex_int_ll_ptr.o)
    0x080085bc   0x080085bc   0x00000004   PAD
    0x080085c0   0x080085c0   0x00000098   Data   RO         1499    .constdata          m_ws.l(atan.o)
    0x08008658   0x08008658   0x00000008   Data   RO         1521    .constdata          m_ws.l(qnan.o)
    0x08008660   0x08008660   0x00000026   Data   RO         1547    .constdata          c_w.l(_printf_fp_hex.o)
    0x08008686   0x08008686   0x00000002   PAD
    0x08008688   0x08008688   0x00000094   Data   RO         1578    .constdata          c_w.l(bigflt0.o)
    0x0800871c   0x0800871c   0x00000020   Data   RO         1746    Region$$Table       anon$$obj.o
    0x0800873c   0x0800873c   0x0000001c   Data   RO         1602    locale$$data        c_w.l(lc_numeric_c.o)
    0x08008758   0x08008758   0x00000110   Data   RO         1619    locale$$data        c_w.l(lc_ctype_c.o)


    Execution Region RW_IRAM1 (Exec base: 0x20000000, Load base: 0x08008868, Size: 0x00000d20, Max: 0x00005000, ABSOLUTE)

    Exec Addr    Load Addr    Size         Type   Attr      Idx    E Section Name        Object

    0x20000000   0x08008868   0x00000014   Data   RW          300    .data               system_stm32f10x.o
    0x20000014   0x0800887c   0x00000004   Data   RW          469    .data               bsp.o
    0x20000018   0x08008880   0x00000004   Data   RW          499    .data               control_task.o
    0x2000001c   0x08008884   0x00000026   Data   RW          525    .data               nrf24l01.o
    0x20000042   0x080088aa   0x00000002   PAD
    0x20000044   0x080088ac   0x0000000d   Data   RW          563    .data               ad.o
    0x20000051   0x080088b9   0x00000006   Data   RW          593    .data               key.o
    0x20000057   0x080088bf   0x00000001   PAD
    0x20000058   0x080088c0   0x00000002   Data   RW          623    .data               usart_1.o
    0x2000005a   0x080088c2   0x00000014   Data   RW         1125    .data               stm32f10x_rcc.o
    0x2000006e   0x080088d6   0x00000002   PAD
    0x20000070        -       0x00000040   Zero   RW          524    .bss                nrf24l01.o
    0x200000b0        -       0x0000000a   Zero   RW          562    .bss                ad.o
    0x200000ba        -       0x00000400   Zero   RW          680    .bss                oled.o
    0x200004ba   0x080088d6   0x00000002   PAD
    0x200004bc        -       0x00000060   Zero   RW         1564    .bss                c_w.l(libspace.o)
    0x2000051c   0x080088d6   0x00000004   PAD
    0x20000520        -       0x00000400   Zero   RW          731    HEAP                startup_stm32f10x_md.o
    0x20000920        -       0x00000400   Zero   RW          730    STACK               startup_stm32f10x_md.o


==============================================================================

Image component sizes


      Code (inc. data)   RO Data    RW Data    ZI Data      Debug   Object Name

       612         60          0         13         10       2166   ad.o
        28          0          0          4          0        615   bsp.o
       116         22          0          4          0        545   control_task.o
       368         36          0          6          0       1587   key.o
       108         12          0          0          0        491   led.o
       484        146          0          0          0     231779   main.o
       220         22          0          0          0       1741   misc.o
      1332         88          0         38         64       7361   nrf24l01.o
      5376         50          0          0       1024      15167   oled.o
         0          0       3516          0          0       1385   oled_data.o
        64         26        236          0       2048        772   startup_stm32f10x_md.o
      1102         26          0          0          0      10985   stm32f10x_adc.o
       860         38          0          0          0       5673   stm32f10x_gpio.o
        26          0          0          0          0      44546   stm32f10x_it.o
       932         36          0         20          0       8824   stm32f10x_rcc.o
      3610         88          0          0          0      22784   stm32f10x_tim.o
      1032         22          0          0          0       8400   stm32f10x_usart.o
       480         38          0         20          0       1647   system_stm32f10x.o
       124          4          0          0          0     212935   timer_1.o
       588         10          0          0          0       5926   usart.o
       208         12          0          2          0       1031   usart_1.o

    ----------------------------------------------------------------------
     17676        736       3784        112       3148     586360   Object Totals
         0          0         32          0          0          0   (incl. Generated)
         6          0          0          5          2          0   (incl. Padding)

    ----------------------------------------------------------------------

      Code (inc. data)   RO Data    RW Data    ZI Data      Debug   Library Member Name

        44          6          0          0          0         84   __2sprintf.o
         8          0          0          0          0         68   __main.o
       392          4         17          0          0         92   __printf_flags_ss_wp.o
        14          0          0          0          0         68   __printf_wp.o
         0          0          0          0          0          0   __rtentry.o
        12          0          0          0          0          0   __rtentry2.o
         6          0          0          0          0          0   __rtentry4.o
        52          8          0          0          0          0   __scatter.o
        26          0          0          0          0          0   __scatter_copy.o
        28          0          0          0          0          0   __scatter_zi.o
         6          0          0          0          0          0   _printf_a.o
         6          0          0          0          0          0   _printf_c.o
        44          0          0          0          0        108   _printf_char.o
        48          6          0          0          0         96   _printf_char_common.o
        40          0          0          0          0         68   _printf_charcount.o
         6          0          0          0          0          0   _printf_d.o
       120         16          0          0          0         92   _printf_dec.o
         6          0          0          0          0          0   _printf_e.o
         6          0          0          0          0          0   _printf_f.o
      1054          0          0          0          0        216   _printf_fp_dec.o
       764          8         38          0          0        100   _printf_fp_hex.o
       128         16          0          0          0         84   _printf_fp_infnan.o
         6          0          0          0          0          0   _printf_g.o
       148          4         40          0          0        160   _printf_hex_int_ll_ptr.o
         6          0          0          0          0          0   _printf_i.o
       178          0          0          0          0         88   _printf_intcommon.o
        10          0          0          0          0          0   _printf_l.o
         6          0          0          0          0          0   _printf_lc.o
        10          0          0          0          0          0   _printf_ll.o
         6          0          0          0          0          0   _printf_lld.o
         6          0          0          0          0          0   _printf_lli.o
         6          0          0          0          0          0   _printf_llo.o
         6          0          0          0          0          0   _printf_llu.o
         6          0          0          0          0          0   _printf_llx.o
       124         16          0          0          0         92   _printf_longlong_dec.o
         6          0          0          0          0          0   _printf_ls.o
         6          0          0          0          0          0   _printf_n.o
         6          0          0          0          0          0   _printf_o.o
       112         10          0          0          0        124   _printf_oct_int_ll.o
         6          0          0          0          0          0   _printf_p.o
        78          0          0          0          0        108   _printf_pad.o
         0          0          0          0          0          0   _printf_percent.o
         4          0          0          0          0          0   _printf_percent_end.o
         6          0          0          0          0          0   _printf_s.o
        82          0          0          0          0         80   _printf_str.o
        36          0          0          0          0         84   _printf_truncate.o
         6          0          0          0          0          0   _printf_u.o
        44          0          0          0          0        108   _printf_wchar.o
       188          6          8          0          0         92   _printf_wctomb.o
         6          0          0          0          0          0   _printf_x.o
        22          0          0          0          0        100   _rserrno.o
        10          0          0          0          0         68   _sputc.o
        64          0          0          0          0         92   _wcrtomb.o
       228          4        148          0          0         96   bigflt0.o
      1936        128          0          0          0        672   btod.o
        18          0          0          0          0         80   exit.o
         6          0          0          0          0        152   heapauxi.o
        44         10        272          0          0         76   lc_ctype_c.o
        44         10         28          0          0         76   lc_numeric_c.o
         2          0          0          0          0          0   libinit.o
        30          0          0          0          0          0   libinit2.o
         2          0          0          0          0          0   libshutdown.o
         2          0          0          0          0          0   libshutdown2.o
         8          4          0          0         96         68   libspace.o
       138          0          0          0          0         80   lludiv10.o
        16          4          0          0          0         76   rt_ctype_table.o
         8          4          0          0          0         68   rt_errno_addr_intlibspace.o
         8          4          0          0          0         68   rt_locale_intlibspace.o
        68          0          0          0          0         68   rt_memclr.o
        78          0          0          0          0         80   rt_memclr_w.o
         2          0          0          0          0          0   rtexit.o
        10          0          0          0          0          0   rtexit2.o
       128          0          0          0          0         68   strcmpv7m.o
        74          0          0          0          0         80   sys_stackheap_outer.o
         2          0          0          0          0         68   use_no_semi.o
         2          0          0          0          0         68   use_no_semi_2.o
        36          4          0          0          0         76   vsprintf.o
        98          4          0          0          0         92   d2f.o
       826         16          0          0          0        348   daddsub_clz.o
        16          4          0          0          0         68   dcheck1.o
        24          0          0          0          0         68   dcmpi.o
       688        140          0          0          0        208   ddiv.o
       120          4          0          0          0         92   deqf.o
        94          4          0          0          0         92   dfix.o
        90          4          0          0          0         92   dfixu.o
        84          0          0          0          0        136   dflt_clz.o
       120          4          0          0          0         92   dleqf.o
       340         12          0          0          0        104   dmul.o
       156          4          0          0          0         92   dnaninf.o
        12          0          0          0          0         68   dretinf.o
       108          0          0          0          0         80   drleqf.o
       180          4          0          0          0         80   drnd.o
        86          4          0          0          0         84   f2d.o
       430          8          0          0          0        168   faddsub_clz.o
        24          0          0          0          0         68   fcmpi.o
       388         76          0          0          0         96   fdiv.o
        86          0          0          0          0        136   fflt_clz.o
       104          4          0          0          0         84   fleqf.o
       140          4          0          0          0         84   fnaninf.o
        10          0          0          0          0         68   fretinf.o
         4          0          0          0          0         68   printf1.o
         4          0          0          0          0         68   printf2.o
       100          0          0          0          0         68   retnan.o
        92          0          0          0          0         68   scalbn.o
        48          0          0          0          0         68   trapv.o
         0          0          0          0          0          0   usenofp.o
       544         70        152          0          0        124   atan.o
       412         38          0          0          0        144   atan2.o
        26          6          0          0          0        204   dunder.o
        40          0          0          0          0         68   fpclassify.o
       170          0          0          0          0         96   poly.o
         0          0          8          0          0          0   qnan.o
       148         12          0          0          0         88   round.o

    ----------------------------------------------------------------------
     12742        694        718          0        100       7856   Library Totals
        30          0          7          0          4          0   (incl. Padding)

    ----------------------------------------------------------------------

      Code (inc. data)   RO Data    RW Data    ZI Data      Debug   Library Name

      6900        272        551          0         96       4292   c_w.l
      4472        296          0          0          0       2840   fz_ws.l
      1340        126        160          0          0        724   m_ws.l

    ----------------------------------------------------------------------
     12742        694        718          0        100       7856   Library Totals

    ----------------------------------------------------------------------

==============================================================================


      Code (inc. data)   RO Data    RW Data    ZI Data      Debug   

     30418       1430       4502        112       3248     588180   Grand Totals
     30418       1430       4502        112       3248     588180   ELF Image Totals
     30418       1430       4502        112          0          0   ROM Totals

==============================================================================

    Total RO  Size (Code + RO Data)                34920 (  34.10kB)
    Total RW  Size (RW Data + ZI Data)              3360 (   3.28kB)
    Total ROM Size (Code + RO Data + RW Data)      35032 (  34.21kB)

==============================================================================

